[ 0][t 0][1657042821.574565410][Client.cpp:288]	Receive is called after Client destroy, or simultaneously from different threads
[ 0][t 0][1657048335.685080528][Client.cpp:288]	Receive is called after Client destroy, or simultaneously from different threads
[ 0][t 0][1657050398.327427387][Client.cpp:288]	Receive is called after Client destroy, or simultaneously from different threads
[ 0][t 0][1657098623.768967628][Client.cpp:288]	Receive is called after Client destroy, or simultaneously from different threads
[ 0][t 0][1657099812.257145881][Client.cpp:288]	Receive is called after Client destroy, or simultaneously from different threads
[ 0][t 0][1657099903.050361633][Client.cpp:288]	Receive is called after Client destroy, or simultaneously from different threads
[ 0][t 0][1657101798.598218441][Client.cpp:288]	Receive is called after Client destroy, or simultaneously from different threads
[ 0][t 0][1657101885.323504686][Client.cpp:288]	Receive is called after Client destroy, or simultaneously from different threads
[ 0][t 0][1657104367.516675233][Client.cpp:288]	Receive is called after Client destroy, or simultaneously from different threads
[ 0][t 0][1657104376.500130176][Client.cpp:288]	Receive is called after Client destroy, or simultaneously from different threads
[ 0][t 0][1657105876.096415758][Client.cpp:288]	Receive is called after Client destroy, or simultaneously from different threads
[ 0][t 0][1657111363.358787775][Client.cpp:288]	Receive is called after Client destroy, or simultaneously from different threads
[ 1][t 4][1657554144.607200145][MessagesManager.cpp:12141][#1][!UpdatesManager]	Have unknown 4 unread messages up to server message 218 in chat -1001664019402 with last_new_message_id = server message 213, last_message_id = server message 213, last_database_message_id = server message 213 from updateReadChannelInbox
[ 1][t 3][1657554186.546272754][MessagesManager.cpp:34229][#1][!Td]	Ignore server message 6444 in chat -1001403904978 received not through update from updateEditChannelMessage. The maximum allowed is server message 6424, last is server message 6424, being added message is invalid message 0, channel difference chat -1001403904978 message {
  id = 6757023744
  sender_id = messageSenderChat {
    chat_id = -1001403904978
  }
  chat_id = -1001403904978
  sending_state = null
  scheduling_state = null
  is_outgoing = false
  is_pinned = false
  can_be_edited = false
  can_be_forwarded = true
  can_be_saved = true
  can_be_deleted_only_for_self = false
  can_be_deleted_for_all_users = false
  can_get_added_reactions = false
  can_get_statistics = false
  can_get_message_thread = false
  can_get_viewers = false
  can_get_media_timestamp_links = true
  has_timestamped_media = true
  is_channel_post = true
  contains_unread_mention = false
  date = 1657537562
  edit_date = 0
  forward_info = null
  interaction_info = messageInteractionInfo {
    view_count = 5945
    forward_count = 44
    reply_info = null
    reactions = vector[0] {
    }
  }
  unread_reactions = vector[0] {
  }
  reply_in_chat_id = 0
  reply_to_message_id = 0
  message_thread_id = 0
  ttl = 0
  ttl_expires_in = 0.000000
  via_bot_user_id = 0
  author_signature = ""
  media_album_id = 0
  restriction_reason = ""
  content = messagePhoto {
    photo = photo {
      has_stickers = false
      minithumbnail = minithumbnail {
        width = 40
        height = 40
        data = bytes [823] { FF D8 FF E0 00 10 4A 46 49 46 00 01 01 00 00 01 00 01 00 00 FF DB 00 43 00 28 1C 1E 23 1E 19 28 23 21 23 2D 2B 28 30 3C 64 41 3C 37 37 3C 7B 58 5D 49 64 91 80 99 96 8F 80 8C 8A A0 B4 E6 C3 A0 ...}
      }
      sizes = vector[2] {
        photoSize {
          type = "m"
          photo = file {
            id = 696
            size = 30934
            expected_size = 30934
            local = localFile {
              path = ""
              can_be_downloaded = true
              can_be_deleted = false
              is_downloading_active = false
              is_downloading_completed = false
              download_offset = 0
              downloaded_prefix_size = 0
              downloaded_size = 0
            }
            remote = remoteFile {
              id = "AgACAgIAAx0CU63j0gACGSxizEUK5L_LHpuGNOmhrNyvekf0EAACh70xG_U2UEpoYBBX64l4swEAAwIAA20AAykE"
              unique_id = "AQADh70xG_U2UEpy"
              is_uploading_active = false
              is_uploading_completed = true
              uploaded_size = 30934
            }
          }
          width = 320
          height = 320
          progressive_sizes = vector[0] {
          }
        }
        photoSize {
          type = "x"
          photo = file {
            id = 697
            size = 102023
            expected_size = 102023
            local = localFile {
              path = ""
              can_be_downloaded = true
              can_be_deleted = false
              is_downloading_active = false
              is_downloading_completed = false
              download_offset = 0
              downloaded_prefix_size = 0
              downloaded_size = 0
            }
            remote = remoteFile {
              id = "AgACAgIAAx0CU63j0gACGSxizEUK5L_LHpuGNOmhrNyvekf0EAACh70xG_U2UEpoYBBX64l4swEAAwIAA3gAAykE"
              unique_id = "AQADh70xG_U2UEp9"
              is_uploading_active = false
              is_uploading_completed = true
              uploaded_size = 102023
            }
          }
          width = 736
          height = 736
          progressive_sizes = vector[0] {
          }
        }
      }
    }
    caption = formattedText {
      text = "ожидание: работа от выходных до выходных 

реальность: узнаёшь, что такое саморазвитие, выбираешь себя, находишь любимое дело, имеешь финансовую независимость, здоровую психику, каждый день узнаёшь что-то новое и общаешься с успешными людьми, пассивная жизнь больше не про тебя
#мотивация"
      entities = vector[3] {
        textEntity {
          offset = 0
          length = 9
          type = textEntityTypeBold {
          }
        }
        textEntity {
          offset = 43
          length = 11
          type = textEntityTypeBold {
          }
        }
        textEntity {
          offset = 278
          length = 10
          type = textEntityTypeHashtag {
          }
        }
      }
    }
    is_secret = false
  }
  reply_markup = replyMarkupInlineKeyboard {
    rows = vector[1] {
      vector[2] {
        inlineKeyboardButton {
          text = "👍🏻 478"
          type = inlineKeyboardButtonTypeCallback {
            data = bytes [53] { 63 6F 75 6E 74 76 33 3A 2D 31 30 30 31 34 30 33 39 30 34 39 37 38 2F 36 32 63 61 37 30 31 39 33 62 61 30 33 35 35 35 61 61 36 65 64 63 63 37 3A 48 55 6C 3A 30 }
          }
        }
        inlineKeyboardButton {
          text = "👎🏻 12"
          type = inlineKeyboardButtonTypeCallback {
            data = bytes [53] { 63 6F 75 6E 74 76 33 3A 2D 31 30 30 31 34 30 33 39 30 34 39 37 38 2F 36 32 63 61 37 30 31 39 33 62 61 30 33 35 35 35 61 61 36 65 64 63 63 37 3A 48 55 6C 3A 31 }
          }
        }
      }
    }
  }
}
[ 1][t 3][1657554186.546582937][MessagesManager.cpp:34229][#1][!Td]	Ignore server message 6435 in chat -1001403904978 received not through update from updateEditChannelMessage. The maximum allowed is server message 6424, last is server message 6424, being added message is invalid message 0, channel difference chat -1001403904978 message {
  id = 6747586560
  sender_id = messageSenderChat {
    chat_id = -1001403904978
  }
  chat_id = -1001403904978
  sending_state = null
  scheduling_state = null
  is_outgoing = false
  is_pinned = false
  can_be_edited = false
  can_be_forwarded = true
  can_be_saved = true
  can_be_deleted_only_for_self = false
  can_be_deleted_for_all_users = false
  can_get_added_reactions = false
  can_get_statistics = false
  can_get_message_thread = false
  can_get_viewers = false
  can_get_media_timestamp_links = true
  has_timestamped_media = true
  is_channel_post = true
  contains_unread_mention = false
  date = 1657477140
  edit_date = 0
  forward_info = null
  interaction_info = messageInteractionInfo {
    view_count = 10667
    forward_count = 149
    reply_info = null
    reactions = vector[0] {
    }
  }
  unread_reactions = vector[0] {
  }
  reply_in_chat_id = 0
  reply_to_message_id = 0
  message_thread_id = 0
  ttl = 0
  ttl_expires_in = 0.000000
  via_bot_user_id = 0
  author_signature = ""
  media_album_id = 0
  restriction_reason = ""
  content = messagePhoto {
    photo = photo {
      has_stickers = false
      minithumbnail = minithumbnail {
        width = 40
        height = 40
        data = bytes [837] { FF D8 FF E0 00 10 4A 46 49 46 00 01 01 00 00 01 00 01 00 00 FF DB 00 43 00 28 1C 1E 23 1E 19 28 23 21 23 2D 2B 28 30 3C 64 41 3C 37 37 3C 7B 58 5D 49 64 91 80 99 96 8F 80 8C 8A A0 B4 E6 C3 A0 ...}
      }
      sizes = vector[2] {
        photoSize {
          type = "m"
          photo = file {
            id = 698
            size = 36045
            expected_size = 36045
            local = localFile {
              path = ""
              can_be_downloaded = true
              can_be_deleted = false
              is_downloading_active = false
              is_downloading_completed = false
              download_offset = 0
              downloaded_prefix_size = 0
              downloaded_size = 0
            }
            remote = remoteFile {
              id = "AgACAgIAAx0CU63j0gACGSNizEUKF3DcW-jHE8KkuxArpiexDwAC08ExG_3sSUoYPIjH_3C_9wEAAwIAA20AAykE"
              unique_id = "AQAD08ExG_3sSUpy"
              is_uploading_active = false
              is_uploading_completed = true
              uploaded_size = 36045
            }
          }
          width = 320
          height = 320
          progressive_sizes = vector[0] {
          }
        }
        photoSize {
          type = "x"
          photo = file {
            id = 699
            size = 124828
            expected_size = 124828
            local = localFile {
              path = ""
              can_be_downloaded = true
              can_be_deleted = false
              is_downloading_active = false
              is_downloading_completed = false
              download_offset = 0
              downloaded_prefix_size = 0
              downloaded_size = 0
            }
            remote = remoteFile {
              id = "AgACAgIAAx0CU63j0gACGSNizEUKF3DcW-jHE8KkuxArpiexDwAC08ExG_3sSUoYPIjH_3C_9wEAAwIAA3gAAykE"
              unique_id = "AQAD08ExG_3sSUp9"
              is_uploading_active = false
              is_uploading_completed = true
              uploaded_size = 124828
            }
          }
          width = 736
          height = 736
          progressive_sizes = vector[0] {
          }
        }
      }
    }
    caption = formattedText {
      text = "у вас бывает такое, что ничего не хочется. смотреть фильмы/сериалы — тошно, читать — скучно, видео на ютубе — неинтересно, заниматься уроками — вообще ужас. просто лежишь и чувство, будто ты застрял во времени, а всё вокруг двигается дальше, обходя тебя стороной. просто знай, что это состояние пройдёт. ты снова почувствуешь прилив сил для реализации своих целей. просто дай себе время. это тоже часть твоего пути. 
#мотивация"
      entities = vector[1] {
        textEntity {
          offset = 417
          length = 10
          type = textEntityTypeHashtag {
          }
        }
      }
    }
    is_secret = false
  }
  reply_markup = replyMarkupInlineKeyboard {
    rows = vector[1] {
      vector[2] {
        inlineKeyboardButton {
          text = "👍🏻 1183"
          type = inlineKeyboardButtonTypeCallback {
            data = bytes [53] { 63 6F 75 6E 74 76 33 3A 2D 31 30 30 31 34 30 33 39 30 34 39 37 38 2F 36 32 63 39 30 33 62 31 33 62 61 30 33 35 34 30 64 31 36 63 66 34 35 36 3A 48 55 6C 3A 30 }
          }
        }
        inlineKeyboardButton {
          text = "👎🏻 8"
          type = inlineKeyboardButtonTypeCallback {
            data = bytes [53] { 63 6F 75 6E 74 76 33 3A 2D 31 30 30 31 34 30 33 39 30 34 39 37 38 2F 36 32 63 39 30 33 62 31 33 62 61 30 33 35 34 30 64 31 36 63 66 34 35 36 3A 48 55 6C 3A 31 }
          }
        }
      }
    }
  }
}
[ 1][t 3][1657554189.889859437][MessagesManager.cpp:12141][#1][!Td]	Have unknown 14 unread messages up to server message 1422 in chat -1001694925716 with last_new_message_id = server message 1390, last_message_id = server message 1390, last_database_message_id = server message 1390 from ChannelFull
[ 1][t 3][1657554191.903108119][MessagesManager.cpp:12141][#1][!Td]	Have unknown 4 unread messages up to server message 6938 in chat -1001238807917 with last_new_message_id = server message 6933, last_message_id = server message 6933, last_database_message_id = server message 6933 from ChannelFull
[ 1][t 3][1657554193.891300916][MessagesManager.cpp:34229][#1][!Td]	Ignore server message 6436 in chat -1001403904978 received not through update from updateEditChannelMessage. The maximum allowed is server message 6424, last is server message 6424, being added message is invalid message 0, channel difference chat 0 message {
  id = 6748635136
  sender_id = messageSenderChat {
    chat_id = -1001403904978
  }
  chat_id = -1001403904978
  sending_state = null
  scheduling_state = null
  is_outgoing = false
  is_pinned = false
  can_be_edited = false
  can_be_forwarded = true
  can_be_saved = true
  can_be_deleted_only_for_self = false
  can_be_deleted_for_all_users = false
  can_get_added_reactions = false
  can_get_statistics = false
  can_get_message_thread = false
  can_get_viewers = false
  can_get_media_timestamp_links = true
  has_timestamped_media = true
  is_channel_post = true
  contains_unread_mention = false
  date = 1657515921
  edit_date = 0
  forward_info = null
  interaction_info = messageInteractionInfo {
    view_count = 8876
    forward_count = 122
    reply_info = null
    reactions = vector[0] {
    }
  }
  unread_reactions = vector[0] {
  }
  reply_in_chat_id = 0
  reply_to_message_id = 0
  message_thread_id = 0
  ttl = 0
  ttl_expires_in = 0.000000
  via_bot_user_id = 0
  author_signature = ""
  media_album_id = 0
  restriction_reason = ""
  content = messagePhoto {
    photo = photo {
      has_stickers = false
      minithumbnail = minithumbnail {
        width = 40
        height = 40
        data = bytes [824] { FF D8 FF E0 00 10 4A 46 49 46 00 01 01 00 00 01 00 01 00 00 FF DB 00 43 00 28 1C 1E 23 1E 19 28 23 21 23 2D 2B 28 30 3C 64 41 3C 37 37 3C 7B 58 5D 49 64 91 80 99 96 8F 80 8C 8A A0 B4 E6 C3 A0 ...}
      }
      sizes = vector[2] {
        photoSize {
          type = "m"
          photo = file {
            id = 1596
            size = 28463
            expected_size = 28463
            local = localFile {
              path = ""
              can_be_downloaded = true
              can_be_deleted = false
              is_downloading_active = false
              is_downloading_completed = false
              download_offset = 0
              downloaded_prefix_size = 0
              downloaded_size = 0
            }
            remote = remoteFile {
              id = "AgACAgIAAx0CU63j0gACGSRizEUPG0yfrrCaHQRM_2Xp9YC7ZAAChr0xG_U2UEpkcdPmXtFPFgEAAwIAA20AAykE"
              unique_id = "AQADhr0xG_U2UEpy"
              is_uploading_active = false
              is_uploading_completed = true
              uploaded_size = 28463
            }
          }
          width = 320
          height = 320
          progressive_sizes = vector[0] {
          }
        }
        photoSize {
          type = "x"
          photo = file {
            id = 1597
            size = 92975
            expected_size = 92975
            local = localFile {
              path = ""
              can_be_downloaded = true
              can_be_deleted = false
              is_downloading_active = false
              is_downloading_completed = false
              download_offset = 0
              downloaded_prefix_size = 0
              downloaded_size = 0
            }
            remote = remoteFile {
              id = "AgACAgIAAx0CU63j0gACGSRizEUPG0yfrrCaHQRM_2Xp9YC7ZAAChr0xG_U2UEpkcdPmXtFPFgEAAwIAA3gAAykE"
              unique_id = "AQADhr0xG_U2UEp9"
              is_uploading_active = false
              is_uploading_completed = true
              uploaded_size = 92975
            }
          }
          width = 736
          height = 736
          progressive_sizes = vector[0] {
          }
        }
      }
    }
    caption = formattedText {
      text = "📌ВАЖНОЕ НАПОМИНАНИЕ: 

ты молодец, ты у себя такая умничка, и не важно, если сегодня у тебя прошёл не такой уж и продуктивный день, главное, ты стараешься, я вижу, как ты стараешься, я вижу, как ты мечтаешь, я вижу, как ты стремишься, и поэтому ты молодец. 
#мотивация"
      entities = vector[2] {
        textEntity {
          offset = 2
          length = 20
          type = textEntityTypeBold {
          }
        }
        textEntity {
          offset = 259
          length = 10
          type = textEntityTypeHashtag {
          }
        }
      }
    }
    is_secret = false
  }
  reply_markup = replyMarkupInlineKeyboard {
    rows = vector[1] {
      vector[2] {
        inlineKeyboardButton {
          text = "👍🏻 926"
          type = inlineKeyboardButtonTypeCallback {
            data = bytes [53] { 63 6F 75 6E 74 76 33 3A 2D 31 30 30 31 34 30 33 39 30 34 39 37 38 2F 36 32 63 61 36 66 66 62 34 65 33 64 38 38 61 66 61 66 36 63 30 33 35 34 3A 48 55 6C 3A 30 }
          }
        }
        inlineKeyboardButton {
          text = "👎🏻 10"
          type = inlineKeyboardButtonTypeCallback {
            data = bytes [53] { 63 6F 75 6E 74 76 33 3A 2D 31 30 30 31 34 30 33 39 30 34 39 37 38 2F 36 32 63 61 36 66 66 62 34 65 33 64 38 38 61 66 61 66 36 63 30 33 35 34 3A 48 55 6C 3A 31 }
          }
        }
      }
    }
  }
}
[ 1][t 3][1657554195.907764911][MessagesManager.cpp:12141][#1][!Td]	Have unknown 14 unread messages up to server message 5678 in chat -1001797066937 with last_new_message_id = server message 5649, last_message_id = server message 5649, last_database_message_id = server message 5649 from ChannelFull
[ 1][t 3][1657554232.250902652][MessagesManager.cpp:34229][#1][!Td]	Ignore server message 6435 in chat -1001403904978 received not through update from updateEditChannelMessage. The maximum allowed is server message 6424, last is server message 6424, being added message is invalid message 0, channel difference chat 0 message {
  id = 6747586560
  sender_id = messageSenderChat {
    chat_id = -1001403904978
  }
  chat_id = -1001403904978
  sending_state = null
  scheduling_state = null
  is_outgoing = false
  is_pinned = false
  can_be_edited = false
  can_be_forwarded = true
  can_be_saved = true
  can_be_deleted_only_for_self = false
  can_be_deleted_for_all_users = false
  can_get_added_reactions = false
  can_get_statistics = false
  can_get_message_thread = false
  can_get_viewers = false
  can_get_media_timestamp_links = true
  has_timestamped_media = true
  is_channel_post = true
  contains_unread_mention = false
  date = 1657477140
  edit_date = 0
  forward_info = null
  interaction_info = messageInteractionInfo {
    view_count = 10697
    forward_count = 149
    reply_info = null
    reactions = vector[0] {
    }
  }
  unread_reactions = vector[0] {
  }
  reply_in_chat_id = 0
  reply_to_message_id = 0
  message_thread_id = 0
  ttl = 0
  ttl_expires_in = 0.000000
  via_bot_user_id = 0
  author_signature = ""
  media_album_id = 0
  restriction_reason = ""
  content = messagePhoto {
    photo = photo {
      has_stickers = false
      minithumbnail = minithumbnail {
        width = 40
        height = 40
        data = bytes [837] { FF D8 FF E0 00 10 4A 46 49 46 00 01 01 00 00 01 00 01 00 00 FF DB 00 43 00 28 1C 1E 23 1E 19 28 23 21 23 2D 2B 28 30 3C 64 41 3C 37 37 3C 7B 58 5D 49 64 91 80 99 96 8F 80 8C 8A A0 B4 E6 C3 A0 ...}
      }
      sizes = vector[2] {
        photoSize {
          type = "m"
          photo = file {
            id = 698
            size = 36045
            expected_size = 36045
            local = localFile {
              path = ""
              can_be_downloaded = true
              can_be_deleted = false
              is_downloading_active = false
              is_downloading_completed = false
              download_offset = 0
              downloaded_prefix_size = 0
              downloaded_size = 0
            }
            remote = remoteFile {
              id = "AgACAgIAAx0CU63j0gACGSNizEUe4TtMdPH_IobyUdYREEVzsQAC08ExG_3sSUqh2Fs1YiEeawEAAwIAA20AAykE"
              unique_id = "AQAD08ExG_3sSUpy"
              is_uploading_active = false
              is_uploading_completed = true
              uploaded_size = 36045
            }
          }
          width = 320
          height = 320
          progressive_sizes = vector[0] {
          }
        }
        photoSize {
          type = "x"
          photo = file {
            id = 699
            size = 124828
            expected_size = 124828
            local = localFile {
              path = ""
              can_be_downloaded = true
              can_be_deleted = false
              is_downloading_active = false
              is_downloading_completed = false
              download_offset = 0
              downloaded_prefix_size = 0
              downloaded_size = 0
            }
            remote = remoteFile {
              id = "AgACAgIAAx0CU63j0gACGSNizEUe4TtMdPH_IobyUdYREEVzsQAC08ExG_3sSUqh2Fs1YiEeawEAAwIAA3gAAykE"
              unique_id = "AQAD08ExG_3sSUp9"
              is_uploading_active = false
              is_uploading_completed = true
              uploaded_size = 124828
            }
          }
          width = 736
          height = 736
          progressive_sizes = vector[0] {
          }
        }
      }
    }
    caption = formattedText {
      text = "у вас бывает такое, что ничего не хочется. смотреть фильмы/сериалы — тошно, читать — скучно, видео на ютубе — неинтересно, заниматься уроками — вообще ужас. просто лежишь и чувство, будто ты застрял во времени, а всё вокруг двигается дальше, обходя тебя стороной. просто знай, что это состояние пройдёт. ты снова почувствуешь прилив сил для реализации своих целей. просто дай себе время. это тоже часть твоего пути. 
#мотивация"
      entities = vector[1] {
        textEntity {
          offset = 417
          length = 10
          type = textEntityTypeHashtag {
          }
        }
      }
    }
    is_secret = false
  }
  reply_markup = replyMarkupInlineKeyboard {
    rows = vector[1] {
      vector[2] {
        inlineKeyboardButton {
          text = "👍🏻 1184"
          type = inlineKeyboardButtonTypeCallback {
            data = bytes [53] { 63 6F 75 6E 74 76 33 3A 2D 31 30 30 31 34 30 33 39 30 34 39 37 38 2F 36 32 63 39 30 33 62 31 33 62 61 30 33 35 34 30 64 31 36 63 66 34 35 36 3A 48 55 6C 3A 30 }
          }
        }
        inlineKeyboardButton {
          text = "👎🏻 8"
          type = inlineKeyboardButtonTypeCallback {
            data = bytes [53] { 63 6F 75 6E 74 76 33 3A 2D 31 30 30 31 34 30 33 39 30 34 39 37 38 2F 36 32 63 39 30 33 62 31 33 62 61 30 33 35 34 30 64 31 36 63 66 34 35 36 3A 48 55 6C 3A 31 }
          }
        }
      }
    }
  }
}
[ 1][t 3][1657554232.251432180][MessagesManager.cpp:34229][#1][!Td]	Ignore server message 6444 in chat -1001403904978 received not through update from updateEditChannelMessage. The maximum allowed is server message 6424, last is server message 6424, being added message is invalid message 0, channel difference chat 0 message {
  id = 6757023744
  sender_id = messageSenderChat {
    chat_id = -1001403904978
  }
  chat_id = -1001403904978
  sending_state = null
  scheduling_state = null
  is_outgoing = false
  is_pinned = false
  can_be_edited = false
  can_be_forwarded = true
  can_be_saved = true
  can_be_deleted_only_for_self = false
  can_be_deleted_for_all_users = false
  can_get_added_reactions = false
  can_get_statistics = false
  can_get_message_thread = false
  can_get_viewers = false
  can_get_media_timestamp_links = true
  has_timestamped_media = true
  is_channel_post = true
  contains_unread_mention = false
  date = 1657537562
  edit_date = 0
  forward_info = null
  interaction_info = messageInteractionInfo {
    view_count = 5945
    forward_count = 44
    reply_info = null
    reactions = vector[0] {
    }
  }
  unread_reactions = vector[0] {
  }
  reply_in_chat_id = 0
  reply_to_message_id = 0
  message_thread_id = 0
  ttl = 0
  ttl_expires_in = 0.000000
  via_bot_user_id = 0
  author_signature = ""
  media_album_id = 0
  restriction_reason = ""
  content = messagePhoto {
    photo = photo {
      has_stickers = false
      minithumbnail = minithumbnail {
        width = 40
        height = 40
        data = bytes [823] { FF D8 FF E0 00 10 4A 46 49 46 00 01 01 00 00 01 00 01 00 00 FF DB 00 43 00 28 1C 1E 23 1E 19 28 23 21 23 2D 2B 28 30 3C 64 41 3C 37 37 3C 7B 58 5D 49 64 91 80 99 96 8F 80 8C 8A A0 B4 E6 C3 A0 ...}
      }
      sizes = vector[2] {
        photoSize {
          type = "m"
          photo = file {
            id = 696
            size = 30934
            expected_size = 30934
            local = localFile {
              path = ""
              can_be_downloaded = true
              can_be_deleted = false
              is_downloading_active = false
              is_downloading_completed = false
              download_offset = 0
              downloaded_prefix_size = 0
              downloaded_size = 0
            }
            remote = remoteFile {
              id = "AgACAgIAAx0CU63j0gACGSxizEUo9qC6W7XkqJzK0LOunGBBRQACh70xG_U2UEq8fYoVJWE4pAEAAwIAA20AAykE"
              unique_id = "AQADh70xG_U2UEpy"
              is_uploading_active = false
              is_uploading_completed = true
              uploaded_size = 30934
            }
          }
          width = 320
          height = 320
          progressive_sizes = vector[0] {
          }
        }
        photoSize {
          type = "x"
          photo = file {
            id = 697
            size = 102023
            expected_size = 102023
            local = localFile {
              path = ""
              can_be_downloaded = true
              can_be_deleted = false
              is_downloading_active = false
              is_downloading_completed = false
              download_offset = 0
              downloaded_prefix_size = 0
              downloaded_size = 0
            }
            remote = remoteFile {
              id = "AgACAgIAAx0CU63j0gACGSxizEUo9qC6W7XkqJzK0LOunGBBRQACh70xG_U2UEq8fYoVJWE4pAEAAwIAA3gAAykE"
              unique_id = "AQADh70xG_U2UEp9"
              is_uploading_active = false
              is_uploading_completed = true
              uploaded_size = 102023
            }
          }
          width = 736
          height = 736
          progressive_sizes = vector[0] {
          }
        }
      }
    }
    caption = formattedText {
      text = "ожидание: работа от выходных до выходных 

реальность: узнаёшь, что такое саморазвитие, выбираешь себя, находишь любимое дело, имеешь финансовую независимость, здоровую психику, каждый день узнаёшь что-то новое и общаешься с успешными людьми, пассивная жизнь больше не про тебя
#мотивация"
      entities = vector[3] {
        textEntity {
          offset = 0
          length = 9
          type = textEntityTypeBold {
          }
        }
        textEntity {
          offset = 43
          length = 11
          type = textEntityTypeBold {
          }
        }
        textEntity {
          offset = 278
          length = 10
          type = textEntityTypeHashtag {
          }
        }
      }
    }
    is_secret = false
  }
  reply_markup = replyMarkupInlineKeyboard {
    rows = vector[1] {
      vector[2] {
        inlineKeyboardButton {
          text = "👍🏻 480"
          type = inlineKeyboardButtonTypeCallback {
            data = bytes [53] { 63 6F 75 6E 74 76 33 3A 2D 31 30 30 31 34 30 33 39 30 34 39 37 38 2F 36 32 63 61 37 30 31 39 33 62 61 30 33 35 35 35 61 61 36 65 64 63 63 37 3A 48 55 6C 3A 30 }
          }
        }
        inlineKeyboardButton {
          text = "👎🏻 12"
          type = inlineKeyboardButtonTypeCallback {
            data = bytes [53] { 63 6F 75 6E 74 76 33 3A 2D 31 30 30 31 34 30 33 39 30 34 39 37 38 2F 36 32 63 61 37 30 31 39 33 62 61 30 33 35 35 35 61 61 36 65 64 63 63 37 3A 48 55 6C 3A 31 }
          }
        }
      }
    }
  }
}
[ 1][t 3][1657554232.251691579][MessagesManager.cpp:34229][#1][!Td]	Ignore server message 6444 in chat -1001403904978 received not through update from updateEditChannelMessage. The maximum allowed is server message 6424, last is server message 6424, being added message is invalid message 0, channel difference chat 0 message {
  id = 6757023744
  sender_id = messageSenderChat {
    chat_id = -1001403904978
  }
  chat_id = -1001403904978
  sending_state = null
  scheduling_state = null
  is_outgoing = false
  is_pinned = false
  can_be_edited = false
  can_be_forwarded = true
  can_be_saved = true
  can_be_deleted_only_for_self = false
  can_be_deleted_for_all_users = false
  can_get_added_reactions = false
  can_get_statistics = false
  can_get_message_thread = false
  can_get_viewers = false
  can_get_media_timestamp_links = true
  has_timestamped_media = true
  is_channel_post = true
  contains_unread_mention = false
  date = 1657537562
  edit_date = 0
  forward_info = null
  interaction_info = messageInteractionInfo {
    view_count = 5945
    forward_count = 44
    reply_info = null
    reactions = vector[0] {
    }
  }
  unread_reactions = vector[0] {
  }
  reply_in_chat_id = 0
  reply_to_message_id = 0
  message_thread_id = 0
  ttl = 0
  ttl_expires_in = 0.000000
  via_bot_user_id = 0
  author_signature = ""
  media_album_id = 0
  restriction_reason = ""
  content = messagePhoto {
    photo = photo {
      has_stickers = false
      minithumbnail = minithumbnail {
        width = 40
        height = 40
        data = bytes [823] { FF D8 FF E0 00 10 4A 46 49 46 00 01 01 00 00 01 00 01 00 00 FF DB 00 43 00 28 1C 1E 23 1E 19 28 23 21 23 2D 2B 28 30 3C 64 41 3C 37 37 3C 7B 58 5D 49 64 91 80 99 96 8F 80 8C 8A A0 B4 E6 C3 A0 ...}
      }
      sizes = vector[2] {
        photoSize {
          type = "m"
          photo = file {
            id = 696
            size = 30934
            expected_size = 30934
            local = localFile {
              path = ""
              can_be_downloaded = true
              can_be_deleted = false
              is_downloading_active = false
              is_downloading_completed = false
              download_offset = 0
              downloaded_prefix_size = 0
              downloaded_size = 0
            }
            remote = remoteFile {
              id = "AgACAgIAAx0CU63j0gACGSxizEUwqjvK0KnXObjdrSWRzJShvAACh70xG_U2UEq8fYoVJWE4pAEAAwIAA20AAykE"
              unique_id = "AQADh70xG_U2UEpy"
              is_uploading_active = false
              is_uploading_completed = true
              uploaded_size = 30934
            }
          }
          width = 320
          height = 320
          progressive_sizes = vector[0] {
          }
        }
        photoSize {
          type = "x"
          photo = file {
            id = 697
            size = 102023
            expected_size = 102023
            local = localFile {
              path = ""
              can_be_downloaded = true
              can_be_deleted = false
              is_downloading_active = false
              is_downloading_completed = false
              download_offset = 0
              downloaded_prefix_size = 0
              downloaded_size = 0
            }
            remote = remoteFile {
              id = "AgACAgIAAx0CU63j0gACGSxizEUwqjvK0KnXObjdrSWRzJShvAACh70xG_U2UEq8fYoVJWE4pAEAAwIAA3gAAykE"
              unique_id = "AQADh70xG_U2UEp9"
              is_uploading_active = false
              is_uploading_completed = true
              uploaded_size = 102023
            }
          }
          width = 736
          height = 736
          progressive_sizes = vector[0] {
          }
        }
      }
    }
    caption = formattedText {
      text = "ожидание: работа от выходных до выходных 

реальность: узнаёшь, что такое саморазвитие, выбираешь себя, находишь любимое дело, имеешь финансовую независимость, здоровую психику, каждый день узнаёшь что-то новое и общаешься с успешными людьми, пассивная жизнь больше не про тебя
#мотивация"
      entities = vector[3] {
        textEntity {
          offset = 0
          length = 9
          type = textEntityTypeBold {
          }
        }
        textEntity {
          offset = 43
          length = 11
          type = textEntityTypeBold {
          }
        }
        textEntity {
          offset = 278
          length = 10
          type = textEntityTypeHashtag {
          }
        }
      }
    }
    is_secret = false
  }
  reply_markup = replyMarkupInlineKeyboard {
    rows = vector[1] {
      vector[2] {
        inlineKeyboardButton {
          text = "👍🏻 481"
          type = inlineKeyboardButtonTypeCallback {
            data = bytes [53] { 63 6F 75 6E 74 76 33 3A 2D 31 30 30 31 34 30 33 39 30 34 39 37 38 2F 36 32 63 61 37 30 31 39 33 62 61 30 33 35 35 35 61 61 36 65 64 63 63 37 3A 48 55 6C 3A 30 }
          }
        }
        inlineKeyboardButton {
          text = "👎🏻 12"
          type = inlineKeyboardButtonTypeCallback {
            data = bytes [53] { 63 6F 75 6E 74 76 33 3A 2D 31 30 30 31 34 30 33 39 30 34 39 37 38 2F 36 32 63 61 37 30 31 39 33 62 61 30 33 35 35 35 61 61 36 65 64 63 63 37 3A 48 55 6C 3A 31 }
          }
        }
      }
    }
  }
}
[ 1][t 4][1657554289.614380359][MessagesManager.cpp:34229][#1][!Td]	Ignore server message 6436 in chat -1001403904978 received not through update from updateEditChannelMessage. The maximum allowed is server message 6424, last is server message 6424, being added message is invalid message 0, channel difference chat -1001403904978 message {
  id = 6748635136
  sender_id = messageSenderChat {
    chat_id = -1001403904978
  }
  chat_id = -1001403904978
  sending_state = null
  scheduling_state = null
  is_outgoing = false
  is_pinned = false
  can_be_edited = false
  can_be_forwarded = true
  can_be_saved = true
  can_be_deleted_only_for_self = false
  can_be_deleted_for_all_users = false
  can_get_added_reactions = false
  can_get_statistics = false
  can_get_message_thread = false
  can_get_viewers = false
  can_get_media_timestamp_links = true
  has_timestamped_media = true
  is_channel_post = true
  contains_unread_mention = false
  date = 1657515921
  edit_date = 0
  forward_info = null
  interaction_info = messageInteractionInfo {
    view_count = 8906
    forward_count = 122
    reply_info = null
    reactions = vector[0] {
    }
  }
  unread_reactions = vector[0] {
  }
  reply_in_chat_id = 0
  reply_to_message_id = 0
  message_thread_id = 0
  ttl = 0
  ttl_expires_in = 0.000000
  via_bot_user_id = 0
  author_signature = ""
  media_album_id = 0
  restriction_reason = ""
  content = messagePhoto {
    photo = photo {
      has_stickers = false
      minithumbnail = minithumbnail {
        width = 40
        height = 40
        data = bytes [824] { FF D8 FF E0 00 10 4A 46 49 46 00 01 01 00 00 01 00 01 00 00 FF DB 00 43 00 28 1C 1E 23 1E 19 28 23 21 23 2D 2B 28 30 3C 64 41 3C 37 37 3C 7B 58 5D 49 64 91 80 99 96 8F 80 8C 8A A0 B4 E6 C3 A0 ...}
      }
      sizes = vector[2] {
        photoSize {
          type = "m"
          photo = file {
            id = 733
            size = 28463
            expected_size = 28463
            local = localFile {
              path = ""
              can_be_downloaded = true
              can_be_deleted = false
              is_downloading_active = false
              is_downloading_completed = false
              download_offset = 0
              downloaded_prefix_size = 0
              downloaded_size = 0
            }
            remote = remoteFile {
              id = "AgACAgIAAx0CU63j0gACGSRizEVxumn08-ZZT45n6v1JMsWW6wAChr0xG_U2UEowLPHv9JfGfwEAAwIAA20AAykE"
              unique_id = "AQADhr0xG_U2UEpy"
              is_uploading_active = false
              is_uploading_completed = true
              uploaded_size = 28463
            }
          }
          width = 320
          height = 320
          progressive_sizes = vector[0] {
          }
        }
        photoSize {
          type = "x"
          photo = file {
            id = 734
            size = 92975
            expected_size = 92975
            local = localFile {
              path = ""
              can_be_downloaded = true
              can_be_deleted = false
              is_downloading_active = false
              is_downloading_completed = false
              download_offset = 0
              downloaded_prefix_size = 0
              downloaded_size = 0
            }
            remote = remoteFile {
              id = "AgACAgIAAx0CU63j0gACGSRizEVxumn08-ZZT45n6v1JMsWW6wAChr0xG_U2UEowLPHv9JfGfwEAAwIAA3gAAykE"
              unique_id = "AQADhr0xG_U2UEp9"
              is_uploading_active = false
              is_uploading_completed = true
              uploaded_size = 92975
            }
          }
          width = 736
          height = 736
          progressive_sizes = vector[0] {
          }
        }
      }
    }
    caption = formattedText {
      text = "📌ВАЖНОЕ НАПОМИНАНИЕ: 

ты молодец, ты у себя такая умничка, и не важно, если сегодня у тебя прошёл не такой уж и продуктивный день, главное, ты стараешься, я вижу, как ты стараешься, я вижу, как ты мечтаешь, я вижу, как ты стремишься, и поэтому ты молодец. 
#мотивация"
      entities = vector[2] {
        textEntity {
          offset = 2
          length = 20
          type = textEntityTypeBold {
          }
        }
        textEntity {
          offset = 259
          length = 10
          type = textEntityTypeHashtag {
          }
        }
      }
    }
    is_secret = false
  }
  reply_markup = replyMarkupInlineKeyboard {
    rows = vector[1] {
      vector[2] {
        inlineKeyboardButton {
          text = "👍🏻 926"
          type = inlineKeyboardButtonTypeCallback {
            data = bytes [53] { 63 6F 75 6E 74 76 33 3A 2D 31 30 30 31 34 30 33 39 30 34 39 37 38 2F 36 32 63 61 36 66 66 62 34 65 33 64 38 38 61 66 61 66 36 63 30 33 35 34 3A 48 55 6C 3A 30 }
          }
        }
        inlineKeyboardButton {
          text = "👎🏻 10"
          type = inlineKeyboardButtonTypeCallback {
            data = bytes [53] { 63 6F 75 6E 74 76 33 3A 2D 31 30 30 31 34 30 33 39 30 34 39 37 38 2F 36 32 63 61 36 66 66 62 34 65 33 64 38 38 61 66 61 66 36 63 30 33 35 34 3A 48 55 6C 3A 31 }
          }
        }
      }
    }
  }
}
[ 1][t 4][1657554289.615168809][MessagesManager.cpp:34229][#1][!Td]	Ignore server message 6435 in chat -1001403904978 received not through update from updateEditChannelMessage. The maximum allowed is server message 6424, last is server message 6424, being added message is invalid message 0, channel difference chat -1001403904978 message {
  id = 6747586560
  sender_id = messageSenderChat {
    chat_id = -1001403904978
  }
  chat_id = -1001403904978
  sending_state = null
  scheduling_state = null
  is_outgoing = false
  is_pinned = false
  can_be_edited = false
  can_be_forwarded = true
  can_be_saved = true
  can_be_deleted_only_for_self = false
  can_be_deleted_for_all_users = false
  can_get_added_reactions = false
  can_get_statistics = false
  can_get_message_thread = false
  can_get_viewers = false
  can_get_media_timestamp_links = true
  has_timestamped_media = true
  is_channel_post = true
  contains_unread_mention = false
  date = 1657477140
  edit_date = 0
  forward_info = null
  interaction_info = messageInteractionInfo {
    view_count = 10697
    forward_count = 149
    reply_info = null
    reactions = vector[0] {
    }
  }
  unread_reactions = vector[0] {
  }
  reply_in_chat_id = 0
  reply_to_message_id = 0
  message_thread_id = 0
  ttl = 0
  ttl_expires_in = 0.000000
  via_bot_user_id = 0
  author_signature = ""
  media_album_id = 0
  restriction_reason = ""
  content = messagePhoto {
    photo = photo {
      has_stickers = false
      minithumbnail = minithumbnail {
        width = 40
        height = 40
        data = bytes [837] { FF D8 FF E0 00 10 4A 46 49 46 00 01 01 00 00 01 00 01 00 00 FF DB 00 43 00 28 1C 1E 23 1E 19 28 23 21 23 2D 2B 28 30 3C 64 41 3C 37 37 3C 7B 58 5D 49 64 91 80 99 96 8F 80 8C 8A A0 B4 E6 C3 A0 ...}
      }
      sizes = vector[2] {
        photoSize {
          type = "m"
          photo = file {
            id = 737
            size = 36045
            expected_size = 36045
            local = localFile {
              path = ""
              can_be_downloaded = true
              can_be_deleted = false
              is_downloading_active = false
              is_downloading_completed = false
              download_offset = 0
              downloaded_prefix_size = 0
              downloaded_size = 0
            }
            remote = remoteFile {
              id = "AgACAgIAAx0CU63j0gACGSNizEVxXtEXlTcyoIPWodZ0tAL4QwAC08ExG_3sSUoYPIjH_3C_9wEAAwIAA20AAykE"
              unique_id = "AQAD08ExG_3sSUpy"
              is_uploading_active = false
              is_uploading_completed = true
              uploaded_size = 36045
            }
          }
          width = 320
          height = 320
          progressive_sizes = vector[0] {
          }
        }
        photoSize {
          type = "x"
          photo = file {
            id = 738
            size = 124828
            expected_size = 124828
            local = localFile {
              path = ""
              can_be_downloaded = true
              can_be_deleted = false
              is_downloading_active = false
              is_downloading_completed = false
              download_offset = 0
              downloaded_prefix_size = 0
              downloaded_size = 0
            }
            remote = remoteFile {
              id = "AgACAgIAAx0CU63j0gACGSNizEVxXtEXlTcyoIPWodZ0tAL4QwAC08ExG_3sSUoYPIjH_3C_9wEAAwIAA3gAAykE"
              unique_id = "AQAD08ExG_3sSUp9"
              is_uploading_active = false
              is_uploading_completed = true
              uploaded_size = 124828
            }
          }
          width = 736
          height = 736
          progressive_sizes = vector[0] {
          }
        }
      }
    }
    caption = formattedText {
      text = "у вас бывает такое, что ничего не хочется. смотреть фильмы/сериалы — тошно, читать — скучно, видео на ютубе — неинтересно, заниматься уроками — вообще ужас. просто лежишь и чувство, будто ты застрял во времени, а всё вокруг двигается дальше, обходя тебя стороной. просто знай, что это состояние пройдёт. ты снова почувствуешь прилив сил для реализации своих целей. просто дай себе время. это тоже часть твоего пути. 
#мотивация"
      entities = vector[1] {
        textEntity {
          offset = 417
          length = 10
          type = textEntityTypeHashtag {
          }
        }
      }
    }
    is_secret = false
  }
  reply_markup = replyMarkupInlineKeyboard {
    rows = vector[1] {
      vector[2] {
        inlineKeyboardButton {
          text = "👍🏻 1184"
          type = inlineKeyboardButtonTypeCallback {
            data = bytes [53] { 63 6F 75 6E 74 76 33 3A 2D 31 30 30 31 34 30 33 39 30 34 39 37 38 2F 36 32 63 39 30 33 62 31 33 62 61 30 33 35 34 30 64 31 36 63 66 34 35 36 3A 48 55 6C 3A 30 }
          }
        }
        inlineKeyboardButton {
          text = "👎🏻 8"
          type = inlineKeyboardButtonTypeCallback {
            data = bytes [53] { 63 6F 75 6E 74 76 33 3A 2D 31 30 30 31 34 30 33 39 30 34 39 37 38 2F 36 32 63 39 30 33 62 31 33 62 61 30 33 35 34 30 64 31 36 63 66 34 35 36 3A 48 55 6C 3A 31 }
          }
        }
      }
    }
  }
}
[ 1][t 4][1657554289.615754365][MessagesManager.cpp:34229][#1][!Td]	Ignore server message 6444 in chat -1001403904978 received not through update from updateEditChannelMessage. The maximum allowed is server message 6424, last is server message 6424, being added message is invalid message 0, channel difference chat -1001403904978 message {
  id = 6757023744
  sender_id = messageSenderChat {
    chat_id = -1001403904978
  }
  chat_id = -1001403904978
  sending_state = null
  scheduling_state = null
  is_outgoing = false
  is_pinned = false
  can_be_edited = false
  can_be_forwarded = true
  can_be_saved = true
  can_be_deleted_only_for_self = false
  can_be_deleted_for_all_users = false
  can_get_added_reactions = false
  can_get_statistics = false
  can_get_message_thread = false
  can_get_viewers = false
  can_get_media_timestamp_links = true
  has_timestamped_media = true
  is_channel_post = true
  contains_unread_mention = false
  date = 1657537562
  edit_date = 0
  forward_info = null
  interaction_info = messageInteractionInfo {
    view_count = 5975
    forward_count = 44
    reply_info = null
    reactions = vector[0] {
    }
  }
  unread_reactions = vector[0] {
  }
  reply_in_chat_id = 0
  reply_to_message_id = 0
  message_thread_id = 0
  ttl = 0
  ttl_expires_in = 0.000000
  via_bot_user_id = 0
  author_signature = ""
  media_album_id = 0
  restriction_reason = ""
  content = messagePhoto {
    photo = photo {
      has_stickers = false
      minithumbnail = minithumbnail {
        width = 40
        height = 40
        data = bytes [823] { FF D8 FF E0 00 10 4A 46 49 46 00 01 01 00 00 01 00 01 00 00 FF DB 00 43 00 28 1C 1E 23 1E 19 28 23 21 23 2D 2B 28 30 3C 64 41 3C 37 37 3C 7B 58 5D 49 64 91 80 99 96 8F 80 8C 8A A0 B4 E6 C3 A0 ...}
      }
      sizes = vector[2] {
        photoSize {
          type = "m"
          photo = file {
            id = 739
            size = 30934
            expected_size = 30934
            local = localFile {
              path = ""
              can_be_downloaded = true
              can_be_deleted = false
              is_downloading_active = false
              is_downloading_completed = false
              download_offset = 0
              downloaded_prefix_size = 0
              downloaded_size = 0
            }
            remote = remoteFile {
              id = "AgACAgIAAx0CU63j0gACGSxizEVx4-v4qKe3sDQaYR2k-UPA5gACh70xG_U2UEpoYBBX64l4swEAAwIAA20AAykE"
              unique_id = "AQADh70xG_U2UEpy"
              is_uploading_active = false
              is_uploading_completed = true
              uploaded_size = 30934
            }
          }
          width = 320
          height = 320
          progressive_sizes = vector[0] {
          }
        }
        photoSize {
          type = "x"
          photo = file {
            id = 740
            size = 102023
            expected_size = 102023
            local = localFile {
              path = ""
              can_be_downloaded = true
              can_be_deleted = false
              is_downloading_active = false
              is_downloading_completed = false
              download_offset = 0
              downloaded_prefix_size = 0
              downloaded_size = 0
            }
            remote = remoteFile {
              id = "AgACAgIAAx0CU63j0gACGSxizEVx4-v4qKe3sDQaYR2k-UPA5gACh70xG_U2UEpoYBBX64l4swEAAwIAA3gAAykE"
              unique_id = "AQADh70xG_U2UEp9"
              is_uploading_active = false
              is_uploading_completed = true
              uploaded_size = 102023
            }
          }
          width = 736
          height = 736
          progressive_sizes = vector[0] {
          }
        }
      }
    }
    caption = formattedText {
      text = "ожидание: работа от выходных до выходных 

реальность: узнаёшь, что такое саморазвитие, выбираешь себя, находишь любимое дело, имеешь финансовую независимость, здоровую психику, каждый день узнаёшь что-то новое и общаешься с успешными людьми, пассивная жизнь больше не про тебя
#мотивация"
      entities = vector[3] {
        textEntity {
          offset = 0
          length = 9
          type = textEntityTypeBold {
          }
        }
        textEntity {
          offset = 43
          length = 11
          type = textEntityTypeBold {
          }
        }
        textEntity {
          offset = 278
          length = 10
          type = textEntityTypeHashtag {
          }
        }
      }
    }
    is_secret = false
  }
  reply_markup = replyMarkupInlineKeyboard {
    rows = vector[1] {
      vector[2] {
        inlineKeyboardButton {
          text = "👍🏻 481"
          type = inlineKeyboardButtonTypeCallback {
            data = bytes [53] { 63 6F 75 6E 74 76 33 3A 2D 31 30 30 31 34 30 33 39 30 34 39 37 38 2F 36 32 63 61 37 30 31 39 33 62 61 30 33 35 35 35 61 61 36 65 64 63 63 37 3A 48 55 6C 3A 30 }
          }
        }
        inlineKeyboardButton {
          text = "👎🏻 12"
          type = inlineKeyboardButtonTypeCallback {
            data = bytes [53] { 63 6F 75 6E 74 76 33 3A 2D 31 30 30 31 34 30 33 39 30 34 39 37 38 2F 36 32 63 61 37 30 31 39 33 62 61 30 33 35 35 35 61 61 36 65 64 63 63 37 3A 48 55 6C 3A 31 }
          }
        }
      }
    }
  }
}
[ 1][t 4][1657554291.104252576][MessagesManager.cpp:12141][#1][!Td]	Have unknown 14 unread messages up to server message 1422 in chat -1001694925716 with last_new_message_id = server message 1390, last_message_id = server message 1390, last_database_message_id = server message 1390 from ChannelFull
[ 1][t 4][1657554293.101527214][MessagesManager.cpp:12141][#1][!Td]	Have unknown 14 unread messages up to server message 5678 in chat -1001797066937 with last_new_message_id = server message 5649, last_message_id = server message 5649, last_database_message_id = server message 5649 from ChannelFull
[ 1][t 4][1657554299.186682462][MessagesManager.cpp:12141][#1][!Td]	Have unknown 4 unread messages up to server message 6938 in chat -1001238807917 with last_new_message_id = server message 6933, last_message_id = server message 6933, last_database_message_id = server message 6933 from ChannelFull
[ 1][t 3][1657554334.426541566][MessagesManager.cpp:34229][#1][!Td]	Ignore server message 6436 in chat -1001403904978 received not through update from updateEditChannelMessage. The maximum allowed is server message 6424, last is server message 6424, being added message is invalid message 0, channel difference chat -1001403904978 message {
  id = 6748635136
  sender_id = messageSenderChat {
    chat_id = -1001403904978
  }
  chat_id = -1001403904978
  sending_state = null
  scheduling_state = null
  is_outgoing = false
  is_pinned = false
  can_be_edited = false
  can_be_forwarded = true
  can_be_saved = true
  can_be_deleted_only_for_self = false
  can_be_deleted_for_all_users = false
  can_get_added_reactions = false
  can_get_statistics = false
  can_get_message_thread = false
  can_get_viewers = false
  can_get_media_timestamp_links = true
  has_timestamped_media = true
  is_channel_post = true
  contains_unread_mention = false
  date = 1657515921
  edit_date = 0
  forward_info = null
  interaction_info = messageInteractionInfo {
    view_count = 8906
    forward_count = 122
    reply_info = null
    reactions = vector[0] {
    }
  }
  unread_reactions = vector[0] {
  }
  reply_in_chat_id = 0
  reply_to_message_id = 0
  message_thread_id = 0
  ttl = 0
  ttl_expires_in = 0.000000
  via_bot_user_id = 0
  author_signature = ""
  media_album_id = 0
  restriction_reason = ""
  content = messagePhoto {
    photo = photo {
      has_stickers = false
      minithumbnail = minithumbnail {
        width = 40
        height = 40
        data = bytes [824] { FF D8 FF E0 00 10 4A 46 49 46 00 01 01 00 00 01 00 01 00 00 FF DB 00 43 00 28 1C 1E 23 1E 19 28 23 21 23 2D 2B 28 30 3C 64 41 3C 37 37 3C 7B 58 5D 49 64 91 80 99 96 8F 80 8C 8A A0 B4 E6 C3 A0 ...}
      }
      sizes = vector[2] {
        photoSize {
          type = "m"
          photo = file {
            id = 664
            size = 28463
            expected_size = 28463
            local = localFile {
              path = ""
              can_be_downloaded = true
              can_be_deleted = false
              is_downloading_active = false
              is_downloading_completed = false
              download_offset = 0
              downloaded_prefix_size = 0
              downloaded_size = 0
            }
            remote = remoteFile {
              id = "AgACAgIAAx0CU63j0gACGSRizEWeKqWo6a2eVl_px88yutUynwAChr0xG_U2UEowLPHv9JfGfwEAAwIAA20AAykE"
              unique_id = "AQADhr0xG_U2UEpy"
              is_uploading_active = false
              is_uploading_completed = true
              uploaded_size = 28463
            }
          }
          width = 320
          height = 320
          progressive_sizes = vector[0] {
          }
        }
        photoSize {
          type = "x"
          photo = file {
            id = 665
            size = 92975
            expected_size = 92975
            local = localFile {
              path = ""
              can_be_downloaded = true
              can_be_deleted = false
              is_downloading_active = false
              is_downloading_completed = false
              download_offset = 0
              downloaded_prefix_size = 0
              downloaded_size = 0
            }
            remote = remoteFile {
              id = "AgACAgIAAx0CU63j0gACGSRizEWeKqWo6a2eVl_px88yutUynwAChr0xG_U2UEowLPHv9JfGfwEAAwIAA3gAAykE"
              unique_id = "AQADhr0xG_U2UEp9"
              is_uploading_active = false
              is_uploading_completed = true
              uploaded_size = 92975
            }
          }
          width = 736
          height = 736
          progressive_sizes = vector[0] {
          }
        }
      }
    }
    caption = formattedText {
      text = "📌ВАЖНОЕ НАПОМИНАНИЕ: 

ты молодец, ты у себя такая умничка, и не важно, если сегодня у тебя прошёл не такой уж и продуктивный день, главное, ты стараешься, я вижу, как ты стараешься, я вижу, как ты мечтаешь, я вижу, как ты стремишься, и поэтому ты молодец. 
#мотивация"
      entities = vector[2] {
        textEntity {
          offset = 2
          length = 20
          type = textEntityTypeBold {
          }
        }
        textEntity {
          offset = 259
          length = 10
          type = textEntityTypeHashtag {
          }
        }
      }
    }
    is_secret = false
  }
  reply_markup = replyMarkupInlineKeyboard {
    rows = vector[1] {
      vector[2] {
        inlineKeyboardButton {
          text = "👍🏻 926"
          type = inlineKeyboardButtonTypeCallback {
            data = bytes [53] { 63 6F 75 6E 74 76 33 3A 2D 31 30 30 31 34 30 33 39 30 34 39 37 38 2F 36 32 63 61 36 66 66 62 34 65 33 64 38 38 61 66 61 66 36 63 30 33 35 34 3A 48 55 6C 3A 30 }
          }
        }
        inlineKeyboardButton {
          text = "👎🏻 10"
          type = inlineKeyboardButtonTypeCallback {
            data = bytes [53] { 63 6F 75 6E 74 76 33 3A 2D 31 30 30 31 34 30 33 39 30 34 39 37 38 2F 36 32 63 61 36 66 66 62 34 65 33 64 38 38 61 66 61 66 36 63 30 33 35 34 3A 48 55 6C 3A 31 }
          }
        }
      }
    }
  }
}
[ 1][t 3][1657554334.426957845][MessagesManager.cpp:34229][#1][!Td]	Ignore server message 6435 in chat -1001403904978 received not through update from updateEditChannelMessage. The maximum allowed is server message 6424, last is server message 6424, being added message is invalid message 0, channel difference chat -1001403904978 message {
  id = 6747586560
  sender_id = messageSenderChat {
    chat_id = -1001403904978
  }
  chat_id = -1001403904978
  sending_state = null
  scheduling_state = null
  is_outgoing = false
  is_pinned = false
  can_be_edited = false
  can_be_forwarded = true
  can_be_saved = true
  can_be_deleted_only_for_self = false
  can_be_deleted_for_all_users = false
  can_get_added_reactions = false
  can_get_statistics = false
  can_get_message_thread = false
  can_get_viewers = false
  can_get_media_timestamp_links = true
  has_timestamped_media = true
  is_channel_post = true
  contains_unread_mention = false
  date = 1657477140
  edit_date = 0
  forward_info = null
  interaction_info = messageInteractionInfo {
    view_count = 10697
    forward_count = 149
    reply_info = null
    reactions = vector[0] {
    }
  }
  unread_reactions = vector[0] {
  }
  reply_in_chat_id = 0
  reply_to_message_id = 0
  message_thread_id = 0
  ttl = 0
  ttl_expires_in = 0.000000
  via_bot_user_id = 0
  author_signature = ""
  media_album_id = 0
  restriction_reason = ""
  content = messagePhoto {
    photo = photo {
      has_stickers = false
      minithumbnail = minithumbnail {
        width = 40
        height = 40
        data = bytes [837] { FF D8 FF E0 00 10 4A 46 49 46 00 01 01 00 00 01 00 01 00 00 FF DB 00 43 00 28 1C 1E 23 1E 19 28 23 21 23 2D 2B 28 30 3C 64 41 3C 37 37 3C 7B 58 5D 49 64 91 80 99 96 8F 80 8C 8A A0 B4 E6 C3 A0 ...}
      }
      sizes = vector[2] {
        photoSize {
          type = "m"
          photo = file {
            id = 668
            size = 36045
            expected_size = 36045
            local = localFile {
              path = ""
              can_be_downloaded = true
              can_be_deleted = false
              is_downloading_active = false
              is_downloading_completed = false
              download_offset = 0
              downloaded_prefix_size = 0
              downloaded_size = 0
            }
            remote = remoteFile {
              id = "AgACAgIAAx0CU63j0gACGSNizEWeFmnRW-rxiNQj6d6--vrogQAC08ExG_3sSUoYPIjH_3C_9wEAAwIAA20AAykE"
              unique_id = "AQAD08ExG_3sSUpy"
              is_uploading_active = false
              is_uploading_completed = true
              uploaded_size = 36045
            }
          }
          width = 320
          height = 320
          progressive_sizes = vector[0] {
          }
        }
        photoSize {
          type = "x"
          photo = file {
            id = 669
            size = 124828
            expected_size = 124828
            local = localFile {
              path = ""
              can_be_downloaded = true
              can_be_deleted = false
              is_downloading_active = false
              is_downloading_completed = false
              download_offset = 0
              downloaded_prefix_size = 0
              downloaded_size = 0
            }
            remote = remoteFile {
              id = "AgACAgIAAx0CU63j0gACGSNizEWeFmnRW-rxiNQj6d6--vrogQAC08ExG_3sSUoYPIjH_3C_9wEAAwIAA3gAAykE"
              unique_id = "AQAD08ExG_3sSUp9"
              is_uploading_active = false
              is_uploading_completed = true
              uploaded_size = 124828
            }
          }
          width = 736
          height = 736
          progressive_sizes = vector[0] {
          }
        }
      }
    }
    caption = formattedText {
      text = "у вас бывает такое, что ничего не хочется. смотреть фильмы/сериалы — тошно, читать — скучно, видео на ютубе — неинтересно, заниматься уроками — вообще ужас. просто лежишь и чувство, будто ты застрял во времени, а всё вокруг двигается дальше, обходя тебя стороной. просто знай, что это состояние пройдёт. ты снова почувствуешь прилив сил для реализации своих целей. просто дай себе время. это тоже часть твоего пути. 
#мотивация"
      entities = vector[1] {
        textEntity {
          offset = 417
          length = 10
          type = textEntityTypeHashtag {
          }
        }
      }
    }
    is_secret = false
  }
  reply_markup = replyMarkupInlineKeyboard {
    rows = vector[1] {
      vector[2] {
        inlineKeyboardButton {
          text = "👍🏻 1184"
          type = inlineKeyboardButtonTypeCallback {
            data = bytes [53] { 63 6F 75 6E 74 76 33 3A 2D 31 30 30 31 34 30 33 39 30 34 39 37 38 2F 36 32 63 39 30 33 62 31 33 62 61 30 33 35 34 30 64 31 36 63 66 34 35 36 3A 48 55 6C 3A 30 }
          }
        }
        inlineKeyboardButton {
          text = "👎🏻 8"
          type = inlineKeyboardButtonTypeCallback {
            data = bytes [53] { 63 6F 75 6E 74 76 33 3A 2D 31 30 30 31 34 30 33 39 30 34 39 37 38 2F 36 32 63 39 30 33 62 31 33 62 61 30 33 35 34 30 64 31 36 63 66 34 35 36 3A 48 55 6C 3A 31 }
          }
        }
      }
    }
  }
}
[ 1][t 3][1657554334.427177429][MessagesManager.cpp:34229][#1][!Td]	Ignore server message 6444 in chat -1001403904978 received not through update from updateEditChannelMessage. The maximum allowed is server message 6424, last is server message 6424, being added message is invalid message 0, channel difference chat -1001403904978 message {
  id = 6757023744
  sender_id = messageSenderChat {
    chat_id = -1001403904978
  }
  chat_id = -1001403904978
  sending_state = null
  scheduling_state = null
  is_outgoing = false
  is_pinned = false
  can_be_edited = false
  can_be_forwarded = true
  can_be_saved = true
  can_be_deleted_only_for_self = false
  can_be_deleted_for_all_users = false
  can_get_added_reactions = false
  can_get_statistics = false
  can_get_message_thread = false
  can_get_viewers = false
  can_get_media_timestamp_links = true
  has_timestamped_media = true
  is_channel_post = true
  contains_unread_mention = false
  date = 1657537562
  edit_date = 0
  forward_info = null
  interaction_info = messageInteractionInfo {
    view_count = 5975
    forward_count = 44
    reply_info = null
    reactions = vector[0] {
    }
  }
  unread_reactions = vector[0] {
  }
  reply_in_chat_id = 0
  reply_to_message_id = 0
  message_thread_id = 0
  ttl = 0
  ttl_expires_in = 0.000000
  via_bot_user_id = 0
  author_signature = ""
  media_album_id = 0
  restriction_reason = ""
  content = messagePhoto {
    photo = photo {
      has_stickers = false
      minithumbnail = minithumbnail {
        width = 40
        height = 40
        data = bytes [823] { FF D8 FF E0 00 10 4A 46 49 46 00 01 01 00 00 01 00 01 00 00 FF DB 00 43 00 28 1C 1E 23 1E 19 28 23 21 23 2D 2B 28 30 3C 64 41 3C 37 37 3C 7B 58 5D 49 64 91 80 99 96 8F 80 8C 8A A0 B4 E6 C3 A0 ...}
      }
      sizes = vector[2] {
        photoSize {
          type = "m"
          photo = file {
            id = 670
            size = 30934
            expected_size = 30934
            local = localFile {
              path = ""
              can_be_downloaded = true
              can_be_deleted = false
              is_downloading_active = false
              is_downloading_completed = false
              download_offset = 0
              downloaded_prefix_size = 0
              downloaded_size = 0
            }
            remote = remoteFile {
              id = "AgACAgIAAx0CU63j0gACGSxizEWeYnWTV3lCufCM4a56dSdBMgACh70xG_U2UEpoYBBX64l4swEAAwIAA20AAykE"
              unique_id = "AQADh70xG_U2UEpy"
              is_uploading_active = false
              is_uploading_completed = true
              uploaded_size = 30934
            }
          }
          width = 320
          height = 320
          progressive_sizes = vector[0] {
          }
        }
        photoSize {
          type = "x"
          photo = file {
            id = 671
            size = 102023
            expected_size = 102023
            local = localFile {
              path = ""
              can_be_downloaded = true
              can_be_deleted = false
              is_downloading_active = false
              is_downloading_completed = false
              download_offset = 0
              downloaded_prefix_size = 0
              downloaded_size = 0
            }
            remote = remoteFile {
              id = "AgACAgIAAx0CU63j0gACGSxizEWeYnWTV3lCufCM4a56dSdBMgACh70xG_U2UEpoYBBX64l4swEAAwIAA3gAAykE"
              unique_id = "AQADh70xG_U2UEp9"
              is_uploading_active = false
              is_uploading_completed = true
              uploaded_size = 102023
            }
          }
          width = 736
          height = 736
          progressive_sizes = vector[0] {
          }
        }
      }
    }
    caption = formattedText {
      text = "ожидание: работа от выходных до выходных 

реальность: узнаёшь, что такое саморазвитие, выбираешь себя, находишь любимое дело, имеешь финансовую независимость, здоровую психику, каждый день узнаёшь что-то новое и общаешься с успешными людьми, пассивная жизнь больше не про тебя
#мотивация"
      entities = vector[3] {
        textEntity {
          offset = 0
          length = 9
          type = textEntityTypeBold {
          }
        }
        textEntity {
          offset = 43
          length = 11
          type = textEntityTypeBold {
          }
        }
        textEntity {
          offset = 278
          length = 10
          type = textEntityTypeHashtag {
          }
        }
      }
    }
    is_secret = false
  }
  reply_markup = replyMarkupInlineKeyboard {
    rows = vector[1] {
      vector[2] {
        inlineKeyboardButton {
          text = "👍🏻 481"
          type = inlineKeyboardButtonTypeCallback {
            data = bytes [53] { 63 6F 75 6E 74 76 33 3A 2D 31 30 30 31 34 30 33 39 30 34 39 37 38 2F 36 32 63 61 37 30 31 39 33 62 61 30 33 35 35 35 61 61 36 65 64 63 63 37 3A 48 55 6C 3A 30 }
          }
        }
        inlineKeyboardButton {
          text = "👎🏻 12"
          type = inlineKeyboardButtonTypeCallback {
            data = bytes [53] { 63 6F 75 6E 74 76 33 3A 2D 31 30 30 31 34 30 33 39 30 34 39 37 38 2F 36 32 63 61 37 30 31 39 33 62 61 30 33 35 35 35 61 61 36 65 64 63 63 37 3A 48 55 6C 3A 31 }
          }
        }
      }
    }
  }
}
[ 1][t 4][1657554363.911198139][MessagesManager.cpp:34229][#1][!Td]	Ignore server message 6436 in chat -1001403904978 received not through update from updateEditChannelMessage. The maximum allowed is server message 6424, last is server message 6424, being added message is invalid message 0, channel difference chat -1001403904978 message {
  id = 6748635136
  sender_id = messageSenderChat {
    chat_id = -1001403904978
  }
  chat_id = -1001403904978
  sending_state = null
  scheduling_state = null
  is_outgoing = false
  is_pinned = false
  can_be_edited = false
  can_be_forwarded = true
  can_be_saved = true
  can_be_deleted_only_for_self = false
  can_be_deleted_for_all_users = false
  can_get_added_reactions = false
  can_get_statistics = false
  can_get_message_thread = false
  can_get_viewers = false
  can_get_media_timestamp_links = true
  has_timestamped_media = true
  is_channel_post = true
  contains_unread_mention = false
  date = 1657515921
  edit_date = 0
  forward_info = null
  interaction_info = messageInteractionInfo {
    view_count = 8906
    forward_count = 122
    reply_info = null
    reactions = vector[0] {
    }
  }
  unread_reactions = vector[0] {
  }
  reply_in_chat_id = 0
  reply_to_message_id = 0
  message_thread_id = 0
  ttl = 0
  ttl_expires_in = 0.000000
  via_bot_user_id = 0
  author_signature = ""
  media_album_id = 0
  restriction_reason = ""
  content = messagePhoto {
    photo = photo {
      has_stickers = false
      minithumbnail = minithumbnail {
        width = 40
        height = 40
        data = bytes [824] { FF D8 FF E0 00 10 4A 46 49 46 00 01 01 00 00 01 00 01 00 00 FF DB 00 43 00 28 1C 1E 23 1E 19 28 23 21 23 2D 2B 28 30 3C 64 41 3C 37 37 3C 7B 58 5D 49 64 91 80 99 96 8F 80 8C 8A A0 B4 E6 C3 A0 ...}
      }
      sizes = vector[2] {
        photoSize {
          type = "m"
          photo = file {
            id = 661
            size = 28463
            expected_size = 28463
            local = localFile {
              path = ""
              can_be_downloaded = true
              can_be_deleted = false
              is_downloading_active = false
              is_downloading_completed = false
              download_offset = 0
              downloaded_prefix_size = 0
              downloaded_size = 0
            }
            remote = remoteFile {
              id = "AgACAgIAAx0CU63j0gACGSRizEW7cWK8KZInNRWpMQG64qrM8gAChr0xG_U2UEowLPHv9JfGfwEAAwIAA20AAykE"
              unique_id = "AQADhr0xG_U2UEpy"
              is_uploading_active = false
              is_uploading_completed = true
              uploaded_size = 28463
            }
          }
          width = 320
          height = 320
          progressive_sizes = vector[0] {
          }
        }
        photoSize {
          type = "x"
          photo = file {
            id = 662
            size = 92975
            expected_size = 92975
            local = localFile {
              path = ""
              can_be_downloaded = true
              can_be_deleted = false
              is_downloading_active = false
              is_downloading_completed = false
              download_offset = 0
              downloaded_prefix_size = 0
              downloaded_size = 0
            }
            remote = remoteFile {
              id = "AgACAgIAAx0CU63j0gACGSRizEW7cWK8KZInNRWpMQG64qrM8gAChr0xG_U2UEowLPHv9JfGfwEAAwIAA3gAAykE"
              unique_id = "AQADhr0xG_U2UEp9"
              is_uploading_active = false
              is_uploading_completed = true
              uploaded_size = 92975
            }
          }
          width = 736
          height = 736
          progressive_sizes = vector[0] {
          }
        }
      }
    }
    caption = formattedText {
      text = "📌ВАЖНОЕ НАПОМИНАНИЕ: 

ты молодец, ты у себя такая умничка, и не важно, если сегодня у тебя прошёл не такой уж и продуктивный день, главное, ты стараешься, я вижу, как ты стараешься, я вижу, как ты мечтаешь, я вижу, как ты стремишься, и поэтому ты молодец. 
#мотивация"
      entities = vector[2] {
        textEntity {
          offset = 2
          length = 20
          type = textEntityTypeBold {
          }
        }
        textEntity {
          offset = 259
          length = 10
          type = textEntityTypeHashtag {
          }
        }
      }
    }
    is_secret = false
  }
  reply_markup = replyMarkupInlineKeyboard {
    rows = vector[1] {
      vector[2] {
        inlineKeyboardButton {
          text = "👍🏻 926"
          type = inlineKeyboardButtonTypeCallback {
            data = bytes [53] { 63 6F 75 6E 74 76 33 3A 2D 31 30 30 31 34 30 33 39 30 34 39 37 38 2F 36 32 63 61 36 66 66 62 34 65 33 64 38 38 61 66 61 66 36 63 30 33 35 34 3A 48 55 6C 3A 30 }
          }
        }
        inlineKeyboardButton {
          text = "👎🏻 10"
          type = inlineKeyboardButtonTypeCallback {
            data = bytes [53] { 63 6F 75 6E 74 76 33 3A 2D 31 30 30 31 34 30 33 39 30 34 39 37 38 2F 36 32 63 61 36 66 66 62 34 65 33 64 38 38 61 66 61 66 36 63 30 33 35 34 3A 48 55 6C 3A 31 }
          }
        }
      }
    }
  }
}
[ 1][t 4][1657554363.911890983][MessagesManager.cpp:34229][#1][!Td]	Ignore server message 6435 in chat -1001403904978 received not through update from updateEditChannelMessage. The maximum allowed is server message 6424, last is server message 6424, being added message is invalid message 0, channel difference chat -1001403904978 message {
  id = 6747586560
  sender_id = messageSenderChat {
    chat_id = -1001403904978
  }
  chat_id = -1001403904978
  sending_state = null
  scheduling_state = null
  is_outgoing = false
  is_pinned = false
  can_be_edited = false
  can_be_forwarded = true
  can_be_saved = true
  can_be_deleted_only_for_self = false
  can_be_deleted_for_all_users = false
  can_get_added_reactions = false
  can_get_statistics = false
  can_get_message_thread = false
  can_get_viewers = false
  can_get_media_timestamp_links = true
  has_timestamped_media = true
  is_channel_post = true
  contains_unread_mention = false
  date = 1657477140
  edit_date = 0
  forward_info = null
  interaction_info = messageInteractionInfo {
    view_count = 10697
    forward_count = 149
    reply_info = null
    reactions = vector[0] {
    }
  }
  unread_reactions = vector[0] {
  }
  reply_in_chat_id = 0
  reply_to_message_id = 0
  message_thread_id = 0
  ttl = 0
  ttl_expires_in = 0.000000
  via_bot_user_id = 0
  author_signature = ""
  media_album_id = 0
  restriction_reason = ""
  content = messagePhoto {
    photo = photo {
      has_stickers = false
      minithumbnail = minithumbnail {
        width = 40
        height = 40
        data = bytes [837] { FF D8 FF E0 00 10 4A 46 49 46 00 01 01 00 00 01 00 01 00 00 FF DB 00 43 00 28 1C 1E 23 1E 19 28 23 21 23 2D 2B 28 30 3C 64 41 3C 37 37 3C 7B 58 5D 49 64 91 80 99 96 8F 80 8C 8A A0 B4 E6 C3 A0 ...}
      }
      sizes = vector[2] {
        photoSize {
          type = "m"
          photo = file {
            id = 665
            size = 36045
            expected_size = 36045
            local = localFile {
              path = ""
              can_be_downloaded = true
              can_be_deleted = false
              is_downloading_active = false
              is_downloading_completed = false
              download_offset = 0
              downloaded_prefix_size = 0
              downloaded_size = 0
            }
            remote = remoteFile {
              id = "AgACAgIAAx0CU63j0gACGSNizEW7qvOimHt-2L83cRoRGua9cQAC08ExG_3sSUoYPIjH_3C_9wEAAwIAA20AAykE"
              unique_id = "AQAD08ExG_3sSUpy"
              is_uploading_active = false
              is_uploading_completed = true
              uploaded_size = 36045
            }
          }
          width = 320
          height = 320
          progressive_sizes = vector[0] {
          }
        }
        photoSize {
          type = "x"
          photo = file {
            id = 666
            size = 124828
            expected_size = 124828
            local = localFile {
              path = ""
              can_be_downloaded = true
              can_be_deleted = false
              is_downloading_active = false
              is_downloading_completed = false
              download_offset = 0
              downloaded_prefix_size = 0
              downloaded_size = 0
            }
            remote = remoteFile {
              id = "AgACAgIAAx0CU63j0gACGSNizEW7qvOimHt-2L83cRoRGua9cQAC08ExG_3sSUoYPIjH_3C_9wEAAwIAA3gAAykE"
              unique_id = "AQAD08ExG_3sSUp9"
              is_uploading_active = false
              is_uploading_completed = true
              uploaded_size = 124828
            }
          }
          width = 736
          height = 736
          progressive_sizes = vector[0] {
          }
        }
      }
    }
    caption = formattedText {
      text = "у вас бывает такое, что ничего не хочется. смотреть фильмы/сериалы — тошно, читать — скучно, видео на ютубе — неинтересно, заниматься уроками — вообще ужас. просто лежишь и чувство, будто ты застрял во времени, а всё вокруг двигается дальше, обходя тебя стороной. просто знай, что это состояние пройдёт. ты снова почувствуешь прилив сил для реализации своих целей. просто дай себе время. это тоже часть твоего пути. 
#мотивация"
      entities = vector[1] {
        textEntity {
          offset = 417
          length = 10
          type = textEntityTypeHashtag {
          }
        }
      }
    }
    is_secret = false
  }
  reply_markup = replyMarkupInlineKeyboard {
    rows = vector[1] {
      vector[2] {
        inlineKeyboardButton {
          text = "👍🏻 1184"
          type = inlineKeyboardButtonTypeCallback {
            data = bytes [53] { 63 6F 75 6E 74 76 33 3A 2D 31 30 30 31 34 30 33 39 30 34 39 37 38 2F 36 32 63 39 30 33 62 31 33 62 61 30 33 35 34 30 64 31 36 63 66 34 35 36 3A 48 55 6C 3A 30 }
          }
        }
        inlineKeyboardButton {
          text = "👎🏻 8"
          type = inlineKeyboardButtonTypeCallback {
            data = bytes [53] { 63 6F 75 6E 74 76 33 3A 2D 31 30 30 31 34 30 33 39 30 34 39 37 38 2F 36 32 63 39 30 33 62 31 33 62 61 30 33 35 34 30 64 31 36 63 66 34 35 36 3A 48 55 6C 3A 31 }
          }
        }
      }
    }
  }
}
[ 1][t 4][1657554363.912362098][MessagesManager.cpp:34229][#1][!Td]	Ignore server message 6444 in chat -1001403904978 received not through update from updateEditChannelMessage. The maximum allowed is server message 6424, last is server message 6424, being added message is invalid message 0, channel difference chat -1001403904978 message {
  id = 6757023744
  sender_id = messageSenderChat {
    chat_id = -1001403904978
  }
  chat_id = -1001403904978
  sending_state = null
  scheduling_state = null
  is_outgoing = false
  is_pinned = false
  can_be_edited = false
  can_be_forwarded = true
  can_be_saved = true
  can_be_deleted_only_for_self = false
  can_be_deleted_for_all_users = false
  can_get_added_reactions = false
  can_get_statistics = false
  can_get_message_thread = false
  can_get_viewers = false
  can_get_media_timestamp_links = true
  has_timestamped_media = true
  is_channel_post = true
  contains_unread_mention = false
  date = 1657537562
  edit_date = 0
  forward_info = null
  interaction_info = messageInteractionInfo {
    view_count = 5975
    forward_count = 44
    reply_info = null
    reactions = vector[0] {
    }
  }
  unread_reactions = vector[0] {
  }
  reply_in_chat_id = 0
  reply_to_message_id = 0
  message_thread_id = 0
  ttl = 0
  ttl_expires_in = 0.000000
  via_bot_user_id = 0
  author_signature = ""
  media_album_id = 0
  restriction_reason = ""
  content = messagePhoto {
    photo = photo {
      has_stickers = false
      minithumbnail = minithumbnail {
        width = 40
        height = 40
        data = bytes [823] { FF D8 FF E0 00 10 4A 46 49 46 00 01 01 00 00 01 00 01 00 00 FF DB 00 43 00 28 1C 1E 23 1E 19 28 23 21 23 2D 2B 28 30 3C 64 41 3C 37 37 3C 7B 58 5D 49 64 91 80 99 96 8F 80 8C 8A A0 B4 E6 C3 A0 ...}
      }
      sizes = vector[2] {
        photoSize {
          type = "m"
          photo = file {
            id = 667
            size = 30934
            expected_size = 30934
            local = localFile {
              path = ""
              can_be_downloaded = true
              can_be_deleted = false
              is_downloading_active = false
              is_downloading_completed = false
              download_offset = 0
              downloaded_prefix_size = 0
              downloaded_size = 0
            }
            remote = remoteFile {
              id = "AgACAgIAAx0CU63j0gACGSxizEW7xfJOTIDHkR2dDcs7gNdcTgACh70xG_U2UEpoYBBX64l4swEAAwIAA20AAykE"
              unique_id = "AQADh70xG_U2UEpy"
              is_uploading_active = false
              is_uploading_completed = true
              uploaded_size = 30934
            }
          }
          width = 320
          height = 320
          progressive_sizes = vector[0] {
          }
        }
        photoSize {
          type = "x"
          photo = file {
            id = 668
            size = 102023
            expected_size = 102023
            local = localFile {
              path = ""
              can_be_downloaded = true
              can_be_deleted = false
              is_downloading_active = false
              is_downloading_completed = false
              download_offset = 0
              downloaded_prefix_size = 0
              downloaded_size = 0
            }
            remote = remoteFile {
              id = "AgACAgIAAx0CU63j0gACGSxizEW7xfJOTIDHkR2dDcs7gNdcTgACh70xG_U2UEpoYBBX64l4swEAAwIAA3gAAykE"
              unique_id = "AQADh70xG_U2UEp9"
              is_uploading_active = false
              is_uploading_completed = true
              uploaded_size = 102023
            }
          }
          width = 736
          height = 736
          progressive_sizes = vector[0] {
          }
        }
      }
    }
    caption = formattedText {
      text = "ожидание: работа от выходных до выходных 

реальность: узнаёшь, что такое саморазвитие, выбираешь себя, находишь любимое дело, имеешь финансовую независимость, здоровую психику, каждый день узнаёшь что-то новое и общаешься с успешными людьми, пассивная жизнь больше не про тебя
#мотивация"
      entities = vector[3] {
        textEntity {
          offset = 0
          length = 9
          type = textEntityTypeBold {
          }
        }
        textEntity {
          offset = 43
          length = 11
          type = textEntityTypeBold {
          }
        }
        textEntity {
          offset = 278
          length = 10
          type = textEntityTypeHashtag {
          }
        }
      }
    }
    is_secret = false
  }
  reply_markup = replyMarkupInlineKeyboard {
    rows = vector[1] {
      vector[2] {
        inlineKeyboardButton {
          text = "👍🏻 481"
          type = inlineKeyboardButtonTypeCallback {
            data = bytes [53] { 63 6F 75 6E 74 76 33 3A 2D 31 30 30 31 34 30 33 39 30 34 39 37 38 2F 36 32 63 61 37 30 31 39 33 62 61 30 33 35 35 35 61 61 36 65 64 63 63 37 3A 48 55 6C 3A 30 }
          }
        }
        inlineKeyboardButton {
          text = "👎🏻 12"
          type = inlineKeyboardButtonTypeCallback {
            data = bytes [53] { 63 6F 75 6E 74 76 33 3A 2D 31 30 30 31 34 30 33 39 30 34 39 37 38 2F 36 32 63 61 37 30 31 39 33 62 61 30 33 35 35 35 61 61 36 65 64 63 63 37 3A 48 55 6C 3A 31 }
          }
        }
      }
    }
  }
}
[ 1][t 4][1657554367.609284639][MessagesManager.cpp:12141][#1][!Td]	Have unknown 14 unread messages up to server message 1422 in chat -1001694925716 with last_new_message_id = server message 1390, last_message_id = server message 1390, last_database_message_id = server message 1390 from ChannelFull
[ 1][t 4][1657554405.717295646][MessagesManager.cpp:34229][#1][!Td]	Ignore server message 6444 in chat -1001403904978 received not through update from updateEditChannelMessage. The maximum allowed is server message 6424, last is server message 6424, being added message is invalid message 0, channel difference chat 0 message {
  id = 6757023744
  sender_id = messageSenderChat {
    chat_id = -1001403904978
  }
  chat_id = -1001403904978
  sending_state = null
  scheduling_state = null
  is_outgoing = false
  is_pinned = false
  can_be_edited = false
  can_be_forwarded = true
  can_be_saved = true
  can_be_deleted_only_for_self = false
  can_be_deleted_for_all_users = false
  can_get_added_reactions = false
  can_get_statistics = false
  can_get_message_thread = false
  can_get_viewers = false
  can_get_media_timestamp_links = true
  has_timestamped_media = true
  is_channel_post = true
  contains_unread_mention = false
  date = 1657537562
  edit_date = 0
  forward_info = null
  interaction_info = messageInteractionInfo {
    view_count = 5975
    forward_count = 44
    reply_info = null
    reactions = vector[0] {
    }
  }
  unread_reactions = vector[0] {
  }
  reply_in_chat_id = 0
  reply_to_message_id = 0
  message_thread_id = 0
  ttl = 0
  ttl_expires_in = 0.000000
  via_bot_user_id = 0
  author_signature = ""
  media_album_id = 0
  restriction_reason = ""
  content = messagePhoto {
    photo = photo {
      has_stickers = false
      minithumbnail = minithumbnail {
        width = 40
        height = 40
        data = bytes [823] { FF D8 FF E0 00 10 4A 46 49 46 00 01 01 00 00 01 00 01 00 00 FF DB 00 43 00 28 1C 1E 23 1E 19 28 23 21 23 2D 2B 28 30 3C 64 41 3C 37 37 3C 7B 58 5D 49 64 91 80 99 96 8F 80 8C 8A A0 B4 E6 C3 A0 ...}
      }
      sizes = vector[2] {
        photoSize {
          type = "m"
          photo = file {
            id = 667
            size = 30934
            expected_size = 30934
            local = localFile {
              path = ""
              can_be_downloaded = true
              can_be_deleted = false
              is_downloading_active = false
              is_downloading_completed = false
              download_offset = 0
              downloaded_prefix_size = 0
              downloaded_size = 0
            }
            remote = remoteFile {
              id = "AgACAgIAAx0CU63j0gACGSxizEXVmn1RP0unl8_FOBrNr32cpQACh70xG_U2UEq8fYoVJWE4pAEAAwIAA20AAykE"
              unique_id = "AQADh70xG_U2UEpy"
              is_uploading_active = false
              is_uploading_completed = true
              uploaded_size = 30934
            }
          }
          width = 320
          height = 320
          progressive_sizes = vector[0] {
          }
        }
        photoSize {
          type = "x"
          photo = file {
            id = 668
            size = 102023
            expected_size = 102023
            local = localFile {
              path = ""
              can_be_downloaded = true
              can_be_deleted = false
              is_downloading_active = false
              is_downloading_completed = false
              download_offset = 0
              downloaded_prefix_size = 0
              downloaded_size = 0
            }
            remote = remoteFile {
              id = "AgACAgIAAx0CU63j0gACGSxizEXVmn1RP0unl8_FOBrNr32cpQACh70xG_U2UEq8fYoVJWE4pAEAAwIAA3gAAykE"
              unique_id = "AQADh70xG_U2UEp9"
              is_uploading_active = false
              is_uploading_completed = true
              uploaded_size = 102023
            }
          }
          width = 736
          height = 736
          progressive_sizes = vector[0] {
          }
        }
      }
    }
    caption = formattedText {
      text = "ожидание: работа от выходных до выходных 

реальность: узнаёшь, что такое саморазвитие, выбираешь себя, находишь любимое дело, имеешь финансовую независимость, здоровую психику, каждый день узнаёшь что-то новое и общаешься с успешными людьми, пассивная жизнь больше не про тебя
#мотивация"
      entities = vector[3] {
        textEntity {
          offset = 0
          length = 9
          type = textEntityTypeBold {
          }
        }
        textEntity {
          offset = 43
          length = 11
          type = textEntityTypeBold {
          }
        }
        textEntity {
          offset = 278
          length = 10
          type = textEntityTypeHashtag {
          }
        }
      }
    }
    is_secret = false
  }
  reply_markup = replyMarkupInlineKeyboard {
    rows = vector[1] {
      vector[2] {
        inlineKeyboardButton {
          text = "👍🏻 482"
          type = inlineKeyboardButtonTypeCallback {
            data = bytes [53] { 63 6F 75 6E 74 76 33 3A 2D 31 30 30 31 34 30 33 39 30 34 39 37 38 2F 36 32 63 61 37 30 31 39 33 62 61 30 33 35 35 35 61 61 36 65 64 63 63 37 3A 48 55 6C 3A 30 }
          }
        }
        inlineKeyboardButton {
          text = "👎🏻 12"
          type = inlineKeyboardButtonTypeCallback {
            data = bytes [53] { 63 6F 75 6E 74 76 33 3A 2D 31 30 30 31 34 30 33 39 30 34 39 37 38 2F 36 32 63 61 37 30 31 39 33 62 61 30 33 35 35 35 61 61 36 65 64 63 63 37 3A 48 55 6C 3A 31 }
          }
        }
      }
    }
  }
}
[ 1][t 4][1657554405.717665195][MessagesManager.cpp:34229][#1][!Td]	Ignore server message 6436 in chat -1001403904978 received not through update from updateEditChannelMessage. The maximum allowed is server message 6424, last is server message 6424, being added message is invalid message 0, channel difference chat 0 message {
  id = 6748635136
  sender_id = messageSenderChat {
    chat_id = -1001403904978
  }
  chat_id = -1001403904978
  sending_state = null
  scheduling_state = null
  is_outgoing = false
  is_pinned = false
  can_be_edited = false
  can_be_forwarded = true
  can_be_saved = true
  can_be_deleted_only_for_self = false
  can_be_deleted_for_all_users = false
  can_get_added_reactions = false
  can_get_statistics = false
  can_get_message_thread = false
  can_get_viewers = false
  can_get_media_timestamp_links = true
  has_timestamped_media = true
  is_channel_post = true
  contains_unread_mention = false
  date = 1657515921
  edit_date = 0
  forward_info = null
  interaction_info = messageInteractionInfo {
    view_count = 8906
    forward_count = 122
    reply_info = null
    reactions = vector[0] {
    }
  }
  unread_reactions = vector[0] {
  }
  reply_in_chat_id = 0
  reply_to_message_id = 0
  message_thread_id = 0
  ttl = 0
  ttl_expires_in = 0.000000
  via_bot_user_id = 0
  author_signature = ""
  media_album_id = 0
  restriction_reason = ""
  content = messagePhoto {
    photo = photo {
      has_stickers = false
      minithumbnail = minithumbnail {
        width = 40
        height = 40
        data = bytes [824] { FF D8 FF E0 00 10 4A 46 49 46 00 01 01 00 00 01 00 01 00 00 FF DB 00 43 00 28 1C 1E 23 1E 19 28 23 21 23 2D 2B 28 30 3C 64 41 3C 37 37 3C 7B 58 5D 49 64 91 80 99 96 8F 80 8C 8A A0 B4 E6 C3 A0 ...}
      }
      sizes = vector[2] {
        photoSize {
          type = "m"
          photo = file {
            id = 661
            size = 28463
            expected_size = 28463
            local = localFile {
              path = ""
              can_be_downloaded = true
              can_be_deleted = false
              is_downloading_active = false
              is_downloading_completed = false
              download_offset = 0
              downloaded_prefix_size = 0
              downloaded_size = 0
            }
            remote = remoteFile {
              id = "AgACAgIAAx0CU63j0gACGSRizEXblLidf4XjXv_jG70Xy7quHAAChr0xG_U2UEpkcdPmXtFPFgEAAwIAA20AAykE"
              unique_id = "AQADhr0xG_U2UEpy"
              is_uploading_active = false
              is_uploading_completed = true
              uploaded_size = 28463
            }
          }
          width = 320
          height = 320
          progressive_sizes = vector[0] {
          }
        }
        photoSize {
          type = "x"
          photo = file {
            id = 662
            size = 92975
            expected_size = 92975
            local = localFile {
              path = ""
              can_be_downloaded = true
              can_be_deleted = false
              is_downloading_active = false
              is_downloading_completed = false
              download_offset = 0
              downloaded_prefix_size = 0
              downloaded_size = 0
            }
            remote = remoteFile {
              id = "AgACAgIAAx0CU63j0gACGSRizEXblLidf4XjXv_jG70Xy7quHAAChr0xG_U2UEpkcdPmXtFPFgEAAwIAA3gAAykE"
              unique_id = "AQADhr0xG_U2UEp9"
              is_uploading_active = false
              is_uploading_completed = true
              uploaded_size = 92975
            }
          }
          width = 736
          height = 736
          progressive_sizes = vector[0] {
          }
        }
      }
    }
    caption = formattedText {
      text = "📌ВАЖНОЕ НАПОМИНАНИЕ: 

ты молодец, ты у себя такая умничка, и не важно, если сегодня у тебя прошёл не такой уж и продуктивный день, главное, ты стараешься, я вижу, как ты стараешься, я вижу, как ты мечтаешь, я вижу, как ты стремишься, и поэтому ты молодец. 
#мотивация"
      entities = vector[2] {
        textEntity {
          offset = 2
          length = 20
          type = textEntityTypeBold {
          }
        }
        textEntity {
          offset = 259
          length = 10
          type = textEntityTypeHashtag {
          }
        }
      }
    }
    is_secret = false
  }
  reply_markup = replyMarkupInlineKeyboard {
    rows = vector[1] {
      vector[2] {
        inlineKeyboardButton {
          text = "👍🏻 927"
          type = inlineKeyboardButtonTypeCallback {
            data = bytes [53] { 63 6F 75 6E 74 76 33 3A 2D 31 30 30 31 34 30 33 39 30 34 39 37 38 2F 36 32 63 61 36 66 66 62 34 65 33 64 38 38 61 66 61 66 36 63 30 33 35 34 3A 48 55 6C 3A 30 }
          }
        }
        inlineKeyboardButton {
          text = "👎🏻 10"
          type = inlineKeyboardButtonTypeCallback {
            data = bytes [53] { 63 6F 75 6E 74 76 33 3A 2D 31 30 30 31 34 30 33 39 30 34 39 37 38 2F 36 32 63 61 36 66 66 62 34 65 33 64 38 38 61 66 61 66 36 63 30 33 35 34 3A 48 55 6C 3A 31 }
          }
        }
      }
    }
  }
}
[ 1][t 4][1657554477.539983987][MessagesManager.cpp:34229][#1][!Td]	Ignore server message 6436 in chat -1001403904978 received not through update from updateEditChannelMessage. The maximum allowed is server message 6424, last is server message 6424, being added message is invalid message 0, channel difference chat -1001403904978 message {
  id = 6748635136
  sender_id = messageSenderChat {
    chat_id = -1001403904978
  }
  chat_id = -1001403904978
  sending_state = null
  scheduling_state = null
  is_outgoing = false
  is_pinned = false
  can_be_edited = false
  can_be_forwarded = true
  can_be_saved = true
  can_be_deleted_only_for_self = false
  can_be_deleted_for_all_users = false
  can_get_added_reactions = false
  can_get_statistics = false
  can_get_message_thread = false
  can_get_viewers = false
  can_get_media_timestamp_links = true
  has_timestamped_media = true
  is_channel_post = true
  contains_unread_mention = false
  date = 1657515921
  edit_date = 0
  forward_info = null
  interaction_info = messageInteractionInfo {
    view_count = 8907
    forward_count = 122
    reply_info = null
    reactions = vector[0] {
    }
  }
  unread_reactions = vector[0] {
  }
  reply_in_chat_id = 0
  reply_to_message_id = 0
  message_thread_id = 0
  ttl = 0
  ttl_expires_in = 0.000000
  via_bot_user_id = 0
  author_signature = ""
  media_album_id = 0
  restriction_reason = ""
  content = messagePhoto {
    photo = photo {
      has_stickers = false
      minithumbnail = minithumbnail {
        width = 40
        height = 40
        data = bytes [824] { FF D8 FF E0 00 10 4A 46 49 46 00 01 01 00 00 01 00 01 00 00 FF DB 00 43 00 28 1C 1E 23 1E 19 28 23 21 23 2D 2B 28 30 3C 64 41 3C 37 37 3C 7B 58 5D 49 64 91 80 99 96 8F 80 8C 8A A0 B4 E6 C3 A0 ...}
      }
      sizes = vector[2] {
        photoSize {
          type = "m"
          photo = file {
            id = 662
            size = 28463
            expected_size = 28463
            local = localFile {
              path = ""
              can_be_downloaded = true
              can_be_deleted = false
              is_downloading_active = false
              is_downloading_completed = false
              download_offset = 0
              downloaded_prefix_size = 0
              downloaded_size = 0
            }
            remote = remoteFile {
              id = "AgACAgIAAx0CU63j0gACGSRizEYtSGfT1TBHt9hSB2jHBGJR_gAChr0xG_U2UEowLPHv9JfGfwEAAwIAA20AAykE"
              unique_id = "AQADhr0xG_U2UEpy"
              is_uploading_active = false
              is_uploading_completed = true
              uploaded_size = 28463
            }
          }
          width = 320
          height = 320
          progressive_sizes = vector[0] {
          }
        }
        photoSize {
          type = "x"
          photo = file {
            id = 663
            size = 92975
            expected_size = 92975
            local = localFile {
              path = ""
              can_be_downloaded = true
              can_be_deleted = false
              is_downloading_active = false
              is_downloading_completed = false
              download_offset = 0
              downloaded_prefix_size = 0
              downloaded_size = 0
            }
            remote = remoteFile {
              id = "AgACAgIAAx0CU63j0gACGSRizEYtSGfT1TBHt9hSB2jHBGJR_gAChr0xG_U2UEowLPHv9JfGfwEAAwIAA3gAAykE"
              unique_id = "AQADhr0xG_U2UEp9"
              is_uploading_active = false
              is_uploading_completed = true
              uploaded_size = 92975
            }
          }
          width = 736
          height = 736
          progressive_sizes = vector[0] {
          }
        }
      }
    }
    caption = formattedText {
      text = "📌ВАЖНОЕ НАПОМИНАНИЕ: 

ты молодец, ты у себя такая умничка, и не важно, если сегодня у тебя прошёл не такой уж и продуктивный день, главное, ты стараешься, я вижу, как ты стараешься, я вижу, как ты мечтаешь, я вижу, как ты стремишься, и поэтому ты молодец. 
#мотивация"
      entities = vector[2] {
        textEntity {
          offset = 2
          length = 20
          type = textEntityTypeBold {
          }
        }
        textEntity {
          offset = 259
          length = 10
          type = textEntityTypeHashtag {
          }
        }
      }
    }
    is_secret = false
  }
  reply_markup = replyMarkupInlineKeyboard {
    rows = vector[1] {
      vector[2] {
        inlineKeyboardButton {
          text = "👍🏻 928"
          type = inlineKeyboardButtonTypeCallback {
            data = bytes [53] { 63 6F 75 6E 74 76 33 3A 2D 31 30 30 31 34 30 33 39 30 34 39 37 38 2F 36 32 63 61 36 66 66 62 34 65 33 64 38 38 61 66 61 66 36 63 30 33 35 34 3A 48 55 6C 3A 30 }
          }
        }
        inlineKeyboardButton {
          text = "👎🏻 10"
          type = inlineKeyboardButtonTypeCallback {
            data = bytes [53] { 63 6F 75 6E 74 76 33 3A 2D 31 30 30 31 34 30 33 39 30 34 39 37 38 2F 36 32 63 61 36 66 66 62 34 65 33 64 38 38 61 66 61 66 36 63 30 33 35 34 3A 48 55 6C 3A 31 }
          }
        }
      }
    }
  }
}
[ 1][t 4][1657554477.540461301][MessagesManager.cpp:34229][#1][!Td]	Ignore server message 6435 in chat -1001403904978 received not through update from updateEditChannelMessage. The maximum allowed is server message 6424, last is server message 6424, being added message is invalid message 0, channel difference chat -1001403904978 message {
  id = 6747586560
  sender_id = messageSenderChat {
    chat_id = -1001403904978
  }
  chat_id = -1001403904978
  sending_state = null
  scheduling_state = null
  is_outgoing = false
  is_pinned = false
  can_be_edited = false
  can_be_forwarded = true
  can_be_saved = true
  can_be_deleted_only_for_self = false
  can_be_deleted_for_all_users = false
  can_get_added_reactions = false
  can_get_statistics = false
  can_get_message_thread = false
  can_get_viewers = false
  can_get_media_timestamp_links = true
  has_timestamped_media = true
  is_channel_post = true
  contains_unread_mention = false
  date = 1657477140
  edit_date = 0
  forward_info = null
  interaction_info = messageInteractionInfo {
    view_count = 10698
    forward_count = 149
    reply_info = null
    reactions = vector[0] {
    }
  }
  unread_reactions = vector[0] {
  }
  reply_in_chat_id = 0
  reply_to_message_id = 0
  message_thread_id = 0
  ttl = 0
  ttl_expires_in = 0.000000
  via_bot_user_id = 0
  author_signature = ""
  media_album_id = 0
  restriction_reason = ""
  content = messagePhoto {
    photo = photo {
      has_stickers = false
      minithumbnail = minithumbnail {
        width = 40
        height = 40
        data = bytes [837] { FF D8 FF E0 00 10 4A 46 49 46 00 01 01 00 00 01 00 01 00 00 FF DB 00 43 00 28 1C 1E 23 1E 19 28 23 21 23 2D 2B 28 30 3C 64 41 3C 37 37 3C 7B 58 5D 49 64 91 80 99 96 8F 80 8C 8A A0 B4 E6 C3 A0 ...}
      }
      sizes = vector[2] {
        photoSize {
          type = "m"
          photo = file {
            id = 666
            size = 36045
            expected_size = 36045
            local = localFile {
              path = ""
              can_be_downloaded = true
              can_be_deleted = false
              is_downloading_active = false
              is_downloading_completed = false
              download_offset = 0
              downloaded_prefix_size = 0
              downloaded_size = 0
            }
            remote = remoteFile {
              id = "AgACAgIAAx0CU63j0gACGSNizEYt5gtexplBmNtQkCHvXL7ktQAC08ExG_3sSUoYPIjH_3C_9wEAAwIAA20AAykE"
              unique_id = "AQAD08ExG_3sSUpy"
              is_uploading_active = false
              is_uploading_completed = true
              uploaded_size = 36045
            }
          }
          width = 320
          height = 320
          progressive_sizes = vector[0] {
          }
        }
        photoSize {
          type = "x"
          photo = file {
            id = 667
            size = 124828
            expected_size = 124828
            local = localFile {
              path = ""
              can_be_downloaded = true
              can_be_deleted = false
              is_downloading_active = false
              is_downloading_completed = false
              download_offset = 0
              downloaded_prefix_size = 0
              downloaded_size = 0
            }
            remote = remoteFile {
              id = "AgACAgIAAx0CU63j0gACGSNizEYt5gtexplBmNtQkCHvXL7ktQAC08ExG_3sSUoYPIjH_3C_9wEAAwIAA3gAAykE"
              unique_id = "AQAD08ExG_3sSUp9"
              is_uploading_active = false
              is_uploading_completed = true
              uploaded_size = 124828
            }
          }
          width = 736
          height = 736
          progressive_sizes = vector[0] {
          }
        }
      }
    }
    caption = formattedText {
      text = "у вас бывает такое, что ничего не хочется. смотреть фильмы/сериалы — тошно, читать — скучно, видео на ютубе — неинтересно, заниматься уроками — вообще ужас. просто лежишь и чувство, будто ты застрял во времени, а всё вокруг двигается дальше, обходя тебя стороной. просто знай, что это состояние пройдёт. ты снова почувствуешь прилив сил для реализации своих целей. просто дай себе время. это тоже часть твоего пути. 
#мотивация"
      entities = vector[1] {
        textEntity {
          offset = 417
          length = 10
          type = textEntityTypeHashtag {
          }
        }
      }
    }
    is_secret = false
  }
  reply_markup = replyMarkupInlineKeyboard {
    rows = vector[1] {
      vector[2] {
        inlineKeyboardButton {
          text = "👍🏻 1184"
          type = inlineKeyboardButtonTypeCallback {
            data = bytes [53] { 63 6F 75 6E 74 76 33 3A 2D 31 30 30 31 34 30 33 39 30 34 39 37 38 2F 36 32 63 39 30 33 62 31 33 62 61 30 33 35 34 30 64 31 36 63 66 34 35 36 3A 48 55 6C 3A 30 }
          }
        }
        inlineKeyboardButton {
          text = "👎🏻 8"
          type = inlineKeyboardButtonTypeCallback {
            data = bytes [53] { 63 6F 75 6E 74 76 33 3A 2D 31 30 30 31 34 30 33 39 30 34 39 37 38 2F 36 32 63 39 30 33 62 31 33 62 61 30 33 35 34 30 64 31 36 63 66 34 35 36 3A 48 55 6C 3A 31 }
          }
        }
      }
    }
  }
}
[ 1][t 4][1657554477.540885448][MessagesManager.cpp:34229][#1][!Td]	Ignore server message 6444 in chat -1001403904978 received not through update from updateEditChannelMessage. The maximum allowed is server message 6424, last is server message 6424, being added message is invalid message 0, channel difference chat -1001403904978 message {
  id = 6757023744
  sender_id = messageSenderChat {
    chat_id = -1001403904978
  }
  chat_id = -1001403904978
  sending_state = null
  scheduling_state = null
  is_outgoing = false
  is_pinned = false
  can_be_edited = false
  can_be_forwarded = true
  can_be_saved = true
  can_be_deleted_only_for_self = false
  can_be_deleted_for_all_users = false
  can_get_added_reactions = false
  can_get_statistics = false
  can_get_message_thread = false
  can_get_viewers = false
  can_get_media_timestamp_links = true
  has_timestamped_media = true
  is_channel_post = true
  contains_unread_mention = false
  date = 1657537562
  edit_date = 0
  forward_info = null
  interaction_info = messageInteractionInfo {
    view_count = 6006
    forward_count = 44
    reply_info = null
    reactions = vector[0] {
    }
  }
  unread_reactions = vector[0] {
  }
  reply_in_chat_id = 0
  reply_to_message_id = 0
  message_thread_id = 0
  ttl = 0
  ttl_expires_in = 0.000000
  via_bot_user_id = 0
  author_signature = ""
  media_album_id = 0
  restriction_reason = ""
  content = messagePhoto {
    photo = photo {
      has_stickers = false
      minithumbnail = minithumbnail {
        width = 40
        height = 40
        data = bytes [823] { FF D8 FF E0 00 10 4A 46 49 46 00 01 01 00 00 01 00 01 00 00 FF DB 00 43 00 28 1C 1E 23 1E 19 28 23 21 23 2D 2B 28 30 3C 64 41 3C 37 37 3C 7B 58 5D 49 64 91 80 99 96 8F 80 8C 8A A0 B4 E6 C3 A0 ...}
      }
      sizes = vector[2] {
        photoSize {
          type = "m"
          photo = file {
            id = 668
            size = 30934
            expected_size = 30934
            local = localFile {
              path = ""
              can_be_downloaded = true
              can_be_deleted = false
              is_downloading_active = false
              is_downloading_completed = false
              download_offset = 0
              downloaded_prefix_size = 0
              downloaded_size = 0
            }
            remote = remoteFile {
              id = "AgACAgIAAx0CU63j0gACGSxizEYtI8zapr1km2iRwWmqATKInQACh70xG_U2UEpoYBBX64l4swEAAwIAA20AAykE"
              unique_id = "AQADh70xG_U2UEpy"
              is_uploading_active = false
              is_uploading_completed = true
              uploaded_size = 30934
            }
          }
          width = 320
          height = 320
          progressive_sizes = vector[0] {
          }
        }
        photoSize {
          type = "x"
          photo = file {
            id = 669
            size = 102023
            expected_size = 102023
            local = localFile {
              path = ""
              can_be_downloaded = true
              can_be_deleted = false
              is_downloading_active = false
              is_downloading_completed = false
              download_offset = 0
              downloaded_prefix_size = 0
              downloaded_size = 0
            }
            remote = remoteFile {
              id = "AgACAgIAAx0CU63j0gACGSxizEYtI8zapr1km2iRwWmqATKInQACh70xG_U2UEpoYBBX64l4swEAAwIAA3gAAykE"
              unique_id = "AQADh70xG_U2UEp9"
              is_uploading_active = false
              is_uploading_completed = true
              uploaded_size = 102023
            }
          }
          width = 736
          height = 736
          progressive_sizes = vector[0] {
          }
        }
      }
    }
    caption = formattedText {
      text = "ожидание: работа от выходных до выходных 

реальность: узнаёшь, что такое саморазвитие, выбираешь себя, находишь любимое дело, имеешь финансовую независимость, здоровую психику, каждый день узнаёшь что-то новое и общаешься с успешными людьми, пассивная жизнь больше не про тебя
#мотивация"
      entities = vector[3] {
        textEntity {
          offset = 0
          length = 9
          type = textEntityTypeBold {
          }
        }
        textEntity {
          offset = 43
          length = 11
          type = textEntityTypeBold {
          }
        }
        textEntity {
          offset = 278
          length = 10
          type = textEntityTypeHashtag {
          }
        }
      }
    }
    is_secret = false
  }
  reply_markup = replyMarkupInlineKeyboard {
    rows = vector[1] {
      vector[2] {
        inlineKeyboardButton {
          text = "👍🏻 483"
          type = inlineKeyboardButtonTypeCallback {
            data = bytes [53] { 63 6F 75 6E 74 76 33 3A 2D 31 30 30 31 34 30 33 39 30 34 39 37 38 2F 36 32 63 61 37 30 31 39 33 62 61 30 33 35 35 35 61 61 36 65 64 63 63 37 3A 48 55 6C 3A 30 }
          }
        }
        inlineKeyboardButton {
          text = "👎🏻 12"
          type = inlineKeyboardButtonTypeCallback {
            data = bytes [53] { 63 6F 75 6E 74 76 33 3A 2D 31 30 30 31 34 30 33 39 30 34 39 37 38 2F 36 32 63 61 37 30 31 39 33 62 61 30 33 35 35 35 61 61 36 65 64 63 63 37 3A 48 55 6C 3A 31 }
          }
        }
      }
    }
  }
}
[ 1][t 4][1657554481.217454195][MessagesManager.cpp:12141][#1][!Td]	Have unknown 14 unread messages up to server message 1422 in chat -1001694925716 with last_new_message_id = server message 1390, last_message_id = server message 1390, last_database_message_id = server message 1390 from ChannelFull
[ 1][t 3][1657554533.744758129][MessagesManager.cpp:34229][#1][!Td]	Ignore server message 6436 in chat -1001403904978 received not through update from updateEditChannelMessage. The maximum allowed is server message 6424, last is server message 6424, being added message is invalid message 0, channel difference chat -1001403904978 message {
  id = 6748635136
  sender_id = messageSenderChat {
    chat_id = -1001403904978
  }
  chat_id = -1001403904978
  sending_state = null
  scheduling_state = null
  is_outgoing = false
  is_pinned = false
  can_be_edited = false
  can_be_forwarded = true
  can_be_saved = true
  can_be_deleted_only_for_self = false
  can_be_deleted_for_all_users = false
  can_get_added_reactions = false
  can_get_statistics = false
  can_get_message_thread = false
  can_get_viewers = false
  can_get_media_timestamp_links = true
  has_timestamped_media = true
  is_channel_post = true
  contains_unread_mention = false
  date = 1657515921
  edit_date = 0
  forward_info = null
  interaction_info = messageInteractionInfo {
    view_count = 8907
    forward_count = 122
    reply_info = null
    reactions = vector[0] {
    }
  }
  unread_reactions = vector[0] {
  }
  reply_in_chat_id = 0
  reply_to_message_id = 0
  message_thread_id = 0
  ttl = 0
  ttl_expires_in = 0.000000
  via_bot_user_id = 0
  author_signature = ""
  media_album_id = 0
  restriction_reason = ""
  content = messagePhoto {
    photo = photo {
      has_stickers = false
      minithumbnail = minithumbnail {
        width = 40
        height = 40
        data = bytes [824] { FF D8 FF E0 00 10 4A 46 49 46 00 01 01 00 00 01 00 01 00 00 FF DB 00 43 00 28 1C 1E 23 1E 19 28 23 21 23 2D 2B 28 30 3C 64 41 3C 37 37 3C 7B 58 5D 49 64 91 80 99 96 8F 80 8C 8A A0 B4 E6 C3 A0 ...}
      }
      sizes = vector[2] {
        photoSize {
          type = "m"
          photo = file {
            id = 662
            size = 28463
            expected_size = 28463
            local = localFile {
              path = ""
              can_be_downloaded = true
              can_be_deleted = false
              is_downloading_active = false
              is_downloading_completed = false
              download_offset = 0
              downloaded_prefix_size = 0
              downloaded_size = 0
            }
            remote = remoteFile {
              id = "AgACAgIAAx0CU63j0gACGSRizEZllmTRtjDrcjWprwwjfWlDfgAChr0xG_U2UEowLPHv9JfGfwEAAwIAA20AAykE"
              unique_id = "AQADhr0xG_U2UEpy"
              is_uploading_active = false
              is_uploading_completed = true
              uploaded_size = 28463
            }
          }
          width = 320
          height = 320
          progressive_sizes = vector[0] {
          }
        }
        photoSize {
          type = "x"
          photo = file {
            id = 663
            size = 92975
            expected_size = 92975
            local = localFile {
              path = ""
              can_be_downloaded = true
              can_be_deleted = false
              is_downloading_active = false
              is_downloading_completed = false
              download_offset = 0
              downloaded_prefix_size = 0
              downloaded_size = 0
            }
            remote = remoteFile {
              id = "AgACAgIAAx0CU63j0gACGSRizEZllmTRtjDrcjWprwwjfWlDfgAChr0xG_U2UEowLPHv9JfGfwEAAwIAA3gAAykE"
              unique_id = "AQADhr0xG_U2UEp9"
              is_uploading_active = false
              is_uploading_completed = true
              uploaded_size = 92975
            }
          }
          width = 736
          height = 736
          progressive_sizes = vector[0] {
          }
        }
      }
    }
    caption = formattedText {
      text = "📌ВАЖНОЕ НАПОМИНАНИЕ: 

ты молодец, ты у себя такая умничка, и не важно, если сегодня у тебя прошёл не такой уж и продуктивный день, главное, ты стараешься, я вижу, как ты стараешься, я вижу, как ты мечтаешь, я вижу, как ты стремишься, и поэтому ты молодец. 
#мотивация"
      entities = vector[2] {
        textEntity {
          offset = 2
          length = 20
          type = textEntityTypeBold {
          }
        }
        textEntity {
          offset = 259
          length = 10
          type = textEntityTypeHashtag {
          }
        }
      }
    }
    is_secret = false
  }
  reply_markup = replyMarkupInlineKeyboard {
    rows = vector[1] {
      vector[2] {
        inlineKeyboardButton {
          text = "👍🏻 928"
          type = inlineKeyboardButtonTypeCallback {
            data = bytes [53] { 63 6F 75 6E 74 76 33 3A 2D 31 30 30 31 34 30 33 39 30 34 39 37 38 2F 36 32 63 61 36 66 66 62 34 65 33 64 38 38 61 66 61 66 36 63 30 33 35 34 3A 48 55 6C 3A 30 }
          }
        }
        inlineKeyboardButton {
          text = "👎🏻 10"
          type = inlineKeyboardButtonTypeCallback {
            data = bytes [53] { 63 6F 75 6E 74 76 33 3A 2D 31 30 30 31 34 30 33 39 30 34 39 37 38 2F 36 32 63 61 36 66 66 62 34 65 33 64 38 38 61 66 61 66 36 63 30 33 35 34 3A 48 55 6C 3A 31 }
          }
        }
      }
    }
  }
}
[ 1][t 3][1657554533.745271921][MessagesManager.cpp:34229][#1][!Td]	Ignore server message 6435 in chat -1001403904978 received not through update from updateEditChannelMessage. The maximum allowed is server message 6424, last is server message 6424, being added message is invalid message 0, channel difference chat -1001403904978 message {
  id = 6747586560
  sender_id = messageSenderChat {
    chat_id = -1001403904978
  }
  chat_id = -1001403904978
  sending_state = null
  scheduling_state = null
  is_outgoing = false
  is_pinned = false
  can_be_edited = false
  can_be_forwarded = true
  can_be_saved = true
  can_be_deleted_only_for_self = false
  can_be_deleted_for_all_users = false
  can_get_added_reactions = false
  can_get_statistics = false
  can_get_message_thread = false
  can_get_viewers = false
  can_get_media_timestamp_links = true
  has_timestamped_media = true
  is_channel_post = true
  contains_unread_mention = false
  date = 1657477140
  edit_date = 0
  forward_info = null
  interaction_info = messageInteractionInfo {
    view_count = 10698
    forward_count = 149
    reply_info = null
    reactions = vector[0] {
    }
  }
  unread_reactions = vector[0] {
  }
  reply_in_chat_id = 0
  reply_to_message_id = 0
  message_thread_id = 0
  ttl = 0
  ttl_expires_in = 0.000000
  via_bot_user_id = 0
  author_signature = ""
  media_album_id = 0
  restriction_reason = ""
  content = messagePhoto {
    photo = photo {
      has_stickers = false
      minithumbnail = minithumbnail {
        width = 40
        height = 40
        data = bytes [837] { FF D8 FF E0 00 10 4A 46 49 46 00 01 01 00 00 01 00 01 00 00 FF DB 00 43 00 28 1C 1E 23 1E 19 28 23 21 23 2D 2B 28 30 3C 64 41 3C 37 37 3C 7B 58 5D 49 64 91 80 99 96 8F 80 8C 8A A0 B4 E6 C3 A0 ...}
      }
      sizes = vector[2] {
        photoSize {
          type = "m"
          photo = file {
            id = 666
            size = 36045
            expected_size = 36045
            local = localFile {
              path = ""
              can_be_downloaded = true
              can_be_deleted = false
              is_downloading_active = false
              is_downloading_completed = false
              download_offset = 0
              downloaded_prefix_size = 0
              downloaded_size = 0
            }
            remote = remoteFile {
              id = "AgACAgIAAx0CU63j0gACGSNizEZl3kuTasDXlNyhp5lR0Ye1PAAC08ExG_3sSUoYPIjH_3C_9wEAAwIAA20AAykE"
              unique_id = "AQAD08ExG_3sSUpy"
              is_uploading_active = false
              is_uploading_completed = true
              uploaded_size = 36045
            }
          }
          width = 320
          height = 320
          progressive_sizes = vector[0] {
          }
        }
        photoSize {
          type = "x"
          photo = file {
            id = 667
            size = 124828
            expected_size = 124828
            local = localFile {
              path = ""
              can_be_downloaded = true
              can_be_deleted = false
              is_downloading_active = false
              is_downloading_completed = false
              download_offset = 0
              downloaded_prefix_size = 0
              downloaded_size = 0
            }
            remote = remoteFile {
              id = "AgACAgIAAx0CU63j0gACGSNizEZl3kuTasDXlNyhp5lR0Ye1PAAC08ExG_3sSUoYPIjH_3C_9wEAAwIAA3gAAykE"
              unique_id = "AQAD08ExG_3sSUp9"
              is_uploading_active = false
              is_uploading_completed = true
              uploaded_size = 124828
            }
          }
          width = 736
          height = 736
          progressive_sizes = vector[0] {
          }
        }
      }
    }
    caption = formattedText {
      text = "у вас бывает такое, что ничего не хочется. смотреть фильмы/сериалы — тошно, читать — скучно, видео на ютубе — неинтересно, заниматься уроками — вообще ужас. просто лежишь и чувство, будто ты застрял во времени, а всё вокруг двигается дальше, обходя тебя стороной. просто знай, что это состояние пройдёт. ты снова почувствуешь прилив сил для реализации своих целей. просто дай себе время. это тоже часть твоего пути. 
#мотивация"
      entities = vector[1] {
        textEntity {
          offset = 417
          length = 10
          type = textEntityTypeHashtag {
          }
        }
      }
    }
    is_secret = false
  }
  reply_markup = replyMarkupInlineKeyboard {
    rows = vector[1] {
      vector[2] {
        inlineKeyboardButton {
          text = "👍🏻 1184"
          type = inlineKeyboardButtonTypeCallback {
            data = bytes [53] { 63 6F 75 6E 74 76 33 3A 2D 31 30 30 31 34 30 33 39 30 34 39 37 38 2F 36 32 63 39 30 33 62 31 33 62 61 30 33 35 34 30 64 31 36 63 66 34 35 36 3A 48 55 6C 3A 30 }
          }
        }
        inlineKeyboardButton {
          text = "👎🏻 8"
          type = inlineKeyboardButtonTypeCallback {
            data = bytes [53] { 63 6F 75 6E 74 76 33 3A 2D 31 30 30 31 34 30 33 39 30 34 39 37 38 2F 36 32 63 39 30 33 62 31 33 62 61 30 33 35 34 30 64 31 36 63 66 34 35 36 3A 48 55 6C 3A 31 }
          }
        }
      }
    }
  }
}
[ 1][t 3][1657554533.745719194][MessagesManager.cpp:34229][#1][!Td]	Ignore server message 6444 in chat -1001403904978 received not through update from updateEditChannelMessage. The maximum allowed is server message 6424, last is server message 6424, being added message is invalid message 0, channel difference chat -1001403904978 message {
  id = 6757023744
  sender_id = messageSenderChat {
    chat_id = -1001403904978
  }
  chat_id = -1001403904978
  sending_state = null
  scheduling_state = null
  is_outgoing = false
  is_pinned = false
  can_be_edited = false
  can_be_forwarded = true
  can_be_saved = true
  can_be_deleted_only_for_self = false
  can_be_deleted_for_all_users = false
  can_get_added_reactions = false
  can_get_statistics = false
  can_get_message_thread = false
  can_get_viewers = false
  can_get_media_timestamp_links = true
  has_timestamped_media = true
  is_channel_post = true
  contains_unread_mention = false
  date = 1657537562
  edit_date = 0
  forward_info = null
  interaction_info = messageInteractionInfo {
    view_count = 6006
    forward_count = 44
    reply_info = null
    reactions = vector[0] {
    }
  }
  unread_reactions = vector[0] {
  }
  reply_in_chat_id = 0
  reply_to_message_id = 0
  message_thread_id = 0
  ttl = 0
  ttl_expires_in = 0.000000
  via_bot_user_id = 0
  author_signature = ""
  media_album_id = 0
  restriction_reason = ""
  content = messagePhoto {
    photo = photo {
      has_stickers = false
      minithumbnail = minithumbnail {
        width = 40
        height = 40
        data = bytes [823] { FF D8 FF E0 00 10 4A 46 49 46 00 01 01 00 00 01 00 01 00 00 FF DB 00 43 00 28 1C 1E 23 1E 19 28 23 21 23 2D 2B 28 30 3C 64 41 3C 37 37 3C 7B 58 5D 49 64 91 80 99 96 8F 80 8C 8A A0 B4 E6 C3 A0 ...}
      }
      sizes = vector[2] {
        photoSize {
          type = "m"
          photo = file {
            id = 668
            size = 30934
            expected_size = 30934
            local = localFile {
              path = ""
              can_be_downloaded = true
              can_be_deleted = false
              is_downloading_active = false
              is_downloading_completed = false
              download_offset = 0
              downloaded_prefix_size = 0
              downloaded_size = 0
            }
            remote = remoteFile {
              id = "AgACAgIAAx0CU63j0gACGSxizEZlbsYKKUqmTTWU7i0Q-JD_qQACh70xG_U2UEpoYBBX64l4swEAAwIAA20AAykE"
              unique_id = "AQADh70xG_U2UEpy"
              is_uploading_active = false
              is_uploading_completed = true
              uploaded_size = 30934
            }
          }
          width = 320
          height = 320
          progressive_sizes = vector[0] {
          }
        }
        photoSize {
          type = "x"
          photo = file {
            id = 669
            size = 102023
            expected_size = 102023
            local = localFile {
              path = ""
              can_be_downloaded = true
              can_be_deleted = false
              is_downloading_active = false
              is_downloading_completed = false
              download_offset = 0
              downloaded_prefix_size = 0
              downloaded_size = 0
            }
            remote = remoteFile {
              id = "AgACAgIAAx0CU63j0gACGSxizEZlbsYKKUqmTTWU7i0Q-JD_qQACh70xG_U2UEpoYBBX64l4swEAAwIAA3gAAykE"
              unique_id = "AQADh70xG_U2UEp9"
              is_uploading_active = false
              is_uploading_completed = true
              uploaded_size = 102023
            }
          }
          width = 736
          height = 736
          progressive_sizes = vector[0] {
          }
        }
      }
    }
    caption = formattedText {
      text = "ожидание: работа от выходных до выходных 

реальность: узнаёшь, что такое саморазвитие, выбираешь себя, находишь любимое дело, имеешь финансовую независимость, здоровую психику, каждый день узнаёшь что-то новое и общаешься с успешными людьми, пассивная жизнь больше не про тебя
#мотивация"
      entities = vector[3] {
        textEntity {
          offset = 0
          length = 9
          type = textEntityTypeBold {
          }
        }
        textEntity {
          offset = 43
          length = 11
          type = textEntityTypeBold {
          }
        }
        textEntity {
          offset = 278
          length = 10
          type = textEntityTypeHashtag {
          }
        }
      }
    }
    is_secret = false
  }
  reply_markup = replyMarkupInlineKeyboard {
    rows = vector[1] {
      vector[2] {
        inlineKeyboardButton {
          text = "👍🏻 483"
          type = inlineKeyboardButtonTypeCallback {
            data = bytes [53] { 63 6F 75 6E 74 76 33 3A 2D 31 30 30 31 34 30 33 39 30 34 39 37 38 2F 36 32 63 61 37 30 31 39 33 62 61 30 33 35 35 35 61 61 36 65 64 63 63 37 3A 48 55 6C 3A 30 }
          }
        }
        inlineKeyboardButton {
          text = "👎🏻 12"
          type = inlineKeyboardButtonTypeCallback {
            data = bytes [53] { 63 6F 75 6E 74 76 33 3A 2D 31 30 30 31 34 30 33 39 30 34 39 37 38 2F 36 32 63 61 37 30 31 39 33 62 61 30 33 35 35 35 61 61 36 65 64 63 63 37 3A 48 55 6C 3A 31 }
          }
        }
      }
    }
  }
}
[ 1][t 3][1657554537.280959606][MessagesManager.cpp:12141][#1][!Td]	Have unknown 14 unread messages up to server message 1422 in chat -1001694925716 with last_new_message_id = server message 1390, last_message_id = server message 1390, last_database_message_id = server message 1390 from ChannelFull
[ 1][t 3][1657554665.089433193][MessagesManager.cpp:34229][#1][!Td]	Ignore server message 6444 in chat -1001403904978 received not through update from updateEditChannelMessage. The maximum allowed is server message 6424, last is server message 6424, being added message is invalid message 0, channel difference chat 0 message {
  id = 6757023744
  sender_id = messageSenderChat {
    chat_id = -1001403904978
  }
  chat_id = -1001403904978
  sending_state = null
  scheduling_state = null
  is_outgoing = false
  is_pinned = false
  can_be_edited = false
  can_be_forwarded = true
  can_be_saved = true
  can_be_deleted_only_for_self = false
  can_be_deleted_for_all_users = false
  can_get_added_reactions = false
  can_get_statistics = false
  can_get_message_thread = false
  can_get_viewers = false
  can_get_media_timestamp_links = true
  has_timestamped_media = true
  is_channel_post = true
  contains_unread_mention = false
  date = 1657537562
  edit_date = 0
  forward_info = null
  interaction_info = messageInteractionInfo {
    view_count = 6006
    forward_count = 44
    reply_info = null
    reactions = vector[0] {
    }
  }
  unread_reactions = vector[0] {
  }
  reply_in_chat_id = 0
  reply_to_message_id = 0
  message_thread_id = 0
  ttl = 0
  ttl_expires_in = 0.000000
  via_bot_user_id = 0
  author_signature = ""
  media_album_id = 0
  restriction_reason = ""
  content = messagePhoto {
    photo = photo {
      has_stickers = false
      minithumbnail = minithumbnail {
        width = 40
        height = 40
        data = bytes [823] { FF D8 FF E0 00 10 4A 46 49 46 00 01 01 00 00 01 00 01 00 00 FF DB 00 43 00 28 1C 1E 23 1E 19 28 23 21 23 2D 2B 28 30 3C 64 41 3C 37 37 3C 7B 58 5D 49 64 91 80 99 96 8F 80 8C 8A A0 B4 E6 C3 A0 ...}
      }
      sizes = vector[2] {
        photoSize {
          type = "m"
          photo = file {
            id = 668
            size = 30934
            expected_size = 30934
            local = localFile {
              path = ""
              can_be_downloaded = true
              can_be_deleted = false
              is_downloading_active = false
              is_downloading_completed = false
              download_offset = 0
              downloaded_prefix_size = 0
              downloaded_size = 0
            }
            remote = remoteFile {
              id = "AgACAgIAAx0CU63j0gACGSxizEbkAAFCB6pU3UfPN-1ghFnKRuYAAoe9MRv1NlBKvH2KFSVhOKQBAAMCAANtAAMpBA"
              unique_id = "AQADh70xG_U2UEpy"
              is_uploading_active = false
              is_uploading_completed = true
              uploaded_size = 30934
            }
          }
          width = 320
          height = 320
          progressive_sizes = vector[0] {
          }
        }
        photoSize {
          type = "x"
          photo = file {
            id = 669
            size = 102023
            expected_size = 102023
            local = localFile {
              path = ""
              can_be_downloaded = true
              can_be_deleted = false
              is_downloading_active = false
              is_downloading_completed = false
              download_offset = 0
              downloaded_prefix_size = 0
              downloaded_size = 0
            }
            remote = remoteFile {
              id = "AgACAgIAAx0CU63j0gACGSxizEbkAAFCB6pU3UfPN-1ghFnKRuYAAoe9MRv1NlBKvH2KFSVhOKQBAAMCAAN4AAMpBA"
              unique_id = "AQADh70xG_U2UEp9"
              is_uploading_active = false
              is_uploading_completed = true
              uploaded_size = 102023
            }
          }
          width = 736
          height = 736
          progressive_sizes = vector[0] {
          }
        }
      }
    }
    caption = formattedText {
      text = "ожидание: работа от выходных до выходных 

реальность: узнаёшь, что такое саморазвитие, выбираешь себя, находишь любимое дело, имеешь финансовую независимость, здоровую психику, каждый день узнаёшь что-то новое и общаешься с успешными людьми, пассивная жизнь больше не про тебя
#мотивация"
      entities = vector[3] {
        textEntity {
          offset = 0
          length = 9
          type = textEntityTypeBold {
          }
        }
        textEntity {
          offset = 43
          length = 11
          type = textEntityTypeBold {
          }
        }
        textEntity {
          offset = 278
          length = 10
          type = textEntityTypeHashtag {
          }
        }
      }
    }
    is_secret = false
  }
  reply_markup = replyMarkupInlineKeyboard {
    rows = vector[1] {
      vector[2] {
        inlineKeyboardButton {
          text = "👍🏻 484"
          type = inlineKeyboardButtonTypeCallback {
            data = bytes [53] { 63 6F 75 6E 74 76 33 3A 2D 31 30 30 31 34 30 33 39 30 34 39 37 38 2F 36 32 63 61 37 30 31 39 33 62 61 30 33 35 35 35 61 61 36 65 64 63 63 37 3A 48 55 6C 3A 30 }
          }
        }
        inlineKeyboardButton {
          text = "👎🏻 12"
          type = inlineKeyboardButtonTypeCallback {
            data = bytes [53] { 63 6F 75 6E 74 76 33 3A 2D 31 30 30 31 34 30 33 39 30 34 39 37 38 2F 36 32 63 61 37 30 31 39 33 62 61 30 33 35 35 35 61 61 36 65 64 63 63 37 3A 48 55 6C 3A 31 }
          }
        }
      }
    }
  }
}
[ 1][t 3][1657554678.067484378][MessagesManager.cpp:34229][#1][!Td]	Ignore server message 6436 in chat -1001403904978 received not through update from updateEditChannelMessage. The maximum allowed is server message 6424, last is server message 6424, being added message is invalid message 0, channel difference chat 0 message {
  id = 6748635136
  sender_id = messageSenderChat {
    chat_id = -1001403904978
  }
  chat_id = -1001403904978
  sending_state = null
  scheduling_state = null
  is_outgoing = false
  is_pinned = false
  can_be_edited = false
  can_be_forwarded = true
  can_be_saved = true
  can_be_deleted_only_for_self = false
  can_be_deleted_for_all_users = false
  can_get_added_reactions = false
  can_get_statistics = false
  can_get_message_thread = false
  can_get_viewers = false
  can_get_media_timestamp_links = true
  has_timestamped_media = true
  is_channel_post = true
  contains_unread_mention = false
  date = 1657515921
  edit_date = 0
  forward_info = null
  interaction_info = messageInteractionInfo {
    view_count = 8907
    forward_count = 122
    reply_info = null
    reactions = vector[0] {
    }
  }
  unread_reactions = vector[0] {
  }
  reply_in_chat_id = 0
  reply_to_message_id = 0
  message_thread_id = 0
  ttl = 0
  ttl_expires_in = 0.000000
  via_bot_user_id = 0
  author_signature = ""
  media_album_id = 0
  restriction_reason = ""
  content = messagePhoto {
    photo = photo {
      has_stickers = false
      minithumbnail = minithumbnail {
        width = 40
        height = 40
        data = bytes [824] { FF D8 FF E0 00 10 4A 46 49 46 00 01 01 00 00 01 00 01 00 00 FF DB 00 43 00 28 1C 1E 23 1E 19 28 23 21 23 2D 2B 28 30 3C 64 41 3C 37 37 3C 7B 58 5D 49 64 91 80 99 96 8F 80 8C 8A A0 B4 E6 C3 A0 ...}
      }
      sizes = vector[2] {
        photoSize {
          type = "m"
          photo = file {
            id = 662
            size = 28463
            expected_size = 28463
            local = localFile {
              path = ""
              can_be_downloaded = true
              can_be_deleted = false
              is_downloading_active = false
              is_downloading_completed = false
              download_offset = 0
              downloaded_prefix_size = 0
              downloaded_size = 0
            }
            remote = remoteFile {
              id = "AgACAgIAAx0CU63j0gACGSRizEb160qk7gQDdbhxGwaK740jIAAChr0xG_U2UEpkcdPmXtFPFgEAAwIAA20AAykE"
              unique_id = "AQADhr0xG_U2UEpy"
              is_uploading_active = false
              is_uploading_completed = true
              uploaded_size = 28463
            }
          }
          width = 320
          height = 320
          progressive_sizes = vector[0] {
          }
        }
        photoSize {
          type = "x"
          photo = file {
            id = 663
            size = 92975
            expected_size = 92975
            local = localFile {
              path = ""
              can_be_downloaded = true
              can_be_deleted = false
              is_downloading_active = false
              is_downloading_completed = false
              download_offset = 0
              downloaded_prefix_size = 0
              downloaded_size = 0
            }
            remote = remoteFile {
              id = "AgACAgIAAx0CU63j0gACGSRizEb160qk7gQDdbhxGwaK740jIAAChr0xG_U2UEpkcdPmXtFPFgEAAwIAA3gAAykE"
              unique_id = "AQADhr0xG_U2UEp9"
              is_uploading_active = false
              is_uploading_completed = true
              uploaded_size = 92975
            }
          }
          width = 736
          height = 736
          progressive_sizes = vector[0] {
          }
        }
      }
    }
    caption = formattedText {
      text = "📌ВАЖНОЕ НАПОМИНАНИЕ: 

ты молодец, ты у себя такая умничка, и не важно, если сегодня у тебя прошёл не такой уж и продуктивный день, главное, ты стараешься, я вижу, как ты стараешься, я вижу, как ты мечтаешь, я вижу, как ты стремишься, и поэтому ты молодец. 
#мотивация"
      entities = vector[2] {
        textEntity {
          offset = 2
          length = 20
          type = textEntityTypeBold {
          }
        }
        textEntity {
          offset = 259
          length = 10
          type = textEntityTypeHashtag {
          }
        }
      }
    }
    is_secret = false
  }
  reply_markup = replyMarkupInlineKeyboard {
    rows = vector[1] {
      vector[2] {
        inlineKeyboardButton {
          text = "👍🏻 929"
          type = inlineKeyboardButtonTypeCallback {
            data = bytes [53] { 63 6F 75 6E 74 76 33 3A 2D 31 30 30 31 34 30 33 39 30 34 39 37 38 2F 36 32 63 61 36 66 66 62 34 65 33 64 38 38 61 66 61 66 36 63 30 33 35 34 3A 48 55 6C 3A 30 }
          }
        }
        inlineKeyboardButton {
          text = "👎🏻 10"
          type = inlineKeyboardButtonTypeCallback {
            data = bytes [53] { 63 6F 75 6E 74 76 33 3A 2D 31 30 30 31 34 30 33 39 30 34 39 37 38 2F 36 32 63 61 36 66 66 62 34 65 33 64 38 38 61 66 61 66 36 63 30 33 35 34 3A 48 55 6C 3A 31 }
          }
        }
      }
    }
  }
}
[ 1][t 3][1657554708.245250463][MessagesManager.cpp:34229][#1][!Td]	Ignore server message 6444 in chat -1001403904978 received not through update from updateEditChannelMessage. The maximum allowed is server message 6424, last is server message 6424, being added message is invalid message 0, channel difference chat 0 message {
  id = 6757023744
  sender_id = messageSenderChat {
    chat_id = -1001403904978
  }
  chat_id = -1001403904978
  sending_state = null
  scheduling_state = null
  is_outgoing = false
  is_pinned = false
  can_be_edited = false
  can_be_forwarded = true
  can_be_saved = true
  can_be_deleted_only_for_self = false
  can_be_deleted_for_all_users = false
  can_get_added_reactions = false
  can_get_statistics = false
  can_get_message_thread = false
  can_get_viewers = false
  can_get_media_timestamp_links = true
  has_timestamped_media = true
  is_channel_post = true
  contains_unread_mention = false
  date = 1657537562
  edit_date = 0
  forward_info = null
  interaction_info = messageInteractionInfo {
    view_count = 6006
    forward_count = 44
    reply_info = null
    reactions = vector[0] {
    }
  }
  unread_reactions = vector[0] {
  }
  reply_in_chat_id = 0
  reply_to_message_id = 0
  message_thread_id = 0
  ttl = 0
  ttl_expires_in = 0.000000
  via_bot_user_id = 0
  author_signature = ""
  media_album_id = 0
  restriction_reason = ""
  content = messagePhoto {
    photo = photo {
      has_stickers = false
      minithumbnail = minithumbnail {
        width = 40
        height = 40
        data = bytes [823] { FF D8 FF E0 00 10 4A 46 49 46 00 01 01 00 00 01 00 01 00 00 FF DB 00 43 00 28 1C 1E 23 1E 19 28 23 21 23 2D 2B 28 30 3C 64 41 3C 37 37 3C 7B 58 5D 49 64 91 80 99 96 8F 80 8C 8A A0 B4 E6 C3 A0 ...}
      }
      sizes = vector[2] {
        photoSize {
          type = "m"
          photo = file {
            id = 668
            size = 30934
            expected_size = 30934
            local = localFile {
              path = ""
              can_be_downloaded = true
              can_be_deleted = false
              is_downloading_active = false
              is_downloading_completed = false
              download_offset = 0
              downloaded_prefix_size = 0
              downloaded_size = 0
            }
            remote = remoteFile {
              id = "AgACAgIAAx0CU63j0gACGSxizEcDDJndL0XCG6_dC1rzMPu1eQACh70xG_U2UEq8fYoVJWE4pAEAAwIAA20AAykE"
              unique_id = "AQADh70xG_U2UEpy"
              is_uploading_active = false
              is_uploading_completed = true
              uploaded_size = 30934
            }
          }
          width = 320
          height = 320
          progressive_sizes = vector[0] {
          }
        }
        photoSize {
          type = "x"
          photo = file {
            id = 669
            size = 102023
            expected_size = 102023
            local = localFile {
              path = ""
              can_be_downloaded = true
              can_be_deleted = false
              is_downloading_active = false
              is_downloading_completed = false
              download_offset = 0
              downloaded_prefix_size = 0
              downloaded_size = 0
            }
            remote = remoteFile {
              id = "AgACAgIAAx0CU63j0gACGSxizEcDDJndL0XCG6_dC1rzMPu1eQACh70xG_U2UEq8fYoVJWE4pAEAAwIAA3gAAykE"
              unique_id = "AQADh70xG_U2UEp9"
              is_uploading_active = false
              is_uploading_completed = true
              uploaded_size = 102023
            }
          }
          width = 736
          height = 736
          progressive_sizes = vector[0] {
          }
        }
      }
    }
    caption = formattedText {
      text = "ожидание: работа от выходных до выходных 

реальность: узнаёшь, что такое саморазвитие, выбираешь себя, находишь любимое дело, имеешь финансовую независимость, здоровую психику, каждый день узнаёшь что-то новое и общаешься с успешными людьми, пассивная жизнь больше не про тебя
#мотивация"
      entities = vector[3] {
        textEntity {
          offset = 0
          length = 9
          type = textEntityTypeBold {
          }
        }
        textEntity {
          offset = 43
          length = 11
          type = textEntityTypeBold {
          }
        }
        textEntity {
          offset = 278
          length = 10
          type = textEntityTypeHashtag {
          }
        }
      }
    }
    is_secret = false
  }
  reply_markup = replyMarkupInlineKeyboard {
    rows = vector[1] {
      vector[2] {
        inlineKeyboardButton {
          text = "👍🏻 485"
          type = inlineKeyboardButtonTypeCallback {
            data = bytes [53] { 63 6F 75 6E 74 76 33 3A 2D 31 30 30 31 34 30 33 39 30 34 39 37 38 2F 36 32 63 61 37 30 31 39 33 62 61 30 33 35 35 35 61 61 36 65 64 63 63 37 3A 48 55 6C 3A 30 }
          }
        }
        inlineKeyboardButton {
          text = "👎🏻 12"
          type = inlineKeyboardButtonTypeCallback {
            data = bytes [53] { 63 6F 75 6E 74 76 33 3A 2D 31 30 30 31 34 30 33 39 30 34 39 37 38 2F 36 32 63 61 37 30 31 39 33 62 61 30 33 35 35 35 61 61 36 65 64 63 63 37 3A 48 55 6C 3A 31 }
          }
        }
      }
    }
  }
}
[ 1][t 3][1657555039.488755702][MessagesManager.cpp:34229][#1][!Td]	Ignore server message 6433 in chat -1001403904978 received not through update from updateEditChannelMessage. The maximum allowed is server message 6424, last is server message 6424, being added message is invalid message 0, channel difference chat 0 message {
  id = 6745489408
  sender_id = messageSenderChat {
    chat_id = -1001403904978
  }
  chat_id = -1001403904978
  sending_state = null
  scheduling_state = null
  is_outgoing = false
  is_pinned = false
  can_be_edited = false
  can_be_forwarded = true
  can_be_saved = true
  can_be_deleted_only_for_self = false
  can_be_deleted_for_all_users = false
  can_get_added_reactions = false
  can_get_statistics = false
  can_get_message_thread = false
  can_get_viewers = false
  can_get_media_timestamp_links = true
  has_timestamped_media = true
  is_channel_post = true
  contains_unread_mention = false
  date = 1657461910
  edit_date = 0
  forward_info = null
  interaction_info = messageInteractionInfo {
    view_count = 11706
    forward_count = 192
    reply_info = null
    reactions = vector[0] {
    }
  }
  unread_reactions = vector[0] {
  }
  reply_in_chat_id = 0
  reply_to_message_id = 0
  message_thread_id = 0
  ttl = 0
  ttl_expires_in = 0.000000
  via_bot_user_id = 0
  author_signature = ""
  media_album_id = 0
  restriction_reason = ""
  content = messagePhoto {
    photo = photo {
      has_stickers = false
      minithumbnail = minithumbnail {
        width = 40
        height = 40
        data = bytes [895] { FF D8 FF E0 00 10 4A 46 49 46 00 01 01 00 00 01 00 01 00 00 FF DB 00 43 00 28 1C 1E 23 1E 19 28 23 21 23 2D 2B 28 30 3C 64 41 3C 37 37 3C 7B 58 5D 49 64 91 80 99 96 8F 80 8C 8A A0 B4 E6 C3 A0 ...}
      }
      sizes = vector[2] {
        photoSize {
          type = "m"
          photo = file {
            id = 1759
            size = 38221
            expected_size = 38221
            local = localFile {
              path = ""
              can_be_downloaded = true
              can_be_deleted = false
              is_downloading_active = false
              is_downloading_completed = false
              download_offset = 0
              downloaded_prefix_size = 0
              downloaded_size = 0
            }
            remote = remoteFile {
              id = "AgACAgIAAx0CU63j0gACGSFizEhTdhz6KDh6G3uhCd6GHzIG1wAC0sExG_3sSUoXUYa2mYpYPgEAAwIAA20AAykE"
              unique_id = "AQAD0sExG_3sSUpy"
              is_uploading_active = false
              is_uploading_completed = true
              uploaded_size = 38221
            }
          }
          width = 320
          height = 320
          progressive_sizes = vector[0] {
          }
        }
        photoSize {
          type = "x"
          photo = file {
            id = 1760
            size = 132157
            expected_size = 132157
            local = localFile {
              path = ""
              can_be_downloaded = true
              can_be_deleted = false
              is_downloading_active = false
              is_downloading_completed = false
              download_offset = 0
              downloaded_prefix_size = 0
              downloaded_size = 0
            }
            remote = remoteFile {
              id = "AgACAgIAAx0CU63j0gACGSFizEhTdhz6KDh6G3uhCd6GHzIG1wAC0sExG_3sSUoXUYa2mYpYPgEAAwIAA3gAAykE"
              unique_id = "AQAD0sExG_3sSUp9"
              is_uploading_active = false
              is_uploading_completed = true
              uploaded_size = 132157
            }
          }
          width = 736
          height = 736
          progressive_sizes = vector[0] {
          }
        }
      }
    }
    caption = formattedText {
      text = "1. важно не то, сколько ты спишь, а что делаешь когда проснулась 
2. важна не длина выходных, а умением ими пользоваться 
3. важны не твои оценки, а твоя личность 
4. важно не мнение других людей о тебе, а твоё мнение о себе 
5. важна не длина твоего списка дел, а сколько из этих дел тебя приведут к мечте 
#саморазвитие"
      entities = vector[6] {
        textEntity {
          offset = 0
          length = 2
          type = textEntityTypeBold {
          }
        }
        textEntity {
          offset = 66
          length = 3
          type = textEntityTypeBold {
          }
        }
        textEntity {
          offset = 122
          length = 3
          type = textEntityTypeBold {
          }
        }
        textEntity {
          offset = 164
          length = 3
          type = textEntityTypeBold {
          }
        }
        textEntity {
          offset = 226
          length = 3
          type = textEntityTypeBold {
          }
        }
        textEntity {
          offset = 308
          length = 13
          type = textEntityTypeHashtag {
          }
        }
      }
    }
    is_secret = false
  }
  reply_markup = replyMarkupInlineKeyboard {
    rows = vector[1] {
      vector[2] {
        inlineKeyboardButton {
          text = "👍🏻 911"
          type = inlineKeyboardButtonTypeCallback {
            data = bytes [53] { 63 6F 75 6E 74 76 33 3A 2D 31 30 30 31 34 30 33 39 30 34 39 37 38 2F 36 32 63 39 30 33 39 38 33 62 61 30 33 35 31 62 65 36 36 63 66 34 35 32 3A 48 55 6C 3A 30 }
          }
        }
        inlineKeyboardButton {
          text = "👎🏻 19"
          type = inlineKeyboardButtonTypeCallback {
            data = bytes [53] { 63 6F 75 6E 74 76 33 3A 2D 31 30 30 31 34 30 33 39 30 34 39 37 38 2F 36 32 63 39 30 33 39 38 33 62 61 30 33 35 31 62 65 36 36 63 66 34 35 32 3A 48 55 6C 3A 31 }
          }
        }
      }
    }
  }
}
[ 1][t 3][1657555069.676568508][MessagesManager.cpp:34229][#1][!Td]	Ignore server message 6444 in chat -1001403904978 received not through update from updateEditChannelMessage. The maximum allowed is server message 6424, last is server message 6424, being added message is invalid message 0, channel difference chat 0 message {
  id = 6757023744
  sender_id = messageSenderChat {
    chat_id = -1001403904978
  }
  chat_id = -1001403904978
  sending_state = null
  scheduling_state = null
  is_outgoing = false
  is_pinned = false
  can_be_edited = false
  can_be_forwarded = true
  can_be_saved = true
  can_be_deleted_only_for_self = false
  can_be_deleted_for_all_users = false
  can_get_added_reactions = false
  can_get_statistics = false
  can_get_message_thread = false
  can_get_viewers = false
  can_get_media_timestamp_links = true
  has_timestamped_media = true
  is_channel_post = true
  contains_unread_mention = false
  date = 1657537562
  edit_date = 0
  forward_info = null
  interaction_info = messageInteractionInfo {
    view_count = 6077
    forward_count = 44
    reply_info = null
    reactions = vector[0] {
    }
  }
  unread_reactions = vector[0] {
  }
  reply_in_chat_id = 0
  reply_to_message_id = 0
  message_thread_id = 0
  ttl = 0
  ttl_expires_in = 0.000000
  via_bot_user_id = 0
  author_signature = ""
  media_album_id = 0
  restriction_reason = ""
  content = messagePhoto {
    photo = photo {
      has_stickers = false
      minithumbnail = minithumbnail {
        width = 40
        height = 40
        data = bytes [823] { FF D8 FF E0 00 10 4A 46 49 46 00 01 01 00 00 01 00 01 00 00 FF DB 00 43 00 28 1C 1E 23 1E 19 28 23 21 23 2D 2B 28 30 3C 64 41 3C 37 37 3C 7B 58 5D 49 64 91 80 99 96 8F 80 8C 8A A0 B4 E6 C3 A0 ...}
      }
      sizes = vector[2] {
        photoSize {
          type = "m"
          photo = file {
            id = 668
            size = 30934
            expected_size = 30934
            local = localFile {
              path = ""
              can_be_downloaded = true
              can_be_deleted = false
              is_downloading_active = false
              is_downloading_completed = false
              download_offset = 0
              downloaded_prefix_size = 0
              downloaded_size = 0
            }
            remote = remoteFile {
              id = "AgACAgIAAx0CU63j0gACGSxizEh1sdj4aXcE7dVi3sYHDwwvZgACh70xG_U2UEq8fYoVJWE4pAEAAwIAA20AAykE"
              unique_id = "AQADh70xG_U2UEpy"
              is_uploading_active = false
              is_uploading_completed = true
              uploaded_size = 30934
            }
          }
          width = 320
          height = 320
          progressive_sizes = vector[0] {
          }
        }
        photoSize {
          type = "x"
          photo = file {
            id = 669
            size = 102023
            expected_size = 102023
            local = localFile {
              path = ""
              can_be_downloaded = true
              can_be_deleted = false
              is_downloading_active = false
              is_downloading_completed = false
              download_offset = 0
              downloaded_prefix_size = 0
              downloaded_size = 0
            }
            remote = remoteFile {
              id = "AgACAgIAAx0CU63j0gACGSxizEh1sdj4aXcE7dVi3sYHDwwvZgACh70xG_U2UEq8fYoVJWE4pAEAAwIAA3gAAykE"
              unique_id = "AQADh70xG_U2UEp9"
              is_uploading_active = false
              is_uploading_completed = true
              uploaded_size = 102023
            }
          }
          width = 736
          height = 736
          progressive_sizes = vector[0] {
          }
        }
      }
    }
    caption = formattedText {
      text = "ожидание: работа от выходных до выходных 

реальность: узнаёшь, что такое саморазвитие, выбираешь себя, находишь любимое дело, имеешь финансовую независимость, здоровую психику, каждый день узнаёшь что-то новое и общаешься с успешными людьми, пассивная жизнь больше не про тебя
#мотивация"
      entities = vector[3] {
        textEntity {
          offset = 0
          length = 9
          type = textEntityTypeBold {
          }
        }
        textEntity {
          offset = 43
          length = 11
          type = textEntityTypeBold {
          }
        }
        textEntity {
          offset = 278
          length = 10
          type = textEntityTypeHashtag {
          }
        }
      }
    }
    is_secret = false
  }
  reply_markup = replyMarkupInlineKeyboard {
    rows = vector[1] {
      vector[2] {
        inlineKeyboardButton {
          text = "👍🏻 486"
          type = inlineKeyboardButtonTypeCallback {
            data = bytes [53] { 63 6F 75 6E 74 76 33 3A 2D 31 30 30 31 34 30 33 39 30 34 39 37 38 2F 36 32 63 61 37 30 31 39 33 62 61 30 33 35 35 35 61 61 36 65 64 63 63 37 3A 48 55 6C 3A 30 }
          }
        }
        inlineKeyboardButton {
          text = "👎🏻 12"
          type = inlineKeyboardButtonTypeCallback {
            data = bytes [53] { 63 6F 75 6E 74 76 33 3A 2D 31 30 30 31 34 30 33 39 30 34 39 37 38 2F 36 32 63 61 37 30 31 39 33 62 61 30 33 35 35 35 61 61 36 65 64 63 63 37 3A 48 55 6C 3A 31 }
          }
        }
      }
    }
  }
}
[ 1][t 3][1657555131.266961574][MessagesManager.cpp:34229][#1][!Td]	Ignore server message 6444 in chat -1001403904978 received not through update from updateEditChannelMessage. The maximum allowed is server message 6424, last is server message 6424, being added message is invalid message 0, channel difference chat 0 message {
  id = 6757023744
  sender_id = messageSenderChat {
    chat_id = -1001403904978
  }
  chat_id = -1001403904978
  sending_state = null
  scheduling_state = null
  is_outgoing = false
  is_pinned = false
  can_be_edited = false
  can_be_forwarded = true
  can_be_saved = true
  can_be_deleted_only_for_self = false
  can_be_deleted_for_all_users = false
  can_get_added_reactions = false
  can_get_statistics = false
  can_get_message_thread = false
  can_get_viewers = false
  can_get_media_timestamp_links = true
  has_timestamped_media = true
  is_channel_post = true
  contains_unread_mention = false
  date = 1657537562
  edit_date = 0
  forward_info = null
  interaction_info = messageInteractionInfo {
    view_count = 6096
    forward_count = 44
    reply_info = null
    reactions = vector[0] {
    }
  }
  unread_reactions = vector[0] {
  }
  reply_in_chat_id = 0
  reply_to_message_id = 0
  message_thread_id = 0
  ttl = 0
  ttl_expires_in = 0.000000
  via_bot_user_id = 0
  author_signature = ""
  media_album_id = 0
  restriction_reason = ""
  content = messagePhoto {
    photo = photo {
      has_stickers = false
      minithumbnail = minithumbnail {
        width = 40
        height = 40
        data = bytes [823] { FF D8 FF E0 00 10 4A 46 49 46 00 01 01 00 00 01 00 01 00 00 FF DB 00 43 00 28 1C 1E 23 1E 19 28 23 21 23 2D 2B 28 30 3C 64 41 3C 37 37 3C 7B 58 5D 49 64 91 80 99 96 8F 80 8C 8A A0 B4 E6 C3 A0 ...}
      }
      sizes = vector[2] {
        photoSize {
          type = "m"
          photo = file {
            id = 668
            size = 30934
            expected_size = 30934
            local = localFile {
              path = ""
              can_be_downloaded = true
              can_be_deleted = false
              is_downloading_active = false
              is_downloading_completed = false
              download_offset = 0
              downloaded_prefix_size = 0
              downloaded_size = 0
            }
            remote = remoteFile {
              id = "AgACAgIAAx0CU63j0gACGSxizEi4NZlWce9_lJpbFV_jOotYbwACh70xG_U2UEq8fYoVJWE4pAEAAwIAA20AAykE"
              unique_id = "AQADh70xG_U2UEpy"
              is_uploading_active = false
              is_uploading_completed = true
              uploaded_size = 30934
            }
          }
          width = 320
          height = 320
          progressive_sizes = vector[0] {
          }
        }
        photoSize {
          type = "x"
          photo = file {
            id = 669
            size = 102023
            expected_size = 102023
            local = localFile {
              path = ""
              can_be_downloaded = true
              can_be_deleted = false
              is_downloading_active = false
              is_downloading_completed = false
              download_offset = 0
              downloaded_prefix_size = 0
              downloaded_size = 0
            }
            remote = remoteFile {
              id = "AgACAgIAAx0CU63j0gACGSxizEi4NZlWce9_lJpbFV_jOotYbwACh70xG_U2UEq8fYoVJWE4pAEAAwIAA3gAAykE"
              unique_id = "AQADh70xG_U2UEp9"
              is_uploading_active = false
              is_uploading_completed = true
              uploaded_size = 102023
            }
          }
          width = 736
          height = 736
          progressive_sizes = vector[0] {
          }
        }
      }
    }
    caption = formattedText {
      text = "ожидание: работа от выходных до выходных 

реальность: узнаёшь, что такое саморазвитие, выбираешь себя, находишь любимое дело, имеешь финансовую независимость, здоровую психику, каждый день узнаёшь что-то новое и общаешься с успешными людьми, пассивная жизнь больше не про тебя
#мотивация"
      entities = vector[3] {
        textEntity {
          offset = 0
          length = 9
          type = textEntityTypeBold {
          }
        }
        textEntity {
          offset = 43
          length = 11
          type = textEntityTypeBold {
          }
        }
        textEntity {
          offset = 278
          length = 10
          type = textEntityTypeHashtag {
          }
        }
      }
    }
    is_secret = false
  }
  reply_markup = replyMarkupInlineKeyboard {
    rows = vector[1] {
      vector[2] {
        inlineKeyboardButton {
          text = "👍🏻 487"
          type = inlineKeyboardButtonTypeCallback {
            data = bytes [53] { 63 6F 75 6E 74 76 33 3A 2D 31 30 30 31 34 30 33 39 30 34 39 37 38 2F 36 32 63 61 37 30 31 39 33 62 61 30 33 35 35 35 61 61 36 65 64 63 63 37 3A 48 55 6C 3A 30 }
          }
        }
        inlineKeyboardButton {
          text = "👎🏻 12"
          type = inlineKeyboardButtonTypeCallback {
            data = bytes [53] { 63 6F 75 6E 74 76 33 3A 2D 31 30 30 31 34 30 33 39 30 34 39 37 38 2F 36 32 63 61 37 30 31 39 33 62 61 30 33 35 35 35 61 61 36 65 64 63 63 37 3A 48 55 6C 3A 31 }
          }
        }
      }
    }
  }
}
[ 1][t 3][1657555159.139743804][MessagesManager.cpp:34229][#1][!Td]	Ignore server message 6435 in chat -1001403904978 received not through update from updateEditChannelMessage. The maximum allowed is server message 6424, last is server message 6424, being added message is invalid message 0, channel difference chat 0 message {
  id = 6747586560
  sender_id = messageSenderChat {
    chat_id = -1001403904978
  }
  chat_id = -1001403904978
  sending_state = null
  scheduling_state = null
  is_outgoing = false
  is_pinned = false
  can_be_edited = false
  can_be_forwarded = true
  can_be_saved = true
  can_be_deleted_only_for_self = false
  can_be_deleted_for_all_users = false
  can_get_added_reactions = false
  can_get_statistics = false
  can_get_message_thread = false
  can_get_viewers = false
  can_get_media_timestamp_links = true
  has_timestamped_media = true
  is_channel_post = true
  contains_unread_mention = false
  date = 1657477140
  edit_date = 0
  forward_info = null
  interaction_info = messageInteractionInfo {
    view_count = 10718
    forward_count = 149
    reply_info = null
    reactions = vector[0] {
    }
  }
  unread_reactions = vector[0] {
  }
  reply_in_chat_id = 0
  reply_to_message_id = 0
  message_thread_id = 0
  ttl = 0
  ttl_expires_in = 0.000000
  via_bot_user_id = 0
  author_signature = ""
  media_album_id = 0
  restriction_reason = ""
  content = messagePhoto {
    photo = photo {
      has_stickers = false
      minithumbnail = minithumbnail {
        width = 40
        height = 40
        data = bytes [837] { FF D8 FF E0 00 10 4A 46 49 46 00 01 01 00 00 01 00 01 00 00 FF DB 00 43 00 28 1C 1E 23 1E 19 28 23 21 23 2D 2B 28 30 3C 64 41 3C 37 37 3C 7B 58 5D 49 64 91 80 99 96 8F 80 8C 8A A0 B4 E6 C3 A0 ...}
      }
      sizes = vector[2] {
        photoSize {
          type = "m"
          photo = file {
            id = 666
            size = 36045
            expected_size = 36045
            local = localFile {
              path = ""
              can_be_downloaded = true
              can_be_deleted = false
              is_downloading_active = false
              is_downloading_completed = false
              download_offset = 0
              downloaded_prefix_size = 0
              downloaded_size = 0
            }
            remote = remoteFile {
              id = "AgACAgIAAx0CU63j0gACGSNizEjVW2CNwswSLbY3sxJneOj--gAC08ExG_3sSUqh2Fs1YiEeawEAAwIAA20AAykE"
              unique_id = "AQAD08ExG_3sSUpy"
              is_uploading_active = false
              is_uploading_completed = true
              uploaded_size = 36045
            }
          }
          width = 320
          height = 320
          progressive_sizes = vector[0] {
          }
        }
        photoSize {
          type = "x"
          photo = file {
            id = 667
            size = 124828
            expected_size = 124828
            local = localFile {
              path = ""
              can_be_downloaded = true
              can_be_deleted = false
              is_downloading_active = false
              is_downloading_completed = false
              download_offset = 0
              downloaded_prefix_size = 0
              downloaded_size = 0
            }
            remote = remoteFile {
              id = "AgACAgIAAx0CU63j0gACGSNizEjVW2CNwswSLbY3sxJneOj--gAC08ExG_3sSUqh2Fs1YiEeawEAAwIAA3gAAykE"
              unique_id = "AQAD08ExG_3sSUp9"
              is_uploading_active = false
              is_uploading_completed = true
              uploaded_size = 124828
            }
          }
          width = 736
          height = 736
          progressive_sizes = vector[0] {
          }
        }
      }
    }
    caption = formattedText {
      text = "у вас бывает такое, что ничего не хочется. смотреть фильмы/сериалы — тошно, читать — скучно, видео на ютубе — неинтересно, заниматься уроками — вообще ужас. просто лежишь и чувство, будто ты застрял во времени, а всё вокруг двигается дальше, обходя тебя стороной. просто знай, что это состояние пройдёт. ты снова почувствуешь прилив сил для реализации своих целей. просто дай себе время. это тоже часть твоего пути. 
#мотивация"
      entities = vector[1] {
        textEntity {
          offset = 417
          length = 10
          type = textEntityTypeHashtag {
          }
        }
      }
    }
    is_secret = false
  }
  reply_markup = replyMarkupInlineKeyboard {
    rows = vector[1] {
      vector[2] {
        inlineKeyboardButton {
          text = "👍🏻 1185"
          type = inlineKeyboardButtonTypeCallback {
            data = bytes [53] { 63 6F 75 6E 74 76 33 3A 2D 31 30 30 31 34 30 33 39 30 34 39 37 38 2F 36 32 63 39 30 33 62 31 33 62 61 30 33 35 34 30 64 31 36 63 66 34 35 36 3A 48 55 6C 3A 30 }
          }
        }
        inlineKeyboardButton {
          text = "👎🏻 8"
          type = inlineKeyboardButtonTypeCallback {
            data = bytes [53] { 63 6F 75 6E 74 76 33 3A 2D 31 30 30 31 34 30 33 39 30 34 39 37 38 2F 36 32 63 39 30 33 62 31 33 62 61 30 33 35 34 30 64 31 36 63 66 34 35 36 3A 48 55 6C 3A 31 }
          }
        }
      }
    }
  }
}
[ 1][t 3][1657555189.366341114][MessagesManager.cpp:34229][#1][!Td]	Ignore server message 6444 in chat -1001403904978 received not through update from updateEditChannelMessage. The maximum allowed is server message 6424, last is server message 6424, being added message is invalid message 0, channel difference chat 0 message {
  id = 6757023744
  sender_id = messageSenderChat {
    chat_id = -1001403904978
  }
  chat_id = -1001403904978
  sending_state = null
  scheduling_state = null
  is_outgoing = false
  is_pinned = false
  can_be_edited = false
  can_be_forwarded = true
  can_be_saved = true
  can_be_deleted_only_for_self = false
  can_be_deleted_for_all_users = false
  can_get_added_reactions = false
  can_get_statistics = false
  can_get_message_thread = false
  can_get_viewers = false
  can_get_media_timestamp_links = true
  has_timestamped_media = true
  is_channel_post = true
  contains_unread_mention = false
  date = 1657537562
  edit_date = 0
  forward_info = null
  interaction_info = messageInteractionInfo {
    view_count = 6101
    forward_count = 44
    reply_info = null
    reactions = vector[0] {
    }
  }
  unread_reactions = vector[0] {
  }
  reply_in_chat_id = 0
  reply_to_message_id = 0
  message_thread_id = 0
  ttl = 0
  ttl_expires_in = 0.000000
  via_bot_user_id = 0
  author_signature = ""
  media_album_id = 0
  restriction_reason = ""
  content = messagePhoto {
    photo = photo {
      has_stickers = false
      minithumbnail = minithumbnail {
        width = 40
        height = 40
        data = bytes [823] { FF D8 FF E0 00 10 4A 46 49 46 00 01 01 00 00 01 00 01 00 00 FF DB 00 43 00 28 1C 1E 23 1E 19 28 23 21 23 2D 2B 28 30 3C 64 41 3C 37 37 3C 7B 58 5D 49 64 91 80 99 96 8F 80 8C 8A A0 B4 E6 C3 A0 ...}
      }
      sizes = vector[2] {
        photoSize {
          type = "m"
          photo = file {
            id = 668
            size = 30934
            expected_size = 30934
            local = localFile {
              path = ""
              can_be_downloaded = true
              can_be_deleted = false
              is_downloading_active = false
              is_downloading_completed = false
              download_offset = 0
              downloaded_prefix_size = 0
              downloaded_size = 0
            }
            remote = remoteFile {
              id = "AgACAgIAAx0CU63j0gACGSxizEjznagLPiY8VS58nY_fqP4_IgACh70xG_U2UEq8fYoVJWE4pAEAAwIAA20AAykE"
              unique_id = "AQADh70xG_U2UEpy"
              is_uploading_active = false
              is_uploading_completed = true
              uploaded_size = 30934
            }
          }
          width = 320
          height = 320
          progressive_sizes = vector[0] {
          }
        }
        photoSize {
          type = "x"
          photo = file {
            id = 669
            size = 102023
            expected_size = 102023
            local = localFile {
              path = ""
              can_be_downloaded = true
              can_be_deleted = false
              is_downloading_active = false
              is_downloading_completed = false
              download_offset = 0
              downloaded_prefix_size = 0
              downloaded_size = 0
            }
            remote = remoteFile {
              id = "AgACAgIAAx0CU63j0gACGSxizEjznagLPiY8VS58nY_fqP4_IgACh70xG_U2UEq8fYoVJWE4pAEAAwIAA3gAAykE"
              unique_id = "AQADh70xG_U2UEp9"
              is_uploading_active = false
              is_uploading_completed = true
              uploaded_size = 102023
            }
          }
          width = 736
          height = 736
          progressive_sizes = vector[0] {
          }
        }
      }
    }
    caption = formattedText {
      text = "ожидание: работа от выходных до выходных 

реальность: узнаёшь, что такое саморазвитие, выбираешь себя, находишь любимое дело, имеешь финансовую независимость, здоровую психику, каждый день узнаёшь что-то новое и общаешься с успешными людьми, пассивная жизнь больше не про тебя
#мотивация"
      entities = vector[3] {
        textEntity {
          offset = 0
          length = 9
          type = textEntityTypeBold {
          }
        }
        textEntity {
          offset = 43
          length = 11
          type = textEntityTypeBold {
          }
        }
        textEntity {
          offset = 278
          length = 10
          type = textEntityTypeHashtag {
          }
        }
      }
    }
    is_secret = false
  }
  reply_markup = replyMarkupInlineKeyboard {
    rows = vector[1] {
      vector[2] {
        inlineKeyboardButton {
          text = "👍🏻 488"
          type = inlineKeyboardButtonTypeCallback {
            data = bytes [53] { 63 6F 75 6E 74 76 33 3A 2D 31 30 30 31 34 30 33 39 30 34 39 37 38 2F 36 32 63 61 37 30 31 39 33 62 61 30 33 35 35 35 61 61 36 65 64 63 63 37 3A 48 55 6C 3A 30 }
          }
        }
        inlineKeyboardButton {
          text = "👎🏻 12"
          type = inlineKeyboardButtonTypeCallback {
            data = bytes [53] { 63 6F 75 6E 74 76 33 3A 2D 31 30 30 31 34 30 33 39 30 34 39 37 38 2F 36 32 63 61 37 30 31 39 33 62 61 30 33 35 35 35 61 61 36 65 64 63 63 37 3A 48 55 6C 3A 31 }
          }
        }
      }
    }
  }
}
[ 1][t 3][1657555252.679851770][MessagesManager.cpp:34229][#1][!Td]	Ignore server message 6444 in chat -1001403904978 received not through update from updateEditChannelMessage. The maximum allowed is server message 6424, last is server message 6424, being added message is invalid message 0, channel difference chat 0 message {
  id = 6757023744
  sender_id = messageSenderChat {
    chat_id = -1001403904978
  }
  chat_id = -1001403904978
  sending_state = null
  scheduling_state = null
  is_outgoing = false
  is_pinned = false
  can_be_edited = false
  can_be_forwarded = true
  can_be_saved = true
  can_be_deleted_only_for_self = false
  can_be_deleted_for_all_users = false
  can_get_added_reactions = false
  can_get_statistics = false
  can_get_message_thread = false
  can_get_viewers = false
  can_get_media_timestamp_links = true
  has_timestamped_media = true
  is_channel_post = true
  contains_unread_mention = false
  date = 1657537562
  edit_date = 0
  forward_info = null
  interaction_info = messageInteractionInfo {
    view_count = 6109
    forward_count = 44
    reply_info = null
    reactions = vector[0] {
    }
  }
  unread_reactions = vector[0] {
  }
  reply_in_chat_id = 0
  reply_to_message_id = 0
  message_thread_id = 0
  ttl = 0
  ttl_expires_in = 0.000000
  via_bot_user_id = 0
  author_signature = ""
  media_album_id = 0
  restriction_reason = ""
  content = messagePhoto {
    photo = photo {
      has_stickers = false
      minithumbnail = minithumbnail {
        width = 40
        height = 40
        data = bytes [823] { FF D8 FF E0 00 10 4A 46 49 46 00 01 01 00 00 01 00 01 00 00 FF DB 00 43 00 28 1C 1E 23 1E 19 28 23 21 23 2D 2B 28 30 3C 64 41 3C 37 37 3C 7B 58 5D 49 64 91 80 99 96 8F 80 8C 8A A0 B4 E6 C3 A0 ...}
      }
      sizes = vector[2] {
        photoSize {
          type = "m"
          photo = file {
            id = 668
            size = 30934
            expected_size = 30934
            local = localFile {
              path = ""
              can_be_downloaded = true
              can_be_deleted = false
              is_downloading_active = false
              is_downloading_completed = false
              download_offset = 0
              downloaded_prefix_size = 0
              downloaded_size = 0
            }
            remote = remoteFile {
              id = "AgACAgIAAx0CU63j0gACGSxizEkr7dt6xn9Xbghh151Cg8qLjAACh70xG_U2UEq8fYoVJWE4pAEAAwIAA20AAykE"
              unique_id = "AQADh70xG_U2UEpy"
              is_uploading_active = false
              is_uploading_completed = true
              uploaded_size = 30934
            }
          }
          width = 320
          height = 320
          progressive_sizes = vector[0] {
          }
        }
        photoSize {
          type = "x"
          photo = file {
            id = 669
            size = 102023
            expected_size = 102023
            local = localFile {
              path = ""
              can_be_downloaded = true
              can_be_deleted = false
              is_downloading_active = false
              is_downloading_completed = false
              download_offset = 0
              downloaded_prefix_size = 0
              downloaded_size = 0
            }
            remote = remoteFile {
              id = "AgACAgIAAx0CU63j0gACGSxizEkr7dt6xn9Xbghh151Cg8qLjAACh70xG_U2UEq8fYoVJWE4pAEAAwIAA3gAAykE"
              unique_id = "AQADh70xG_U2UEp9"
              is_uploading_active = false
              is_uploading_completed = true
              uploaded_size = 102023
            }
          }
          width = 736
          height = 736
          progressive_sizes = vector[0] {
          }
        }
      }
    }
    caption = formattedText {
      text = "ожидание: работа от выходных до выходных 

реальность: узнаёшь, что такое саморазвитие, выбираешь себя, находишь любимое дело, имеешь финансовую независимость, здоровую психику, каждый день узнаёшь что-то новое и общаешься с успешными людьми, пассивная жизнь больше не про тебя
#мотивация"
      entities = vector[3] {
        textEntity {
          offset = 0
          length = 9
          type = textEntityTypeBold {
          }
        }
        textEntity {
          offset = 43
          length = 11
          type = textEntityTypeBold {
          }
        }
        textEntity {
          offset = 278
          length = 10
          type = textEntityTypeHashtag {
          }
        }
      }
    }
    is_secret = false
  }
  reply_markup = replyMarkupInlineKeyboard {
    rows = vector[1] {
      vector[2] {
        inlineKeyboardButton {
          text = "👍🏻 489"
          type = inlineKeyboardButtonTypeCallback {
            data = bytes [53] { 63 6F 75 6E 74 76 33 3A 2D 31 30 30 31 34 30 33 39 30 34 39 37 38 2F 36 32 63 61 37 30 31 39 33 62 61 30 33 35 35 35 61 61 36 65 64 63 63 37 3A 48 55 6C 3A 30 }
          }
        }
        inlineKeyboardButton {
          text = "👎🏻 12"
          type = inlineKeyboardButtonTypeCallback {
            data = bytes [53] { 63 6F 75 6E 74 76 33 3A 2D 31 30 30 31 34 30 33 39 30 34 39 37 38 2F 36 32 63 61 37 30 31 39 33 62 61 30 33 35 35 35 61 61 36 65 64 63 63 37 3A 48 55 6C 3A 31 }
          }
        }
      }
    }
  }
}
[ 1][t 3][1657555257.147519350][MessagesManager.cpp:34229][#1][!Td]	Ignore server message 6436 in chat -1001403904978 received not through update from updateEditChannelMessage. The maximum allowed is server message 6424, last is server message 6424, being added message is invalid message 0, channel difference chat 0 message {
  id = 6748635136
  sender_id = messageSenderChat {
    chat_id = -1001403904978
  }
  chat_id = -1001403904978
  sending_state = null
  scheduling_state = null
  is_outgoing = false
  is_pinned = false
  can_be_edited = false
  can_be_forwarded = true
  can_be_saved = true
  can_be_deleted_only_for_self = false
  can_be_deleted_for_all_users = false
  can_get_added_reactions = false
  can_get_statistics = false
  can_get_message_thread = false
  can_get_viewers = false
  can_get_media_timestamp_links = true
  has_timestamped_media = true
  is_channel_post = true
  contains_unread_mention = false
  date = 1657515921
  edit_date = 0
  forward_info = null
  interaction_info = messageInteractionInfo {
    view_count = 8973
    forward_count = 122
    reply_info = null
    reactions = vector[0] {
    }
  }
  unread_reactions = vector[0] {
  }
  reply_in_chat_id = 0
  reply_to_message_id = 0
  message_thread_id = 0
  ttl = 0
  ttl_expires_in = 0.000000
  via_bot_user_id = 0
  author_signature = ""
  media_album_id = 0
  restriction_reason = ""
  content = messagePhoto {
    photo = photo {
      has_stickers = false
      minithumbnail = minithumbnail {
        width = 40
        height = 40
        data = bytes [824] { FF D8 FF E0 00 10 4A 46 49 46 00 01 01 00 00 01 00 01 00 00 FF DB 00 43 00 28 1C 1E 23 1E 19 28 23 21 23 2D 2B 28 30 3C 64 41 3C 37 37 3C 7B 58 5D 49 64 91 80 99 96 8F 80 8C 8A A0 B4 E6 C3 A0 ...}
      }
      sizes = vector[2] {
        photoSize {
          type = "m"
          photo = file {
            id = 662
            size = 28463
            expected_size = 28463
            local = localFile {
              path = ""
              can_be_downloaded = true
              can_be_deleted = false
              is_downloading_active = false
              is_downloading_completed = false
              download_offset = 0
              downloaded_prefix_size = 0
              downloaded_size = 0
            }
            remote = remoteFile {
              id = "AgACAgIAAx0CU63j0gACGSRizEk2hW8Hnw0lZ51a5VSLvZQsLAAChr0xG_U2UEpkcdPmXtFPFgEAAwIAA20AAykE"
              unique_id = "AQADhr0xG_U2UEpy"
              is_uploading_active = false
              is_uploading_completed = true
              uploaded_size = 28463
            }
          }
          width = 320
          height = 320
          progressive_sizes = vector[0] {
          }
        }
        photoSize {
          type = "x"
          photo = file {
            id = 663
            size = 92975
            expected_size = 92975
            local = localFile {
              path = ""
              can_be_downloaded = true
              can_be_deleted = false
              is_downloading_active = false
              is_downloading_completed = false
              download_offset = 0
              downloaded_prefix_size = 0
              downloaded_size = 0
            }
            remote = remoteFile {
              id = "AgACAgIAAx0CU63j0gACGSRizEk2hW8Hnw0lZ51a5VSLvZQsLAAChr0xG_U2UEpkcdPmXtFPFgEAAwIAA3gAAykE"
              unique_id = "AQADhr0xG_U2UEp9"
              is_uploading_active = false
              is_uploading_completed = true
              uploaded_size = 92975
            }
          }
          width = 736
          height = 736
          progressive_sizes = vector[0] {
          }
        }
      }
    }
    caption = formattedText {
      text = "📌ВАЖНОЕ НАПОМИНАНИЕ: 

ты молодец, ты у себя такая умничка, и не важно, если сегодня у тебя прошёл не такой уж и продуктивный день, главное, ты стараешься, я вижу, как ты стараешься, я вижу, как ты мечтаешь, я вижу, как ты стремишься, и поэтому ты молодец. 
#мотивация"
      entities = vector[2] {
        textEntity {
          offset = 2
          length = 20
          type = textEntityTypeBold {
          }
        }
        textEntity {
          offset = 259
          length = 10
          type = textEntityTypeHashtag {
          }
        }
      }
    }
    is_secret = false
  }
  reply_markup = replyMarkupInlineKeyboard {
    rows = vector[1] {
      vector[2] {
        inlineKeyboardButton {
          text = "👍🏻 930"
          type = inlineKeyboardButtonTypeCallback {
            data = bytes [53] { 63 6F 75 6E 74 76 33 3A 2D 31 30 30 31 34 30 33 39 30 34 39 37 38 2F 36 32 63 61 36 66 66 62 34 65 33 64 38 38 61 66 61 66 36 63 30 33 35 34 3A 48 55 6C 3A 30 }
          }
        }
        inlineKeyboardButton {
          text = "👎🏻 10"
          type = inlineKeyboardButtonTypeCallback {
            data = bytes [53] { 63 6F 75 6E 74 76 33 3A 2D 31 30 30 31 34 30 33 39 30 34 39 37 38 2F 36 32 63 61 36 66 66 62 34 65 33 64 38 38 61 66 61 66 36 63 30 33 35 34 3A 48 55 6C 3A 31 }
          }
        }
      }
    }
  }
}
[ 1][t 3][1657555308.393759012][MessagesManager.cpp:34229][#1][!Td]	Ignore server message 6444 in chat -1001403904978 received not through update from updateEditChannelMessage. The maximum allowed is server message 6424, last is server message 6424, being added message is invalid message 0, channel difference chat 0 message {
  id = 6757023744
  sender_id = messageSenderChat {
    chat_id = -1001403904978
  }
  chat_id = -1001403904978
  sending_state = null
  scheduling_state = null
  is_outgoing = false
  is_pinned = false
  can_be_edited = false
  can_be_forwarded = true
  can_be_saved = true
  can_be_deleted_only_for_self = false
  can_be_deleted_for_all_users = false
  can_get_added_reactions = false
  can_get_statistics = false
  can_get_message_thread = false
  can_get_viewers = false
  can_get_media_timestamp_links = true
  has_timestamped_media = true
  is_channel_post = true
  contains_unread_mention = false
  date = 1657537562
  edit_date = 0
  forward_info = null
  interaction_info = messageInteractionInfo {
    view_count = 6115
    forward_count = 44
    reply_info = null
    reactions = vector[0] {
    }
  }
  unread_reactions = vector[0] {
  }
  reply_in_chat_id = 0
  reply_to_message_id = 0
  message_thread_id = 0
  ttl = 0
  ttl_expires_in = 0.000000
  via_bot_user_id = 0
  author_signature = ""
  media_album_id = 0
  restriction_reason = ""
  content = messagePhoto {
    photo = photo {
      has_stickers = false
      minithumbnail = minithumbnail {
        width = 40
        height = 40
        data = bytes [823] { FF D8 FF E0 00 10 4A 46 49 46 00 01 01 00 00 01 00 01 00 00 FF DB 00 43 00 28 1C 1E 23 1E 19 28 23 21 23 2D 2B 28 30 3C 64 41 3C 37 37 3C 7B 58 5D 49 64 91 80 99 96 8F 80 8C 8A A0 B4 E6 C3 A0 ...}
      }
      sizes = vector[2] {
        photoSize {
          type = "m"
          photo = file {
            id = 668
            size = 30934
            expected_size = 30934
            local = localFile {
              path = ""
              can_be_downloaded = true
              can_be_deleted = false
              is_downloading_active = false
              is_downloading_completed = false
              download_offset = 0
              downloaded_prefix_size = 0
              downloaded_size = 0
            }
            remote = remoteFile {
              id = "AgACAgIAAx0CU63j0gACGSxizElkMWwDle1imQ9g129KpksaGwACh70xG_U2UEq8fYoVJWE4pAEAAwIAA20AAykE"
              unique_id = "AQADh70xG_U2UEpy"
              is_uploading_active = false
              is_uploading_completed = true
              uploaded_size = 30934
            }
          }
          width = 320
          height = 320
          progressive_sizes = vector[0] {
          }
        }
        photoSize {
          type = "x"
          photo = file {
            id = 669
            size = 102023
            expected_size = 102023
            local = localFile {
              path = ""
              can_be_downloaded = true
              can_be_deleted = false
              is_downloading_active = false
              is_downloading_completed = false
              download_offset = 0
              downloaded_prefix_size = 0
              downloaded_size = 0
            }
            remote = remoteFile {
              id = "AgACAgIAAx0CU63j0gACGSxizElkMWwDle1imQ9g129KpksaGwACh70xG_U2UEq8fYoVJWE4pAEAAwIAA3gAAykE"
              unique_id = "AQADh70xG_U2UEp9"
              is_uploading_active = false
              is_uploading_completed = true
              uploaded_size = 102023
            }
          }
          width = 736
          height = 736
          progressive_sizes = vector[0] {
          }
        }
      }
    }
    caption = formattedText {
      text = "ожидание: работа от выходных до выходных 

реальность: узнаёшь, что такое саморазвитие, выбираешь себя, находишь любимое дело, имеешь финансовую независимость, здоровую психику, каждый день узнаёшь что-то новое и общаешься с успешными людьми, пассивная жизнь больше не про тебя
#мотивация"
      entities = vector[3] {
        textEntity {
          offset = 0
          length = 9
          type = textEntityTypeBold {
          }
        }
        textEntity {
          offset = 43
          length = 11
          type = textEntityTypeBold {
          }
        }
        textEntity {
          offset = 278
          length = 10
          type = textEntityTypeHashtag {
          }
        }
      }
    }
    is_secret = false
  }
  reply_markup = replyMarkupInlineKeyboard {
    rows = vector[1] {
      vector[2] {
        inlineKeyboardButton {
          text = "👍🏻 490"
          type = inlineKeyboardButtonTypeCallback {
            data = bytes [53] { 63 6F 75 6E 74 76 33 3A 2D 31 30 30 31 34 30 33 39 30 34 39 37 38 2F 36 32 63 61 37 30 31 39 33 62 61 30 33 35 35 35 61 61 36 65 64 63 63 37 3A 48 55 6C 3A 30 }
          }
        }
        inlineKeyboardButton {
          text = "👎🏻 12"
          type = inlineKeyboardButtonTypeCallback {
            data = bytes [53] { 63 6F 75 6E 74 76 33 3A 2D 31 30 30 31 34 30 33 39 30 34 39 37 38 2F 36 32 63 61 37 30 31 39 33 62 61 30 33 35 35 35 61 61 36 65 64 63 63 37 3A 48 55 6C 3A 31 }
          }
        }
      }
    }
  }
}
[ 1][t 3][1657555338.579929590][MessagesManager.cpp:34229][#1][!Td]	Ignore server message 6435 in chat -1001403904978 received not through update from updateEditChannelMessage. The maximum allowed is server message 6424, last is server message 6424, being added message is invalid message 0, channel difference chat 0 message {
  id = 6747586560
  sender_id = messageSenderChat {
    chat_id = -1001403904978
  }
  chat_id = -1001403904978
  sending_state = null
  scheduling_state = null
  is_outgoing = false
  is_pinned = false
  can_be_edited = false
  can_be_forwarded = true
  can_be_saved = true
  can_be_deleted_only_for_self = false
  can_be_deleted_for_all_users = false
  can_get_added_reactions = false
  can_get_statistics = false
  can_get_message_thread = false
  can_get_viewers = false
  can_get_media_timestamp_links = true
  has_timestamped_media = true
  is_channel_post = true
  contains_unread_mention = false
  date = 1657477140
  edit_date = 0
  forward_info = null
  interaction_info = messageInteractionInfo {
    view_count = 10724
    forward_count = 149
    reply_info = null
    reactions = vector[0] {
    }
  }
  unread_reactions = vector[0] {
  }
  reply_in_chat_id = 0
  reply_to_message_id = 0
  message_thread_id = 0
  ttl = 0
  ttl_expires_in = 0.000000
  via_bot_user_id = 0
  author_signature = ""
  media_album_id = 0
  restriction_reason = ""
  content = messagePhoto {
    photo = photo {
      has_stickers = false
      minithumbnail = minithumbnail {
        width = 40
        height = 40
        data = bytes [837] { FF D8 FF E0 00 10 4A 46 49 46 00 01 01 00 00 01 00 01 00 00 FF DB 00 43 00 28 1C 1E 23 1E 19 28 23 21 23 2D 2B 28 30 3C 64 41 3C 37 37 3C 7B 58 5D 49 64 91 80 99 96 8F 80 8C 8A A0 B4 E6 C3 A0 ...}
      }
      sizes = vector[2] {
        photoSize {
          type = "m"
          photo = file {
            id = 666
            size = 36045
            expected_size = 36045
            local = localFile {
              path = ""
              can_be_downloaded = true
              can_be_deleted = false
              is_downloading_active = false
              is_downloading_completed = false
              download_offset = 0
              downloaded_prefix_size = 0
              downloaded_size = 0
            }
            remote = remoteFile {
              id = "AgACAgIAAx0CU63j0gACGSNizEmBos_9fA_wnQXUx6lOKTdPzQAC08ExG_3sSUqh2Fs1YiEeawEAAwIAA20AAykE"
              unique_id = "AQAD08ExG_3sSUpy"
              is_uploading_active = false
              is_uploading_completed = true
              uploaded_size = 36045
            }
          }
          width = 320
          height = 320
          progressive_sizes = vector[0] {
          }
        }
        photoSize {
          type = "x"
          photo = file {
            id = 667
            size = 124828
            expected_size = 124828
            local = localFile {
              path = ""
              can_be_downloaded = true
              can_be_deleted = false
              is_downloading_active = false
              is_downloading_completed = false
              download_offset = 0
              downloaded_prefix_size = 0
              downloaded_size = 0
            }
            remote = remoteFile {
              id = "AgACAgIAAx0CU63j0gACGSNizEmBos_9fA_wnQXUx6lOKTdPzQAC08ExG_3sSUqh2Fs1YiEeawEAAwIAA3gAAykE"
              unique_id = "AQAD08ExG_3sSUp9"
              is_uploading_active = false
              is_uploading_completed = true
              uploaded_size = 124828
            }
          }
          width = 736
          height = 736
          progressive_sizes = vector[0] {
          }
        }
      }
    }
    caption = formattedText {
      text = "у вас бывает такое, что ничего не хочется. смотреть фильмы/сериалы — тошно, читать — скучно, видео на ютубе — неинтересно, заниматься уроками — вообще ужас. просто лежишь и чувство, будто ты застрял во времени, а всё вокруг двигается дальше, обходя тебя стороной. просто знай, что это состояние пройдёт. ты снова почувствуешь прилив сил для реализации своих целей. просто дай себе время. это тоже часть твоего пути. 
#мотивация"
      entities = vector[1] {
        textEntity {
          offset = 417
          length = 10
          type = textEntityTypeHashtag {
          }
        }
      }
    }
    is_secret = false
  }
  reply_markup = replyMarkupInlineKeyboard {
    rows = vector[1] {
      vector[2] {
        inlineKeyboardButton {
          text = "👍🏻 1186"
          type = inlineKeyboardButtonTypeCallback {
            data = bytes [53] { 63 6F 75 6E 74 76 33 3A 2D 31 30 30 31 34 30 33 39 30 34 39 37 38 2F 36 32 63 39 30 33 62 31 33 62 61 30 33 35 34 30 64 31 36 63 66 34 35 36 3A 48 55 6C 3A 30 }
          }
        }
        inlineKeyboardButton {
          text = "👎🏻 8"
          type = inlineKeyboardButtonTypeCallback {
            data = bytes [53] { 63 6F 75 6E 74 76 33 3A 2D 31 30 30 31 34 30 33 39 30 34 39 37 38 2F 36 32 63 39 30 33 62 31 33 62 61 30 33 35 34 30 64 31 36 63 66 34 35 36 3A 48 55 6C 3A 31 }
          }
        }
      }
    }
  }
}
[ 1][t 3][1657555368.748440504][MessagesManager.cpp:34229][#1][!Td]	Ignore server message 6444 in chat -1001403904978 received not through update from updateEditChannelMessage. The maximum allowed is server message 6424, last is server message 6424, being added message is invalid message 0, channel difference chat 0 message {
  id = 6757023744
  sender_id = messageSenderChat {
    chat_id = -1001403904978
  }
  chat_id = -1001403904978
  sending_state = null
  scheduling_state = null
  is_outgoing = false
  is_pinned = false
  can_be_edited = false
  can_be_forwarded = true
  can_be_saved = true
  can_be_deleted_only_for_self = false
  can_be_deleted_for_all_users = false
  can_get_added_reactions = false
  can_get_statistics = false
  can_get_message_thread = false
  can_get_viewers = false
  can_get_media_timestamp_links = true
  has_timestamped_media = true
  is_channel_post = true
  contains_unread_mention = false
  date = 1657537562
  edit_date = 0
  forward_info = null
  interaction_info = messageInteractionInfo {
    view_count = 6129
    forward_count = 44
    reply_info = null
    reactions = vector[0] {
    }
  }
  unread_reactions = vector[0] {
  }
  reply_in_chat_id = 0
  reply_to_message_id = 0
  message_thread_id = 0
  ttl = 0
  ttl_expires_in = 0.000000
  via_bot_user_id = 0
  author_signature = ""
  media_album_id = 0
  restriction_reason = ""
  content = messagePhoto {
    photo = photo {
      has_stickers = false
      minithumbnail = minithumbnail {
        width = 40
        height = 40
        data = bytes [823] { FF D8 FF E0 00 10 4A 46 49 46 00 01 01 00 00 01 00 01 00 00 FF DB 00 43 00 28 1C 1E 23 1E 19 28 23 21 23 2D 2B 28 30 3C 64 41 3C 37 37 3C 7B 58 5D 49 64 91 80 99 96 8F 80 8C 8A A0 B4 E6 C3 A0 ...}
      }
      sizes = vector[2] {
        photoSize {
          type = "m"
          photo = file {
            id = 668
            size = 30934
            expected_size = 30934
            local = localFile {
              path = ""
              can_be_downloaded = true
              can_be_deleted = false
              is_downloading_active = false
              is_downloading_completed = false
              download_offset = 0
              downloaded_prefix_size = 0
              downloaded_size = 0
            }
            remote = remoteFile {
              id = "AgACAgIAAx0CU63j0gACGSxizEmNw-eUsy80SVE1AkfN2PbNHwACh70xG_U2UEq8fYoVJWE4pAEAAwIAA20AAykE"
              unique_id = "AQADh70xG_U2UEpy"
              is_uploading_active = false
              is_uploading_completed = true
              uploaded_size = 30934
            }
          }
          width = 320
          height = 320
          progressive_sizes = vector[0] {
          }
        }
        photoSize {
          type = "x"
          photo = file {
            id = 669
            size = 102023
            expected_size = 102023
            local = localFile {
              path = ""
              can_be_downloaded = true
              can_be_deleted = false
              is_downloading_active = false
              is_downloading_completed = false
              download_offset = 0
              downloaded_prefix_size = 0
              downloaded_size = 0
            }
            remote = remoteFile {
              id = "AgACAgIAAx0CU63j0gACGSxizEmNw-eUsy80SVE1AkfN2PbNHwACh70xG_U2UEq8fYoVJWE4pAEAAwIAA3gAAykE"
              unique_id = "AQADh70xG_U2UEp9"
              is_uploading_active = false
              is_uploading_completed = true
              uploaded_size = 102023
            }
          }
          width = 736
          height = 736
          progressive_sizes = vector[0] {
          }
        }
      }
    }
    caption = formattedText {
      text = "ожидание: работа от выходных до выходных 

реальность: узнаёшь, что такое саморазвитие, выбираешь себя, находишь любимое дело, имеешь финансовую независимость, здоровую психику, каждый день узнаёшь что-то новое и общаешься с успешными людьми, пассивная жизнь больше не про тебя
#мотивация"
      entities = vector[3] {
        textEntity {
          offset = 0
          length = 9
          type = textEntityTypeBold {
          }
        }
        textEntity {
          offset = 43
          length = 11
          type = textEntityTypeBold {
          }
        }
        textEntity {
          offset = 278
          length = 10
          type = textEntityTypeHashtag {
          }
        }
      }
    }
    is_secret = false
  }
  reply_markup = replyMarkupInlineKeyboard {
    rows = vector[1] {
      vector[2] {
        inlineKeyboardButton {
          text = "👍🏻 491"
          type = inlineKeyboardButtonTypeCallback {
            data = bytes [53] { 63 6F 75 6E 74 76 33 3A 2D 31 30 30 31 34 30 33 39 30 34 39 37 38 2F 36 32 63 61 37 30 31 39 33 62 61 30 33 35 35 35 61 61 36 65 64 63 63 37 3A 48 55 6C 3A 30 }
          }
        }
        inlineKeyboardButton {
          text = "👎🏻 12"
          type = inlineKeyboardButtonTypeCallback {
            data = bytes [53] { 63 6F 75 6E 74 76 33 3A 2D 31 30 30 31 34 30 33 39 30 34 39 37 38 2F 36 32 63 61 37 30 31 39 33 62 61 30 33 35 35 35 61 61 36 65 64 63 63 37 3A 48 55 6C 3A 31 }
          }
        }
      }
    }
  }
}
[ 1][t 3][1657555368.886632204][MessagesManager.cpp:34229][#1][!Td]	Ignore server message 6436 in chat -1001403904978 received not through update from updateEditChannelMessage. The maximum allowed is server message 6424, last is server message 6424, being added message is invalid message 0, channel difference chat -1001403904978 message {
  id = 6748635136
  sender_id = messageSenderChat {
    chat_id = -1001403904978
  }
  chat_id = -1001403904978
  sending_state = null
  scheduling_state = null
  is_outgoing = false
  is_pinned = false
  can_be_edited = false
  can_be_forwarded = true
  can_be_saved = true
  can_be_deleted_only_for_self = false
  can_be_deleted_for_all_users = false
  can_get_added_reactions = false
  can_get_statistics = false
  can_get_message_thread = false
  can_get_viewers = false
  can_get_media_timestamp_links = true
  has_timestamped_media = true
  is_channel_post = true
  contains_unread_mention = false
  date = 1657515921
  edit_date = 0
  forward_info = null
  interaction_info = messageInteractionInfo {
    view_count = 8981
    forward_count = 122
    reply_info = null
    reactions = vector[0] {
    }
  }
  unread_reactions = vector[0] {
  }
  reply_in_chat_id = 0
  reply_to_message_id = 0
  message_thread_id = 0
  ttl = 0
  ttl_expires_in = 0.000000
  via_bot_user_id = 0
  author_signature = ""
  media_album_id = 0
  restriction_reason = ""
  content = messagePhoto {
    photo = photo {
      has_stickers = false
      minithumbnail = minithumbnail {
        width = 40
        height = 40
        data = bytes [824] { FF D8 FF E0 00 10 4A 46 49 46 00 01 01 00 00 01 00 01 00 00 FF DB 00 43 00 28 1C 1E 23 1E 19 28 23 21 23 2D 2B 28 30 3C 64 41 3C 37 37 3C 7B 58 5D 49 64 91 80 99 96 8F 80 8C 8A A0 B4 E6 C3 A0 ...}
      }
      sizes = vector[2] {
        photoSize {
          type = "m"
          photo = file {
            id = 662
            size = 28463
            expected_size = 28463
            local = localFile {
              path = ""
              can_be_downloaded = true
              can_be_deleted = false
              is_downloading_active = false
              is_downloading_completed = false
              download_offset = 0
              downloaded_prefix_size = 0
              downloaded_size = 0
            }
            remote = remoteFile {
              id = "AgACAgIAAx0CU63j0gACGSRizEmoOf8qnu4N4Ij1z2SpXA1UAwAChr0xG_U2UEowLPHv9JfGfwEAAwIAA20AAykE"
              unique_id = "AQADhr0xG_U2UEpy"
              is_uploading_active = false
              is_uploading_completed = true
              uploaded_size = 28463
            }
          }
          width = 320
          height = 320
          progressive_sizes = vector[0] {
          }
        }
        photoSize {
          type = "x"
          photo = file {
            id = 663
            size = 92975
            expected_size = 92975
            local = localFile {
              path = ""
              can_be_downloaded = true
              can_be_deleted = false
              is_downloading_active = false
              is_downloading_completed = false
              download_offset = 0
              downloaded_prefix_size = 0
              downloaded_size = 0
            }
            remote = remoteFile {
              id = "AgACAgIAAx0CU63j0gACGSRizEmoOf8qnu4N4Ij1z2SpXA1UAwAChr0xG_U2UEowLPHv9JfGfwEAAwIAA3gAAykE"
              unique_id = "AQADhr0xG_U2UEp9"
              is_uploading_active = false
              is_uploading_completed = true
              uploaded_size = 92975
            }
          }
          width = 736
          height = 736
          progressive_sizes = vector[0] {
          }
        }
      }
    }
    caption = formattedText {
      text = "📌ВАЖНОЕ НАПОМИНАНИЕ: 

ты молодец, ты у себя такая умничка, и не важно, если сегодня у тебя прошёл не такой уж и продуктивный день, главное, ты стараешься, я вижу, как ты стараешься, я вижу, как ты мечтаешь, я вижу, как ты стремишься, и поэтому ты молодец. 
#мотивация"
      entities = vector[2] {
        textEntity {
          offset = 2
          length = 20
          type = textEntityTypeBold {
          }
        }
        textEntity {
          offset = 259
          length = 10
          type = textEntityTypeHashtag {
          }
        }
      }
    }
    is_secret = false
  }
  reply_markup = replyMarkupInlineKeyboard {
    rows = vector[1] {
      vector[2] {
        inlineKeyboardButton {
          text = "👍🏻 931"
          type = inlineKeyboardButtonTypeCallback {
            data = bytes [53] { 63 6F 75 6E 74 76 33 3A 2D 31 30 30 31 34 30 33 39 30 34 39 37 38 2F 36 32 63 61 36 66 66 62 34 65 33 64 38 38 61 66 61 66 36 63 30 33 35 34 3A 48 55 6C 3A 30 }
          }
        }
        inlineKeyboardButton {
          text = "👎🏻 10"
          type = inlineKeyboardButtonTypeCallback {
            data = bytes [53] { 63 6F 75 6E 74 76 33 3A 2D 31 30 30 31 34 30 33 39 30 34 39 37 38 2F 36 32 63 61 36 66 66 62 34 65 33 64 38 38 61 66 61 66 36 63 30 33 35 34 3A 48 55 6C 3A 31 }
          }
        }
      }
    }
  }
}
[ 1][t 3][1657555398.857374429][MessagesManager.cpp:34229][#1][!Td]	Ignore server message 6444 in chat -1001403904978 received not through update from updateEditChannelMessage. The maximum allowed is server message 6424, last is server message 6424, being added message is invalid message 0, channel difference chat 0 message {
  id = 6757023744
  sender_id = messageSenderChat {
    chat_id = -1001403904978
  }
  chat_id = -1001403904978
  sending_state = null
  scheduling_state = null
  is_outgoing = false
  is_pinned = false
  can_be_edited = false
  can_be_forwarded = true
  can_be_saved = true
  can_be_deleted_only_for_self = false
  can_be_deleted_for_all_users = false
  can_get_added_reactions = false
  can_get_statistics = false
  can_get_message_thread = false
  can_get_viewers = false
  can_get_media_timestamp_links = true
  has_timestamped_media = true
  is_channel_post = true
  contains_unread_mention = false
  date = 1657537562
  edit_date = 0
  forward_info = null
  interaction_info = messageInteractionInfo {
    view_count = 6129
    forward_count = 46
    reply_info = null
    reactions = vector[0] {
    }
  }
  unread_reactions = vector[0] {
  }
  reply_in_chat_id = 0
  reply_to_message_id = 0
  message_thread_id = 0
  ttl = 0
  ttl_expires_in = 0.000000
  via_bot_user_id = 0
  author_signature = ""
  media_album_id = 0
  restriction_reason = ""
  content = messagePhoto {
    photo = photo {
      has_stickers = false
      minithumbnail = minithumbnail {
        width = 40
        height = 40
        data = bytes [823] { FF D8 FF E0 00 10 4A 46 49 46 00 01 01 00 00 01 00 01 00 00 FF DB 00 43 00 28 1C 1E 23 1E 19 28 23 21 23 2D 2B 28 30 3C 64 41 3C 37 37 3C 7B 58 5D 49 64 91 80 99 96 8F 80 8C 8A A0 B4 E6 C3 A0 ...}
      }
      sizes = vector[2] {
        photoSize {
          type = "m"
          photo = file {
            id = 668
            size = 30934
            expected_size = 30934
            local = localFile {
              path = ""
              can_be_downloaded = true
              can_be_deleted = false
              is_downloading_active = false
              is_downloading_completed = false
              download_offset = 0
              downloaded_prefix_size = 0
              downloaded_size = 0
            }
            remote = remoteFile {
              id = "AgACAgIAAx0CU63j0gACGSxizEnCY53N80pDRxb9as478RfhdgACh70xG_U2UEq8fYoVJWE4pAEAAwIAA20AAykE"
              unique_id = "AQADh70xG_U2UEpy"
              is_uploading_active = false
              is_uploading_completed = true
              uploaded_size = 30934
            }
          }
          width = 320
          height = 320
          progressive_sizes = vector[0] {
          }
        }
        photoSize {
          type = "x"
          photo = file {
            id = 669
            size = 102023
            expected_size = 102023
            local = localFile {
              path = ""
              can_be_downloaded = true
              can_be_deleted = false
              is_downloading_active = false
              is_downloading_completed = false
              download_offset = 0
              downloaded_prefix_size = 0
              downloaded_size = 0
            }
            remote = remoteFile {
              id = "AgACAgIAAx0CU63j0gACGSxizEnCY53N80pDRxb9as478RfhdgACh70xG_U2UEq8fYoVJWE4pAEAAwIAA3gAAykE"
              unique_id = "AQADh70xG_U2UEp9"
              is_uploading_active = false
              is_uploading_completed = true
              uploaded_size = 102023
            }
          }
          width = 736
          height = 736
          progressive_sizes = vector[0] {
          }
        }
      }
    }
    caption = formattedText {
      text = "ожидание: работа от выходных до выходных 

реальность: узнаёшь, что такое саморазвитие, выбираешь себя, находишь любимое дело, имеешь финансовую независимость, здоровую психику, каждый день узнаёшь что-то новое и общаешься с успешными людьми, пассивная жизнь больше не про тебя
#мотивация"
      entities = vector[3] {
        textEntity {
          offset = 0
          length = 9
          type = textEntityTypeBold {
          }
        }
        textEntity {
          offset = 43
          length = 11
          type = textEntityTypeBold {
          }
        }
        textEntity {
          offset = 278
          length = 10
          type = textEntityTypeHashtag {
          }
        }
      }
    }
    is_secret = false
  }
  reply_markup = replyMarkupInlineKeyboard {
    rows = vector[1] {
      vector[2] {
        inlineKeyboardButton {
          text = "👍🏻 492"
          type = inlineKeyboardButtonTypeCallback {
            data = bytes [53] { 63 6F 75 6E 74 76 33 3A 2D 31 30 30 31 34 30 33 39 30 34 39 37 38 2F 36 32 63 61 37 30 31 39 33 62 61 30 33 35 35 35 61 61 36 65 64 63 63 37 3A 48 55 6C 3A 30 }
          }
        }
        inlineKeyboardButton {
          text = "👎🏻 12"
          type = inlineKeyboardButtonTypeCallback {
            data = bytes [53] { 63 6F 75 6E 74 76 33 3A 2D 31 30 30 31 34 30 33 39 30 34 39 37 38 2F 36 32 63 61 37 30 31 39 33 62 61 30 33 35 35 35 61 61 36 65 64 63 63 37 3A 48 55 6C 3A 31 }
          }
        }
      }
    }
  }
}
[ 1][t 3][1657555441.853976249][MessagesManager.cpp:34229][#1][!Td]	Ignore server message 6435 in chat -1001403904978 received not through update from updateEditChannelMessage. The maximum allowed is server message 6424, last is server message 6424, being added message is invalid message 0, channel difference chat 0 message {
  id = 6747586560
  sender_id = messageSenderChat {
    chat_id = -1001403904978
  }
  chat_id = -1001403904978
  sending_state = null
  scheduling_state = null
  is_outgoing = false
  is_pinned = false
  can_be_edited = false
  can_be_forwarded = true
  can_be_saved = true
  can_be_deleted_only_for_self = false
  can_be_deleted_for_all_users = false
  can_get_added_reactions = false
  can_get_statistics = false
  can_get_message_thread = false
  can_get_viewers = false
  can_get_media_timestamp_links = true
  has_timestamped_media = true
  is_channel_post = true
  contains_unread_mention = false
  date = 1657477140
  edit_date = 0
  forward_info = null
  interaction_info = messageInteractionInfo {
    view_count = 10732
    forward_count = 149
    reply_info = null
    reactions = vector[0] {
    }
  }
  unread_reactions = vector[0] {
  }
  reply_in_chat_id = 0
  reply_to_message_id = 0
  message_thread_id = 0
  ttl = 0
  ttl_expires_in = 0.000000
  via_bot_user_id = 0
  author_signature = ""
  media_album_id = 0
  restriction_reason = ""
  content = messagePhoto {
    photo = photo {
      has_stickers = false
      minithumbnail = minithumbnail {
        width = 40
        height = 40
        data = bytes [837] { FF D8 FF E0 00 10 4A 46 49 46 00 01 01 00 00 01 00 01 00 00 FF DB 00 43 00 28 1C 1E 23 1E 19 28 23 21 23 2D 2B 28 30 3C 64 41 3C 37 37 3C 7B 58 5D 49 64 91 80 99 96 8F 80 8C 8A A0 B4 E6 C3 A0 ...}
      }
      sizes = vector[2] {
        photoSize {
          type = "m"
          photo = file {
            id = 666
            size = 36045
            expected_size = 36045
            local = localFile {
              path = ""
              can_be_downloaded = true
              can_be_deleted = false
              is_downloading_active = false
              is_downloading_completed = false
              download_offset = 0
              downloaded_prefix_size = 0
              downloaded_size = 0
            }
            remote = remoteFile {
              id = "AgACAgIAAx0CU63j0gACGSNizEnvwkdqaONtZeI-DP0BXBpX4wAC08ExG_3sSUqh2Fs1YiEeawEAAwIAA20AAykE"
              unique_id = "AQAD08ExG_3sSUpy"
              is_uploading_active = false
              is_uploading_completed = true
              uploaded_size = 36045
            }
          }
          width = 320
          height = 320
          progressive_sizes = vector[0] {
          }
        }
        photoSize {
          type = "x"
          photo = file {
            id = 667
            size = 124828
            expected_size = 124828
            local = localFile {
              path = ""
              can_be_downloaded = true
              can_be_deleted = false
              is_downloading_active = false
              is_downloading_completed = false
              download_offset = 0
              downloaded_prefix_size = 0
              downloaded_size = 0
            }
            remote = remoteFile {
              id = "AgACAgIAAx0CU63j0gACGSNizEnvwkdqaONtZeI-DP0BXBpX4wAC08ExG_3sSUqh2Fs1YiEeawEAAwIAA3gAAykE"
              unique_id = "AQAD08ExG_3sSUp9"
              is_uploading_active = false
              is_uploading_completed = true
              uploaded_size = 124828
            }
          }
          width = 736
          height = 736
          progressive_sizes = vector[0] {
          }
        }
      }
    }
    caption = formattedText {
      text = "у вас бывает такое, что ничего не хочется. смотреть фильмы/сериалы — тошно, читать — скучно, видео на ютубе — неинтересно, заниматься уроками — вообще ужас. просто лежишь и чувство, будто ты застрял во времени, а всё вокруг двигается дальше, обходя тебя стороной. просто знай, что это состояние пройдёт. ты снова почувствуешь прилив сил для реализации своих целей. просто дай себе время. это тоже часть твоего пути. 
#мотивация"
      entities = vector[1] {
        textEntity {
          offset = 417
          length = 10
          type = textEntityTypeHashtag {
          }
        }
      }
    }
    is_secret = false
  }
  reply_markup = replyMarkupInlineKeyboard {
    rows = vector[1] {
      vector[2] {
        inlineKeyboardButton {
          text = "👍🏻 1187"
          type = inlineKeyboardButtonTypeCallback {
            data = bytes [53] { 63 6F 75 6E 74 76 33 3A 2D 31 30 30 31 34 30 33 39 30 34 39 37 38 2F 36 32 63 39 30 33 62 31 33 62 61 30 33 35 34 30 64 31 36 63 66 34 35 36 3A 48 55 6C 3A 30 }
          }
        }
        inlineKeyboardButton {
          text = "👎🏻 8"
          type = inlineKeyboardButtonTypeCallback {
            data = bytes [53] { 63 6F 75 6E 74 76 33 3A 2D 31 30 30 31 34 30 33 39 30 34 39 37 38 2F 36 32 63 39 30 33 62 31 33 62 61 30 33 35 34 30 64 31 36 63 66 34 35 36 3A 48 55 6C 3A 31 }
          }
        }
      }
    }
  }
}
[ 1][t 3][1657555462.826980352][MessagesManager.cpp:34229][#1][!Td]	Ignore server message 6436 in chat -1001403904978 received not through update from updateEditChannelMessage. The maximum allowed is server message 6424, last is server message 6424, being added message is invalid message 0, channel difference chat 0 message {
  id = 6748635136
  sender_id = messageSenderChat {
    chat_id = -1001403904978
  }
  chat_id = -1001403904978
  sending_state = null
  scheduling_state = null
  is_outgoing = false
  is_pinned = false
  can_be_edited = false
  can_be_forwarded = true
  can_be_saved = true
  can_be_deleted_only_for_self = false
  can_be_deleted_for_all_users = false
  can_get_added_reactions = false
  can_get_statistics = false
  can_get_message_thread = false
  can_get_viewers = false
  can_get_media_timestamp_links = true
  has_timestamped_media = true
  is_channel_post = true
  contains_unread_mention = false
  date = 1657515921
  edit_date = 0
  forward_info = null
  interaction_info = messageInteractionInfo {
    view_count = 8986
    forward_count = 123
    reply_info = null
    reactions = vector[0] {
    }
  }
  unread_reactions = vector[0] {
  }
  reply_in_chat_id = 0
  reply_to_message_id = 0
  message_thread_id = 0
  ttl = 0
  ttl_expires_in = 0.000000
  via_bot_user_id = 0
  author_signature = ""
  media_album_id = 0
  restriction_reason = ""
  content = messagePhoto {
    photo = photo {
      has_stickers = false
      minithumbnail = minithumbnail {
        width = 40
        height = 40
        data = bytes [824] { FF D8 FF E0 00 10 4A 46 49 46 00 01 01 00 00 01 00 01 00 00 FF DB 00 43 00 28 1C 1E 23 1E 19 28 23 21 23 2D 2B 28 30 3C 64 41 3C 37 37 3C 7B 58 5D 49 64 91 80 99 96 8F 80 8C 8A A0 B4 E6 C3 A0 ...}
      }
      sizes = vector[2] {
        photoSize {
          type = "m"
          photo = file {
            id = 662
            size = 28463
            expected_size = 28463
            local = localFile {
              path = ""
              can_be_downloaded = true
              can_be_deleted = false
              is_downloading_active = false
              is_downloading_completed = false
              download_offset = 0
              downloaded_prefix_size = 0
              downloaded_size = 0
            }
            remote = remoteFile {
              id = "AgACAgIAAx0CU63j0gACGSRizEoGP6KJzGn2ocooKMbHczzlSwAChr0xG_U2UEpkcdPmXtFPFgEAAwIAA20AAykE"
              unique_id = "AQADhr0xG_U2UEpy"
              is_uploading_active = false
              is_uploading_completed = true
              uploaded_size = 28463
            }
          }
          width = 320
          height = 320
          progressive_sizes = vector[0] {
          }
        }
        photoSize {
          type = "x"
          photo = file {
            id = 663
            size = 92975
            expected_size = 92975
            local = localFile {
              path = ""
              can_be_downloaded = true
              can_be_deleted = false
              is_downloading_active = false
              is_downloading_completed = false
              download_offset = 0
              downloaded_prefix_size = 0
              downloaded_size = 0
            }
            remote = remoteFile {
              id = "AgACAgIAAx0CU63j0gACGSRizEoGP6KJzGn2ocooKMbHczzlSwAChr0xG_U2UEpkcdPmXtFPFgEAAwIAA3gAAykE"
              unique_id = "AQADhr0xG_U2UEp9"
              is_uploading_active = false
              is_uploading_completed = true
              uploaded_size = 92975
            }
          }
          width = 736
          height = 736
          progressive_sizes = vector[0] {
          }
        }
      }
    }
    caption = formattedText {
      text = "📌ВАЖНОЕ НАПОМИНАНИЕ: 

ты молодец, ты у себя такая умничка, и не важно, если сегодня у тебя прошёл не такой уж и продуктивный день, главное, ты стараешься, я вижу, как ты стараешься, я вижу, как ты мечтаешь, я вижу, как ты стремишься, и поэтому ты молодец. 
#мотивация"
      entities = vector[2] {
        textEntity {
          offset = 2
          length = 20
          type = textEntityTypeBold {
          }
        }
        textEntity {
          offset = 259
          length = 10
          type = textEntityTypeHashtag {
          }
        }
      }
    }
    is_secret = false
  }
  reply_markup = replyMarkupInlineKeyboard {
    rows = vector[1] {
      vector[2] {
        inlineKeyboardButton {
          text = "👍🏻 932"
          type = inlineKeyboardButtonTypeCallback {
            data = bytes [53] { 63 6F 75 6E 74 76 33 3A 2D 31 30 30 31 34 30 33 39 30 34 39 37 38 2F 36 32 63 61 36 66 66 62 34 65 33 64 38 38 61 66 61 66 36 63 30 33 35 34 3A 48 55 6C 3A 30 }
          }
        }
        inlineKeyboardButton {
          text = "👎🏻 10"
          type = inlineKeyboardButtonTypeCallback {
            data = bytes [53] { 63 6F 75 6E 74 76 33 3A 2D 31 30 30 31 34 30 33 39 30 34 39 37 38 2F 36 32 63 61 36 66 66 62 34 65 33 64 38 38 61 66 61 66 36 63 30 33 35 34 3A 48 55 6C 3A 31 }
          }
        }
      }
    }
  }
}
[ 1][t 3][1657555469.852078437][MessagesManager.cpp:34229][#1][!Td]	Ignore server message 6444 in chat -1001403904978 received not through update from updateEditChannelMessage. The maximum allowed is server message 6424, last is server message 6424, being added message is invalid message 0, channel difference chat 0 message {
  id = 6757023744
  sender_id = messageSenderChat {
    chat_id = -1001403904978
  }
  chat_id = -1001403904978
  sending_state = null
  scheduling_state = null
  is_outgoing = false
  is_pinned = false
  can_be_edited = false
  can_be_forwarded = true
  can_be_saved = true
  can_be_deleted_only_for_self = false
  can_be_deleted_for_all_users = false
  can_get_added_reactions = false
  can_get_statistics = false
  can_get_message_thread = false
  can_get_viewers = false
  can_get_media_timestamp_links = true
  has_timestamped_media = true
  is_channel_post = true
  contains_unread_mention = false
  date = 1657537562
  edit_date = 0
  forward_info = null
  interaction_info = messageInteractionInfo {
    view_count = 6145
    forward_count = 46
    reply_info = null
    reactions = vector[0] {
    }
  }
  unread_reactions = vector[0] {
  }
  reply_in_chat_id = 0
  reply_to_message_id = 0
  message_thread_id = 0
  ttl = 0
  ttl_expires_in = 0.000000
  via_bot_user_id = 0
  author_signature = ""
  media_album_id = 0
  restriction_reason = ""
  content = messagePhoto {
    photo = photo {
      has_stickers = false
      minithumbnail = minithumbnail {
        width = 40
        height = 40
        data = bytes [823] { FF D8 FF E0 00 10 4A 46 49 46 00 01 01 00 00 01 00 01 00 00 FF DB 00 43 00 28 1C 1E 23 1E 19 28 23 21 23 2D 2B 28 30 3C 64 41 3C 37 37 3C 7B 58 5D 49 64 91 80 99 96 8F 80 8C 8A A0 B4 E6 C3 A0 ...}
      }
      sizes = vector[2] {
        photoSize {
          type = "m"
          photo = file {
            id = 668
            size = 30934
            expected_size = 30934
            local = localFile {
              path = ""
              can_be_downloaded = true
              can_be_deleted = false
              is_downloading_active = false
              is_downloading_completed = false
              download_offset = 0
              downloaded_prefix_size = 0
              downloaded_size = 0
            }
            remote = remoteFile {
              id = "AgACAgIAAx0CU63j0gACGSxizEoL481hIryFqe3pmsnEBV-DjAACh70xG_U2UEq8fYoVJWE4pAEAAwIAA20AAykE"
              unique_id = "AQADh70xG_U2UEpy"
              is_uploading_active = false
              is_uploading_completed = true
              uploaded_size = 30934
            }
          }
          width = 320
          height = 320
          progressive_sizes = vector[0] {
          }
        }
        photoSize {
          type = "x"
          photo = file {
            id = 669
            size = 102023
            expected_size = 102023
            local = localFile {
              path = ""
              can_be_downloaded = true
              can_be_deleted = false
              is_downloading_active = false
              is_downloading_completed = false
              download_offset = 0
              downloaded_prefix_size = 0
              downloaded_size = 0
            }
            remote = remoteFile {
              id = "AgACAgIAAx0CU63j0gACGSxizEoL481hIryFqe3pmsnEBV-DjAACh70xG_U2UEq8fYoVJWE4pAEAAwIAA3gAAykE"
              unique_id = "AQADh70xG_U2UEp9"
              is_uploading_active = false
              is_uploading_completed = true
              uploaded_size = 102023
            }
          }
          width = 736
          height = 736
          progressive_sizes = vector[0] {
          }
        }
      }
    }
    caption = formattedText {
      text = "ожидание: работа от выходных до выходных 

реальность: узнаёшь, что такое саморазвитие, выбираешь себя, находишь любимое дело, имеешь финансовую независимость, здоровую психику, каждый день узнаёшь что-то новое и общаешься с успешными людьми, пассивная жизнь больше не про тебя
#мотивация"
      entities = vector[3] {
        textEntity {
          offset = 0
          length = 9
          type = textEntityTypeBold {
          }
        }
        textEntity {
          offset = 43
          length = 11
          type = textEntityTypeBold {
          }
        }
        textEntity {
          offset = 278
          length = 10
          type = textEntityTypeHashtag {
          }
        }
      }
    }
    is_secret = false
  }
  reply_markup = replyMarkupInlineKeyboard {
    rows = vector[1] {
      vector[2] {
        inlineKeyboardButton {
          text = "👍🏻 493"
          type = inlineKeyboardButtonTypeCallback {
            data = bytes [53] { 63 6F 75 6E 74 76 33 3A 2D 31 30 30 31 34 30 33 39 30 34 39 37 38 2F 36 32 63 61 37 30 31 39 33 62 61 30 33 35 35 35 61 61 36 65 64 63 63 37 3A 48 55 6C 3A 30 }
          }
        }
        inlineKeyboardButton {
          text = "👎🏻 12"
          type = inlineKeyboardButtonTypeCallback {
            data = bytes [53] { 63 6F 75 6E 74 76 33 3A 2D 31 30 30 31 34 30 33 39 30 34 39 37 38 2F 36 32 63 61 37 30 31 39 33 62 61 30 33 35 35 35 61 61 36 65 64 63 63 37 3A 48 55 6C 3A 31 }
          }
        }
      }
    }
  }
}
[ 1][t 3][1657555495.819417238][MessagesManager.cpp:34229][#1][!Td]	Ignore server message 6444 in chat -1001403904978 received not through update from updateEditChannelMessage. The maximum allowed is server message 6424, last is server message 6424, being added message is invalid message 0, channel difference chat 0 message {
  id = 6757023744
  sender_id = messageSenderChat {
    chat_id = -1001403904978
  }
  chat_id = -1001403904978
  sending_state = null
  scheduling_state = null
  is_outgoing = false
  is_pinned = false
  can_be_edited = false
  can_be_forwarded = true
  can_be_saved = true
  can_be_deleted_only_for_self = false
  can_be_deleted_for_all_users = false
  can_get_added_reactions = false
  can_get_statistics = false
  can_get_message_thread = false
  can_get_viewers = false
  can_get_media_timestamp_links = true
  has_timestamped_media = true
  is_channel_post = true
  contains_unread_mention = false
  date = 1657537562
  edit_date = 0
  forward_info = null
  interaction_info = messageInteractionInfo {
    view_count = 6145
    forward_count = 46
    reply_info = null
    reactions = vector[0] {
    }
  }
  unread_reactions = vector[0] {
  }
  reply_in_chat_id = 0
  reply_to_message_id = 0
  message_thread_id = 0
  ttl = 0
  ttl_expires_in = 0.000000
  via_bot_user_id = 0
  author_signature = ""
  media_album_id = 0
  restriction_reason = ""
  content = messagePhoto {
    photo = photo {
      has_stickers = false
      minithumbnail = minithumbnail {
        width = 40
        height = 40
        data = bytes [823] { FF D8 FF E0 00 10 4A 46 49 46 00 01 01 00 00 01 00 01 00 00 FF DB 00 43 00 28 1C 1E 23 1E 19 28 23 21 23 2D 2B 28 30 3C 64 41 3C 37 37 3C 7B 58 5D 49 64 91 80 99 96 8F 80 8C 8A A0 B4 E6 C3 A0 ...}
      }
      sizes = vector[2] {
        photoSize {
          type = "m"
          photo = file {
            id = 668
            size = 30934
            expected_size = 30934
            local = localFile {
              path = ""
              can_be_downloaded = true
              can_be_deleted = false
              is_downloading_active = false
              is_downloading_completed = false
              download_offset = 0
              downloaded_prefix_size = 0
              downloaded_size = 0
            }
            remote = remoteFile {
              id = "AgACAgIAAx0CU63j0gACGSxizEofzEzzk7AWbTNDPByAr_lShQACh70xG_U2UEq8fYoVJWE4pAEAAwIAA20AAykE"
              unique_id = "AQADh70xG_U2UEpy"
              is_uploading_active = false
              is_uploading_completed = true
              uploaded_size = 30934
            }
          }
          width = 320
          height = 320
          progressive_sizes = vector[0] {
          }
        }
        photoSize {
          type = "x"
          photo = file {
            id = 669
            size = 102023
            expected_size = 102023
            local = localFile {
              path = ""
              can_be_downloaded = true
              can_be_deleted = false
              is_downloading_active = false
              is_downloading_completed = false
              download_offset = 0
              downloaded_prefix_size = 0
              downloaded_size = 0
            }
            remote = remoteFile {
              id = "AgACAgIAAx0CU63j0gACGSxizEofzEzzk7AWbTNDPByAr_lShQACh70xG_U2UEq8fYoVJWE4pAEAAwIAA3gAAykE"
              unique_id = "AQADh70xG_U2UEp9"
              is_uploading_active = false
              is_uploading_completed = true
              uploaded_size = 102023
            }
          }
          width = 736
          height = 736
          progressive_sizes = vector[0] {
          }
        }
      }
    }
    caption = formattedText {
      text = "ожидание: работа от выходных до выходных 

реальность: узнаёшь, что такое саморазвитие, выбираешь себя, находишь любимое дело, имеешь финансовую независимость, здоровую психику, каждый день узнаёшь что-то новое и общаешься с успешными людьми, пассивная жизнь больше не про тебя
#мотивация"
      entities = vector[3] {
        textEntity {
          offset = 0
          length = 9
          type = textEntityTypeBold {
          }
        }
        textEntity {
          offset = 43
          length = 11
          type = textEntityTypeBold {
          }
        }
        textEntity {
          offset = 278
          length = 10
          type = textEntityTypeHashtag {
          }
        }
      }
    }
    is_secret = false
  }
  reply_markup = replyMarkupInlineKeyboard {
    rows = vector[1] {
      vector[2] {
        inlineKeyboardButton {
          text = "👍🏻 493"
          type = inlineKeyboardButtonTypeCallback {
            data = bytes [53] { 63 6F 75 6E 74 76 33 3A 2D 31 30 30 31 34 30 33 39 30 34 39 37 38 2F 36 32 63 61 37 30 31 39 33 62 61 30 33 35 35 35 61 61 36 65 64 63 63 37 3A 48 55 6C 3A 30 }
          }
        }
        inlineKeyboardButton {
          text = "👎🏻 13"
          type = inlineKeyboardButtonTypeCallback {
            data = bytes [53] { 63 6F 75 6E 74 76 33 3A 2D 31 30 30 31 34 30 33 39 30 34 39 37 38 2F 36 32 63 61 37 30 31 39 33 62 61 30 33 35 35 35 61 61 36 65 64 63 63 37 3A 48 55 6C 3A 31 }
          }
        }
      }
    }
  }
}
[ 1][t 3][1657555495.819900989][MessagesManager.cpp:34229][#1][!Td]	Ignore server message 6444 in chat -1001403904978 received not through update from updateEditChannelMessage. The maximum allowed is server message 6424, last is server message 6424, being added message is invalid message 0, channel difference chat 0 message {
  id = 6757023744
  sender_id = messageSenderChat {
    chat_id = -1001403904978
  }
  chat_id = -1001403904978
  sending_state = null
  scheduling_state = null
  is_outgoing = false
  is_pinned = false
  can_be_edited = false
  can_be_forwarded = true
  can_be_saved = true
  can_be_deleted_only_for_self = false
  can_be_deleted_for_all_users = false
  can_get_added_reactions = false
  can_get_statistics = false
  can_get_message_thread = false
  can_get_viewers = false
  can_get_media_timestamp_links = true
  has_timestamped_media = true
  is_channel_post = true
  contains_unread_mention = false
  date = 1657537562
  edit_date = 0
  forward_info = null
  interaction_info = messageInteractionInfo {
    view_count = 6145
    forward_count = 46
    reply_info = null
    reactions = vector[0] {
    }
  }
  unread_reactions = vector[0] {
  }
  reply_in_chat_id = 0
  reply_to_message_id = 0
  message_thread_id = 0
  ttl = 0
  ttl_expires_in = 0.000000
  via_bot_user_id = 0
  author_signature = ""
  media_album_id = 0
  restriction_reason = ""
  content = messagePhoto {
    photo = photo {
      has_stickers = false
      minithumbnail = minithumbnail {
        width = 40
        height = 40
        data = bytes [823] { FF D8 FF E0 00 10 4A 46 49 46 00 01 01 00 00 01 00 01 00 00 FF DB 00 43 00 28 1C 1E 23 1E 19 28 23 21 23 2D 2B 28 30 3C 64 41 3C 37 37 3C 7B 58 5D 49 64 91 80 99 96 8F 80 8C 8A A0 B4 E6 C3 A0 ...}
      }
      sizes = vector[2] {
        photoSize {
          type = "m"
          photo = file {
            id = 668
            size = 30934
            expected_size = 30934
            local = localFile {
              path = ""
              can_be_downloaded = true
              can_be_deleted = false
              is_downloading_active = false
              is_downloading_completed = false
              download_offset = 0
              downloaded_prefix_size = 0
              downloaded_size = 0
            }
            remote = remoteFile {
              id = "AgACAgIAAx0CU63j0gACGSxizEolO_fbksppk6-WYvTn-Y9RVgACh70xG_U2UEq8fYoVJWE4pAEAAwIAA20AAykE"
              unique_id = "AQADh70xG_U2UEpy"
              is_uploading_active = false
              is_uploading_completed = true
              uploaded_size = 30934
            }
          }
          width = 320
          height = 320
          progressive_sizes = vector[0] {
          }
        }
        photoSize {
          type = "x"
          photo = file {
            id = 669
            size = 102023
            expected_size = 102023
            local = localFile {
              path = ""
              can_be_downloaded = true
              can_be_deleted = false
              is_downloading_active = false
              is_downloading_completed = false
              download_offset = 0
              downloaded_prefix_size = 0
              downloaded_size = 0
            }
            remote = remoteFile {
              id = "AgACAgIAAx0CU63j0gACGSxizEolO_fbksppk6-WYvTn-Y9RVgACh70xG_U2UEq8fYoVJWE4pAEAAwIAA3gAAykE"
              unique_id = "AQADh70xG_U2UEp9"
              is_uploading_active = false
              is_uploading_completed = true
              uploaded_size = 102023
            }
          }
          width = 736
          height = 736
          progressive_sizes = vector[0] {
          }
        }
      }
    }
    caption = formattedText {
      text = "ожидание: работа от выходных до выходных 

реальность: узнаёшь, что такое саморазвитие, выбираешь себя, находишь любимое дело, имеешь финансовую независимость, здоровую психику, каждый день узнаёшь что-то новое и общаешься с успешными людьми, пассивная жизнь больше не про тебя
#мотивация"
      entities = vector[3] {
        textEntity {
          offset = 0
          length = 9
          type = textEntityTypeBold {
          }
        }
        textEntity {
          offset = 43
          length = 11
          type = textEntityTypeBold {
          }
        }
        textEntity {
          offset = 278
          length = 10
          type = textEntityTypeHashtag {
          }
        }
      }
    }
    is_secret = false
  }
  reply_markup = replyMarkupInlineKeyboard {
    rows = vector[1] {
      vector[2] {
        inlineKeyboardButton {
          text = "👍🏻 495"
          type = inlineKeyboardButtonTypeCallback {
            data = bytes [53] { 63 6F 75 6E 74 76 33 3A 2D 31 30 30 31 34 30 33 39 30 34 39 37 38 2F 36 32 63 61 37 30 31 39 33 62 61 30 33 35 35 35 61 61 36 65 64 63 63 37 3A 48 55 6C 3A 30 }
          }
        }
        inlineKeyboardButton {
          text = "👎🏻 13"
          type = inlineKeyboardButtonTypeCallback {
            data = bytes [53] { 63 6F 75 6E 74 76 33 3A 2D 31 30 30 31 34 30 33 39 30 34 39 37 38 2F 36 32 63 61 37 30 31 39 33 62 61 30 33 35 35 35 61 61 36 65 64 63 63 37 3A 48 55 6C 3A 31 }
          }
        }
      }
    }
  }
}
[ 1][t 3][1657555577.834283828][MessagesManager.cpp:34229][#1][!Td]	Ignore server message 6444 in chat -1001403904978 received not through update from updateEditChannelMessage. The maximum allowed is server message 6424, last is server message 6424, being added message is invalid message 0, channel difference chat 0 message {
  id = 6757023744
  sender_id = messageSenderChat {
    chat_id = -1001403904978
  }
  chat_id = -1001403904978
  sending_state = null
  scheduling_state = null
  is_outgoing = false
  is_pinned = false
  can_be_edited = false
  can_be_forwarded = true
  can_be_saved = true
  can_be_deleted_only_for_self = false
  can_be_deleted_for_all_users = false
  can_get_added_reactions = false
  can_get_statistics = false
  can_get_message_thread = false
  can_get_viewers = false
  can_get_media_timestamp_links = true
  has_timestamped_media = true
  is_channel_post = true
  contains_unread_mention = false
  date = 1657537562
  edit_date = 0
  forward_info = null
  interaction_info = messageInteractionInfo {
    view_count = 6169
    forward_count = 46
    reply_info = null
    reactions = vector[0] {
    }
  }
  unread_reactions = vector[0] {
  }
  reply_in_chat_id = 0
  reply_to_message_id = 0
  message_thread_id = 0
  ttl = 0
  ttl_expires_in = 0.000000
  via_bot_user_id = 0
  author_signature = ""
  media_album_id = 0
  restriction_reason = ""
  content = messagePhoto {
    photo = photo {
      has_stickers = false
      minithumbnail = minithumbnail {
        width = 40
        height = 40
        data = bytes [823] { FF D8 FF E0 00 10 4A 46 49 46 00 01 01 00 00 01 00 01 00 00 FF DB 00 43 00 28 1C 1E 23 1E 19 28 23 21 23 2D 2B 28 30 3C 64 41 3C 37 37 3C 7B 58 5D 49 64 91 80 99 96 8F 80 8C 8A A0 B4 E6 C3 A0 ...}
      }
      sizes = vector[2] {
        photoSize {
          type = "m"
          photo = file {
            id = 668
            size = 30934
            expected_size = 30934
            local = localFile {
              path = ""
              can_be_downloaded = true
              can_be_deleted = false
              is_downloading_active = false
              is_downloading_completed = false
              download_offset = 0
              downloaded_prefix_size = 0
              downloaded_size = 0
            }
            remote = remoteFile {
              id = "AgACAgIAAx0CU63j0gACGSxizEpxmbcdFrjl8J86cDkyySi2pgACh70xG_U2UEq8fYoVJWE4pAEAAwIAA20AAykE"
              unique_id = "AQADh70xG_U2UEpy"
              is_uploading_active = false
              is_uploading_completed = true
              uploaded_size = 30934
            }
          }
          width = 320
          height = 320
          progressive_sizes = vector[0] {
          }
        }
        photoSize {
          type = "x"
          photo = file {
            id = 669
            size = 102023
            expected_size = 102023
            local = localFile {
              path = ""
              can_be_downloaded = true
              can_be_deleted = false
              is_downloading_active = false
              is_downloading_completed = false
              download_offset = 0
              downloaded_prefix_size = 0
              downloaded_size = 0
            }
            remote = remoteFile {
              id = "AgACAgIAAx0CU63j0gACGSxizEpxmbcdFrjl8J86cDkyySi2pgACh70xG_U2UEq8fYoVJWE4pAEAAwIAA3gAAykE"
              unique_id = "AQADh70xG_U2UEp9"
              is_uploading_active = false
              is_uploading_completed = true
              uploaded_size = 102023
            }
          }
          width = 736
          height = 736
          progressive_sizes = vector[0] {
          }
        }
      }
    }
    caption = formattedText {
      text = "ожидание: работа от выходных до выходных 

реальность: узнаёшь, что такое саморазвитие, выбираешь себя, находишь любимое дело, имеешь финансовую независимость, здоровую психику, каждый день узнаёшь что-то новое и общаешься с успешными людьми, пассивная жизнь больше не про тебя
#мотивация"
      entities = vector[3] {
        textEntity {
          offset = 0
          length = 9
          type = textEntityTypeBold {
          }
        }
        textEntity {
          offset = 43
          length = 11
          type = textEntityTypeBold {
          }
        }
        textEntity {
          offset = 278
          length = 10
          type = textEntityTypeHashtag {
          }
        }
      }
    }
    is_secret = false
  }
  reply_markup = replyMarkupInlineKeyboard {
    rows = vector[1] {
      vector[2] {
        inlineKeyboardButton {
          text = "👍🏻 496"
          type = inlineKeyboardButtonTypeCallback {
            data = bytes [53] { 63 6F 75 6E 74 76 33 3A 2D 31 30 30 31 34 30 33 39 30 34 39 37 38 2F 36 32 63 61 37 30 31 39 33 62 61 30 33 35 35 35 61 61 36 65 64 63 63 37 3A 48 55 6C 3A 30 }
          }
        }
        inlineKeyboardButton {
          text = "👎🏻 13"
          type = inlineKeyboardButtonTypeCallback {
            data = bytes [53] { 63 6F 75 6E 74 76 33 3A 2D 31 30 30 31 34 30 33 39 30 34 39 37 38 2F 36 32 63 61 37 30 31 39 33 62 61 30 33 35 35 35 61 61 36 65 64 63 63 37 3A 48 55 6C 3A 31 }
          }
        }
      }
    }
  }
}
[ 1][t 3][1657555635.007403612][MessagesManager.cpp:34229][#1][!Td]	Ignore server message 6436 in chat -1001403904978 received not through update from updateEditChannelMessage. The maximum allowed is server message 6424, last is server message 6424, being added message is invalid message 0, channel difference chat 0 message {
  id = 6748635136
  sender_id = messageSenderChat {
    chat_id = -1001403904978
  }
  chat_id = -1001403904978
  sending_state = null
  scheduling_state = null
  is_outgoing = false
  is_pinned = false
  can_be_edited = false
  can_be_forwarded = true
  can_be_saved = true
  can_be_deleted_only_for_self = false
  can_be_deleted_for_all_users = false
  can_get_added_reactions = false
  can_get_statistics = false
  can_get_message_thread = false
  can_get_viewers = false
  can_get_media_timestamp_links = true
  has_timestamped_media = true
  is_channel_post = true
  contains_unread_mention = false
  date = 1657515921
  edit_date = 0
  forward_info = null
  interaction_info = messageInteractionInfo {
    view_count = 8993
    forward_count = 123
    reply_info = null
    reactions = vector[0] {
    }
  }
  unread_reactions = vector[0] {
  }
  reply_in_chat_id = 0
  reply_to_message_id = 0
  message_thread_id = 0
  ttl = 0
  ttl_expires_in = 0.000000
  via_bot_user_id = 0
  author_signature = ""
  media_album_id = 0
  restriction_reason = ""
  content = messagePhoto {
    photo = photo {
      has_stickers = false
      minithumbnail = minithumbnail {
        width = 40
        height = 40
        data = bytes [824] { FF D8 FF E0 00 10 4A 46 49 46 00 01 01 00 00 01 00 01 00 00 FF DB 00 43 00 28 1C 1E 23 1E 19 28 23 21 23 2D 2B 28 30 3C 64 41 3C 37 37 3C 7B 58 5D 49 64 91 80 99 96 8F 80 8C 8A A0 B4 E6 C3 A0 ...}
      }
      sizes = vector[2] {
        photoSize {
          type = "m"
          photo = file {
            id = 662
            size = 28463
            expected_size = 28463
            local = localFile {
              path = ""
              can_be_downloaded = true
              can_be_deleted = false
              is_downloading_active = false
              is_downloading_completed = false
              download_offset = 0
              downloaded_prefix_size = 0
              downloaded_size = 0
            }
            remote = remoteFile {
              id = "AgACAgIAAx0CU63j0gACGSRizEqZx5I_146iLuConZemHpgPQwAChr0xG_U2UEpkcdPmXtFPFgEAAwIAA20AAykE"
              unique_id = "AQADhr0xG_U2UEpy"
              is_uploading_active = false
              is_uploading_completed = true
              uploaded_size = 28463
            }
          }
          width = 320
          height = 320
          progressive_sizes = vector[0] {
          }
        }
        photoSize {
          type = "x"
          photo = file {
            id = 663
            size = 92975
            expected_size = 92975
            local = localFile {
              path = ""
              can_be_downloaded = true
              can_be_deleted = false
              is_downloading_active = false
              is_downloading_completed = false
              download_offset = 0
              downloaded_prefix_size = 0
              downloaded_size = 0
            }
            remote = remoteFile {
              id = "AgACAgIAAx0CU63j0gACGSRizEqZx5I_146iLuConZemHpgPQwAChr0xG_U2UEpkcdPmXtFPFgEAAwIAA3gAAykE"
              unique_id = "AQADhr0xG_U2UEp9"
              is_uploading_active = false
              is_uploading_completed = true
              uploaded_size = 92975
            }
          }
          width = 736
          height = 736
          progressive_sizes = vector[0] {
          }
        }
      }
    }
    caption = formattedText {
      text = "📌ВАЖНОЕ НАПОМИНАНИЕ: 

ты молодец, ты у себя такая умничка, и не важно, если сегодня у тебя прошёл не такой уж и продуктивный день, главное, ты стараешься, я вижу, как ты стараешься, я вижу, как ты мечтаешь, я вижу, как ты стремишься, и поэтому ты молодец. 
#мотивация"
      entities = vector[2] {
        textEntity {
          offset = 2
          length = 20
          type = textEntityTypeBold {
          }
        }
        textEntity {
          offset = 259
          length = 10
          type = textEntityTypeHashtag {
          }
        }
      }
    }
    is_secret = false
  }
  reply_markup = replyMarkupInlineKeyboard {
    rows = vector[1] {
      vector[2] {
        inlineKeyboardButton {
          text = "👍🏻 933"
          type = inlineKeyboardButtonTypeCallback {
            data = bytes [53] { 63 6F 75 6E 74 76 33 3A 2D 31 30 30 31 34 30 33 39 30 34 39 37 38 2F 36 32 63 61 36 66 66 62 34 65 33 64 38 38 61 66 61 66 36 63 30 33 35 34 3A 48 55 6C 3A 30 }
          }
        }
        inlineKeyboardButton {
          text = "👎🏻 10"
          type = inlineKeyboardButtonTypeCallback {
            data = bytes [53] { 63 6F 75 6E 74 76 33 3A 2D 31 30 30 31 34 30 33 39 30 34 39 37 38 2F 36 32 63 61 36 66 66 62 34 65 33 64 38 38 61 66 61 66 36 63 30 33 35 34 3A 48 55 6C 3A 31 }
          }
        }
      }
    }
  }
}
[ 1][t 3][1657555635.007823705][MessagesManager.cpp:34229][#1][!Td]	Ignore server message 6436 in chat -1001403904978 received not through update from updateEditChannelMessage. The maximum allowed is server message 6424, last is server message 6424, being added message is invalid message 0, channel difference chat 0 message {
  id = 6748635136
  sender_id = messageSenderChat {
    chat_id = -1001403904978
  }
  chat_id = -1001403904978
  sending_state = null
  scheduling_state = null
  is_outgoing = false
  is_pinned = false
  can_be_edited = false
  can_be_forwarded = true
  can_be_saved = true
  can_be_deleted_only_for_self = false
  can_be_deleted_for_all_users = false
  can_get_added_reactions = false
  can_get_statistics = false
  can_get_message_thread = false
  can_get_viewers = false
  can_get_media_timestamp_links = true
  has_timestamped_media = true
  is_channel_post = true
  contains_unread_mention = false
  date = 1657515921
  edit_date = 0
  forward_info = null
  interaction_info = messageInteractionInfo {
    view_count = 8993
    forward_count = 123
    reply_info = null
    reactions = vector[0] {
    }
  }
  unread_reactions = vector[0] {
  }
  reply_in_chat_id = 0
  reply_to_message_id = 0
  message_thread_id = 0
  ttl = 0
  ttl_expires_in = 0.000000
  via_bot_user_id = 0
  author_signature = ""
  media_album_id = 0
  restriction_reason = ""
  content = messagePhoto {
    photo = photo {
      has_stickers = false
      minithumbnail = minithumbnail {
        width = 40
        height = 40
        data = bytes [824] { FF D8 FF E0 00 10 4A 46 49 46 00 01 01 00 00 01 00 01 00 00 FF DB 00 43 00 28 1C 1E 23 1E 19 28 23 21 23 2D 2B 28 30 3C 64 41 3C 37 37 3C 7B 58 5D 49 64 91 80 99 96 8F 80 8C 8A A0 B4 E6 C3 A0 ...}
      }
      sizes = vector[2] {
        photoSize {
          type = "m"
          photo = file {
            id = 662
            size = 28463
            expected_size = 28463
            local = localFile {
              path = ""
              can_be_downloaded = true
              can_be_deleted = false
              is_downloading_active = false
              is_downloading_completed = false
              download_offset = 0
              downloaded_prefix_size = 0
              downloaded_size = 0
            }
            remote = remoteFile {
              id = "AgACAgIAAx0CU63j0gACGSRizEqejS4zGdf4bAkr6iPlEX-Y-gAChr0xG_U2UEpkcdPmXtFPFgEAAwIAA20AAykE"
              unique_id = "AQADhr0xG_U2UEpy"
              is_uploading_active = false
              is_uploading_completed = true
              uploaded_size = 28463
            }
          }
          width = 320
          height = 320
          progressive_sizes = vector[0] {
          }
        }
        photoSize {
          type = "x"
          photo = file {
            id = 663
            size = 92975
            expected_size = 92975
            local = localFile {
              path = ""
              can_be_downloaded = true
              can_be_deleted = false
              is_downloading_active = false
              is_downloading_completed = false
              download_offset = 0
              downloaded_prefix_size = 0
              downloaded_size = 0
            }
            remote = remoteFile {
              id = "AgACAgIAAx0CU63j0gACGSRizEqejS4zGdf4bAkr6iPlEX-Y-gAChr0xG_U2UEpkcdPmXtFPFgEAAwIAA3gAAykE"
              unique_id = "AQADhr0xG_U2UEp9"
              is_uploading_active = false
              is_uploading_completed = true
              uploaded_size = 92975
            }
          }
          width = 736
          height = 736
          progressive_sizes = vector[0] {
          }
        }
      }
    }
    caption = formattedText {
      text = "📌ВАЖНОЕ НАПОМИНАНИЕ: 

ты молодец, ты у себя такая умничка, и не важно, если сегодня у тебя прошёл не такой уж и продуктивный день, главное, ты стараешься, я вижу, как ты стараешься, я вижу, как ты мечтаешь, я вижу, как ты стремишься, и поэтому ты молодец. 
#мотивация"
      entities = vector[2] {
        textEntity {
          offset = 2
          length = 20
          type = textEntityTypeBold {
          }
        }
        textEntity {
          offset = 259
          length = 10
          type = textEntityTypeHashtag {
          }
        }
      }
    }
    is_secret = false
  }
  reply_markup = replyMarkupInlineKeyboard {
    rows = vector[1] {
      vector[2] {
        inlineKeyboardButton {
          text = "👍🏻 934"
          type = inlineKeyboardButtonTypeCallback {
            data = bytes [53] { 63 6F 75 6E 74 76 33 3A 2D 31 30 30 31 34 30 33 39 30 34 39 37 38 2F 36 32 63 61 36 66 66 62 34 65 33 64 38 38 61 66 61 66 36 63 30 33 35 34 3A 48 55 6C 3A 30 }
          }
        }
        inlineKeyboardButton {
          text = "👎🏻 10"
          type = inlineKeyboardButtonTypeCallback {
            data = bytes [53] { 63 6F 75 6E 74 76 33 3A 2D 31 30 30 31 34 30 33 39 30 34 39 37 38 2F 36 32 63 61 36 66 66 62 34 65 33 64 38 38 61 66 61 66 36 63 30 33 35 34 3A 48 55 6C 3A 31 }
          }
        }
      }
    }
  }
}
[ 1][t 3][1657555635.009320735][MessagesManager.cpp:34229][#1][!Td]	Ignore server message 6436 in chat -1001403904978 received not through update from updateEditChannelMessage. The maximum allowed is server message 6424, last is server message 6424, being added message is invalid message 0, channel difference chat 0 message {
  id = 6748635136
  sender_id = messageSenderChat {
    chat_id = -1001403904978
  }
  chat_id = -1001403904978
  sending_state = null
  scheduling_state = null
  is_outgoing = false
  is_pinned = false
  can_be_edited = false
  can_be_forwarded = true
  can_be_saved = true
  can_be_deleted_only_for_self = false
  can_be_deleted_for_all_users = false
  can_get_added_reactions = false
  can_get_statistics = false
  can_get_message_thread = false
  can_get_viewers = false
  can_get_media_timestamp_links = true
  has_timestamped_media = true
  is_channel_post = true
  contains_unread_mention = false
  date = 1657515921
  edit_date = 0
  forward_info = null
  interaction_info = messageInteractionInfo {
    view_count = 8996
    forward_count = 123
    reply_info = null
    reactions = vector[0] {
    }
  }
  unread_reactions = vector[0] {
  }
  reply_in_chat_id = 0
  reply_to_message_id = 0
  message_thread_id = 0
  ttl = 0
  ttl_expires_in = 0.000000
  via_bot_user_id = 0
  author_signature = ""
  media_album_id = 0
  restriction_reason = ""
  content = messagePhoto {
    photo = photo {
      has_stickers = false
      minithumbnail = minithumbnail {
        width = 40
        height = 40
        data = bytes [824] { FF D8 FF E0 00 10 4A 46 49 46 00 01 01 00 00 01 00 01 00 00 FF DB 00 43 00 28 1C 1E 23 1E 19 28 23 21 23 2D 2B 28 30 3C 64 41 3C 37 37 3C 7B 58 5D 49 64 91 80 99 96 8F 80 8C 8A A0 B4 E6 C3 A0 ...}
      }
      sizes = vector[2] {
        photoSize {
          type = "m"
          photo = file {
            id = 662
            size = 28463
            expected_size = 28463
            local = localFile {
              path = ""
              can_be_downloaded = true
              can_be_deleted = false
              is_downloading_active = false
              is_downloading_completed = false
              download_offset = 0
              downloaded_prefix_size = 0
              downloaded_size = 0
            }
            remote = remoteFile {
              id = "AgACAgIAAx0CU63j0gACGSRizEqy0WxcxpzWIR97MFunm_9WCAAChr0xG_U2UEpkcdPmXtFPFgEAAwIAA20AAykE"
              unique_id = "AQADhr0xG_U2UEpy"
              is_uploading_active = false
              is_uploading_completed = true
              uploaded_size = 28463
            }
          }
          width = 320
          height = 320
          progressive_sizes = vector[0] {
          }
        }
        photoSize {
          type = "x"
          photo = file {
            id = 663
            size = 92975
            expected_size = 92975
            local = localFile {
              path = ""
              can_be_downloaded = true
              can_be_deleted = false
              is_downloading_active = false
              is_downloading_completed = false
              download_offset = 0
              downloaded_prefix_size = 0
              downloaded_size = 0
            }
            remote = remoteFile {
              id = "AgACAgIAAx0CU63j0gACGSRizEqy0WxcxpzWIR97MFunm_9WCAAChr0xG_U2UEpkcdPmXtFPFgEAAwIAA3gAAykE"
              unique_id = "AQADhr0xG_U2UEp9"
              is_uploading_active = false
              is_uploading_completed = true
              uploaded_size = 92975
            }
          }
          width = 736
          height = 736
          progressive_sizes = vector[0] {
          }
        }
      }
    }
    caption = formattedText {
      text = "📌ВАЖНОЕ НАПОМИНАНИЕ: 

ты молодец, ты у себя такая умничка, и не важно, если сегодня у тебя прошёл не такой уж и продуктивный день, главное, ты стараешься, я вижу, как ты стараешься, я вижу, как ты мечтаешь, я вижу, как ты стремишься, и поэтому ты молодец. 
#мотивация"
      entities = vector[2] {
        textEntity {
          offset = 2
          length = 20
          type = textEntityTypeBold {
          }
        }
        textEntity {
          offset = 259
          length = 10
          type = textEntityTypeHashtag {
          }
        }
      }
    }
    is_secret = false
  }
  reply_markup = replyMarkupInlineKeyboard {
    rows = vector[1] {
      vector[2] {
        inlineKeyboardButton {
          text = "👍🏻 935"
          type = inlineKeyboardButtonTypeCallback {
            data = bytes [53] { 63 6F 75 6E 74 76 33 3A 2D 31 30 30 31 34 30 33 39 30 34 39 37 38 2F 36 32 63 61 36 66 66 62 34 65 33 64 38 38 61 66 61 66 36 63 30 33 35 34 3A 48 55 6C 3A 30 }
          }
        }
        inlineKeyboardButton {
          text = "👎🏻 10"
          type = inlineKeyboardButtonTypeCallback {
            data = bytes [53] { 63 6F 75 6E 74 76 33 3A 2D 31 30 30 31 34 30 33 39 30 34 39 37 38 2F 36 32 63 61 36 66 66 62 34 65 33 64 38 38 61 66 61 66 36 63 30 33 35 34 3A 48 55 6C 3A 31 }
          }
        }
      }
    }
  }
}
[ 1][t 3][1657555653.787348031][MessagesManager.cpp:34229][#1][!Td]	Ignore server message 6435 in chat -1001403904978 received not through update from updateEditChannelMessage. The maximum allowed is server message 6424, last is server message 6424, being added message is invalid message 0, channel difference chat 0 message {
  id = 6747586560
  sender_id = messageSenderChat {
    chat_id = -1001403904978
  }
  chat_id = -1001403904978
  sending_state = null
  scheduling_state = null
  is_outgoing = false
  is_pinned = false
  can_be_edited = false
  can_be_forwarded = true
  can_be_saved = true
  can_be_deleted_only_for_self = false
  can_be_deleted_for_all_users = false
  can_get_added_reactions = false
  can_get_statistics = false
  can_get_message_thread = false
  can_get_viewers = false
  can_get_media_timestamp_links = true
  has_timestamped_media = true
  is_channel_post = true
  contains_unread_mention = false
  date = 1657477140
  edit_date = 0
  forward_info = null
  interaction_info = messageInteractionInfo {
    view_count = 10738
    forward_count = 149
    reply_info = null
    reactions = vector[0] {
    }
  }
  unread_reactions = vector[0] {
  }
  reply_in_chat_id = 0
  reply_to_message_id = 0
  message_thread_id = 0
  ttl = 0
  ttl_expires_in = 0.000000
  via_bot_user_id = 0
  author_signature = ""
  media_album_id = 0
  restriction_reason = ""
  content = messagePhoto {
    photo = photo {
      has_stickers = false
      minithumbnail = minithumbnail {
        width = 40
        height = 40
        data = bytes [837] { FF D8 FF E0 00 10 4A 46 49 46 00 01 01 00 00 01 00 01 00 00 FF DB 00 43 00 28 1C 1E 23 1E 19 28 23 21 23 2D 2B 28 30 3C 64 41 3C 37 37 3C 7B 58 5D 49 64 91 80 99 96 8F 80 8C 8A A0 B4 E6 C3 A0 ...}
      }
      sizes = vector[2] {
        photoSize {
          type = "m"
          photo = file {
            id = 666
            size = 36045
            expected_size = 36045
            local = localFile {
              path = ""
              can_be_downloaded = true
              can_be_deleted = false
              is_downloading_active = false
              is_downloading_completed = false
              download_offset = 0
              downloaded_prefix_size = 0
              downloaded_size = 0
            }
            remote = remoteFile {
              id = "AgACAgIAAx0CU63j0gACGSNizEq4zGTp1yJ0-o8fPIMQhEFVLAAC08ExG_3sSUqh2Fs1YiEeawEAAwIAA20AAykE"
              unique_id = "AQAD08ExG_3sSUpy"
              is_uploading_active = false
              is_uploading_completed = true
              uploaded_size = 36045
            }
          }
          width = 320
          height = 320
          progressive_sizes = vector[0] {
          }
        }
        photoSize {
          type = "x"
          photo = file {
            id = 667
            size = 124828
            expected_size = 124828
            local = localFile {
              path = ""
              can_be_downloaded = true
              can_be_deleted = false
              is_downloading_active = false
              is_downloading_completed = false
              download_offset = 0
              downloaded_prefix_size = 0
              downloaded_size = 0
            }
            remote = remoteFile {
              id = "AgACAgIAAx0CU63j0gACGSNizEq4zGTp1yJ0-o8fPIMQhEFVLAAC08ExG_3sSUqh2Fs1YiEeawEAAwIAA3gAAykE"
              unique_id = "AQAD08ExG_3sSUp9"
              is_uploading_active = false
              is_uploading_completed = true
              uploaded_size = 124828
            }
          }
          width = 736
          height = 736
          progressive_sizes = vector[0] {
          }
        }
      }
    }
    caption = formattedText {
      text = "у вас бывает такое, что ничего не хочется. смотреть фильмы/сериалы — тошно, читать — скучно, видео на ютубе — неинтересно, заниматься уроками — вообще ужас. просто лежишь и чувство, будто ты застрял во времени, а всё вокруг двигается дальше, обходя тебя стороной. просто знай, что это состояние пройдёт. ты снова почувствуешь прилив сил для реализации своих целей. просто дай себе время. это тоже часть твоего пути. 
#мотивация"
      entities = vector[1] {
        textEntity {
          offset = 417
          length = 10
          type = textEntityTypeHashtag {
          }
        }
      }
    }
    is_secret = false
  }
  reply_markup = replyMarkupInlineKeyboard {
    rows = vector[1] {
      vector[2] {
        inlineKeyboardButton {
          text = "👍🏻 1188"
          type = inlineKeyboardButtonTypeCallback {
            data = bytes [53] { 63 6F 75 6E 74 76 33 3A 2D 31 30 30 31 34 30 33 39 30 34 39 37 38 2F 36 32 63 39 30 33 62 31 33 62 61 30 33 35 34 30 64 31 36 63 66 34 35 36 3A 48 55 6C 3A 30 }
          }
        }
        inlineKeyboardButton {
          text = "👎🏻 8"
          type = inlineKeyboardButtonTypeCallback {
            data = bytes [53] { 63 6F 75 6E 74 76 33 3A 2D 31 30 30 31 34 30 33 39 30 34 39 37 38 2F 36 32 63 39 30 33 62 31 33 62 61 30 33 35 34 30 64 31 36 63 66 34 35 36 3A 48 55 6C 3A 31 }
          }
        }
      }
    }
  }
}
[ 1][t 3][1657555769.059535026][MessagesManager.cpp:34229][#1][!Td]	Ignore server message 6444 in chat -1001403904978 received not through update from updateEditChannelMessage. The maximum allowed is server message 6424, last is server message 6424, being added message is invalid message 0, channel difference chat 0 message {
  id = 6757023744
  sender_id = messageSenderChat {
    chat_id = -1001403904978
  }
  chat_id = -1001403904978
  sending_state = null
  scheduling_state = null
  is_outgoing = false
  is_pinned = false
  can_be_edited = false
  can_be_forwarded = true
  can_be_saved = true
  can_be_deleted_only_for_self = false
  can_be_deleted_for_all_users = false
  can_get_added_reactions = false
  can_get_statistics = false
  can_get_message_thread = false
  can_get_viewers = false
  can_get_media_timestamp_links = true
  has_timestamped_media = true
  is_channel_post = true
  contains_unread_mention = false
  date = 1657537562
  edit_date = 0
  forward_info = null
  interaction_info = messageInteractionInfo {
    view_count = 6188
    forward_count = 46
    reply_info = null
    reactions = vector[0] {
    }
  }
  unread_reactions = vector[0] {
  }
  reply_in_chat_id = 0
  reply_to_message_id = 0
  message_thread_id = 0
  ttl = 0
  ttl_expires_in = 0.000000
  via_bot_user_id = 0
  author_signature = ""
  media_album_id = 0
  restriction_reason = ""
  content = messagePhoto {
    photo = photo {
      has_stickers = false
      minithumbnail = minithumbnail {
        width = 40
        height = 40
        data = bytes [823] { FF D8 FF E0 00 10 4A 46 49 46 00 01 01 00 00 01 00 01 00 00 FF DB 00 43 00 28 1C 1E 23 1E 19 28 23 21 23 2D 2B 28 30 3C 64 41 3C 37 37 3C 7B 58 5D 49 64 91 80 99 96 8F 80 8C 8A A0 B4 E6 C3 A0 ...}
      }
      sizes = vector[2] {
        photoSize {
          type = "m"
          photo = file {
            id = 668
            size = 30934
            expected_size = 30934
            local = localFile {
              path = ""
              can_be_downloaded = true
              can_be_deleted = false
              is_downloading_active = false
              is_downloading_completed = false
              download_offset = 0
              downloaded_prefix_size = 0
              downloaded_size = 0
            }
            remote = remoteFile {
              id = "AgACAgIAAx0CU63j0gACGSxizEswhcPwdzlfLx8Xde5gtWRCEQACh70xG_U2UEq8fYoVJWE4pAEAAwIAA20AAykE"
              unique_id = "AQADh70xG_U2UEpy"
              is_uploading_active = false
              is_uploading_completed = true
              uploaded_size = 30934
            }
          }
          width = 320
          height = 320
          progressive_sizes = vector[0] {
          }
        }
        photoSize {
          type = "x"
          photo = file {
            id = 669
            size = 102023
            expected_size = 102023
            local = localFile {
              path = ""
              can_be_downloaded = true
              can_be_deleted = false
              is_downloading_active = false
              is_downloading_completed = false
              download_offset = 0
              downloaded_prefix_size = 0
              downloaded_size = 0
            }
            remote = remoteFile {
              id = "AgACAgIAAx0CU63j0gACGSxizEswhcPwdzlfLx8Xde5gtWRCEQACh70xG_U2UEq8fYoVJWE4pAEAAwIAA3gAAykE"
              unique_id = "AQADh70xG_U2UEp9"
              is_uploading_active = false
              is_uploading_completed = true
              uploaded_size = 102023
            }
          }
          width = 736
          height = 736
          progressive_sizes = vector[0] {
          }
        }
      }
    }
    caption = formattedText {
      text = "ожидание: работа от выходных до выходных 

реальность: узнаёшь, что такое саморазвитие, выбираешь себя, находишь любимое дело, имеешь финансовую независимость, здоровую психику, каждый день узнаёшь что-то новое и общаешься с успешными людьми, пассивная жизнь больше не про тебя
#мотивация"
      entities = vector[3] {
        textEntity {
          offset = 0
          length = 9
          type = textEntityTypeBold {
          }
        }
        textEntity {
          offset = 43
          length = 11
          type = textEntityTypeBold {
          }
        }
        textEntity {
          offset = 278
          length = 10
          type = textEntityTypeHashtag {
          }
        }
      }
    }
    is_secret = false
  }
  reply_markup = replyMarkupInlineKeyboard {
    rows = vector[1] {
      vector[2] {
        inlineKeyboardButton {
          text = "👍🏻 497"
          type = inlineKeyboardButtonTypeCallback {
            data = bytes [53] { 63 6F 75 6E 74 76 33 3A 2D 31 30 30 31 34 30 33 39 30 34 39 37 38 2F 36 32 63 61 37 30 31 39 33 62 61 30 33 35 35 35 61 61 36 65 64 63 63 37 3A 48 55 6C 3A 30 }
          }
        }
        inlineKeyboardButton {
          text = "👎🏻 13"
          type = inlineKeyboardButtonTypeCallback {
            data = bytes [53] { 63 6F 75 6E 74 76 33 3A 2D 31 30 30 31 34 30 33 39 30 34 39 37 38 2F 36 32 63 61 37 30 31 39 33 62 61 30 33 35 35 35 61 61 36 65 64 63 63 37 3A 48 55 6C 3A 31 }
          }
        }
      }
    }
  }
}
[ 1][t 3][1657555799.244010686][MessagesManager.cpp:34229][#1][!Td]	Ignore server message 6444 in chat -1001403904978 received not through update from updateEditChannelMessage. The maximum allowed is server message 6424, last is server message 6424, being added message is invalid message 0, channel difference chat 0 message {
  id = 6757023744
  sender_id = messageSenderChat {
    chat_id = -1001403904978
  }
  chat_id = -1001403904978
  sending_state = null
  scheduling_state = null
  is_outgoing = false
  is_pinned = false
  can_be_edited = false
  can_be_forwarded = true
  can_be_saved = true
  can_be_deleted_only_for_self = false
  can_be_deleted_for_all_users = false
  can_get_added_reactions = false
  can_get_statistics = false
  can_get_message_thread = false
  can_get_viewers = false
  can_get_media_timestamp_links = true
  has_timestamped_media = true
  is_channel_post = true
  contains_unread_mention = false
  date = 1657537562
  edit_date = 0
  forward_info = null
  interaction_info = messageInteractionInfo {
    view_count = 6192
    forward_count = 46
    reply_info = null
    reactions = vector[0] {
    }
  }
  unread_reactions = vector[0] {
  }
  reply_in_chat_id = 0
  reply_to_message_id = 0
  message_thread_id = 0
  ttl = 0
  ttl_expires_in = 0.000000
  via_bot_user_id = 0
  author_signature = ""
  media_album_id = 0
  restriction_reason = ""
  content = messagePhoto {
    photo = photo {
      has_stickers = false
      minithumbnail = minithumbnail {
        width = 40
        height = 40
        data = bytes [823] { FF D8 FF E0 00 10 4A 46 49 46 00 01 01 00 00 01 00 01 00 00 FF DB 00 43 00 28 1C 1E 23 1E 19 28 23 21 23 2D 2B 28 30 3C 64 41 3C 37 37 3C 7B 58 5D 49 64 91 80 99 96 8F 80 8C 8A A0 B4 E6 C3 A0 ...}
      }
      sizes = vector[2] {
        photoSize {
          type = "m"
          photo = file {
            id = 668
            size = 30934
            expected_size = 30934
            local = localFile {
              path = ""
              can_be_downloaded = true
              can_be_deleted = false
              is_downloading_active = false
              is_downloading_completed = false
              download_offset = 0
              downloaded_prefix_size = 0
              downloaded_size = 0
            }
            remote = remoteFile {
              id = "AgACAgIAAx0CU63j0gACGSxizEtOVdGcFe8vwbFzMWX4j1oqXAACh70xG_U2UEq8fYoVJWE4pAEAAwIAA20AAykE"
              unique_id = "AQADh70xG_U2UEpy"
              is_uploading_active = false
              is_uploading_completed = true
              uploaded_size = 30934
            }
          }
          width = 320
          height = 320
          progressive_sizes = vector[0] {
          }
        }
        photoSize {
          type = "x"
          photo = file {
            id = 669
            size = 102023
            expected_size = 102023
            local = localFile {
              path = ""
              can_be_downloaded = true
              can_be_deleted = false
              is_downloading_active = false
              is_downloading_completed = false
              download_offset = 0
              downloaded_prefix_size = 0
              downloaded_size = 0
            }
            remote = remoteFile {
              id = "AgACAgIAAx0CU63j0gACGSxizEtOVdGcFe8vwbFzMWX4j1oqXAACh70xG_U2UEq8fYoVJWE4pAEAAwIAA3gAAykE"
              unique_id = "AQADh70xG_U2UEp9"
              is_uploading_active = false
              is_uploading_completed = true
              uploaded_size = 102023
            }
          }
          width = 736
          height = 736
          progressive_sizes = vector[0] {
          }
        }
      }
    }
    caption = formattedText {
      text = "ожидание: работа от выходных до выходных 

реальность: узнаёшь, что такое саморазвитие, выбираешь себя, находишь любимое дело, имеешь финансовую независимость, здоровую психику, каждый день узнаёшь что-то новое и общаешься с успешными людьми, пассивная жизнь больше не про тебя
#мотивация"
      entities = vector[3] {
        textEntity {
          offset = 0
          length = 9
          type = textEntityTypeBold {
          }
        }
        textEntity {
          offset = 43
          length = 11
          type = textEntityTypeBold {
          }
        }
        textEntity {
          offset = 278
          length = 10
          type = textEntityTypeHashtag {
          }
        }
      }
    }
    is_secret = false
  }
  reply_markup = replyMarkupInlineKeyboard {
    rows = vector[1] {
      vector[2] {
        inlineKeyboardButton {
          text = "👍🏻 498"
          type = inlineKeyboardButtonTypeCallback {
            data = bytes [53] { 63 6F 75 6E 74 76 33 3A 2D 31 30 30 31 34 30 33 39 30 34 39 37 38 2F 36 32 63 61 37 30 31 39 33 62 61 30 33 35 35 35 61 61 36 65 64 63 63 37 3A 48 55 6C 3A 30 }
          }
        }
        inlineKeyboardButton {
          text = "👎🏻 13"
          type = inlineKeyboardButtonTypeCallback {
            data = bytes [53] { 63 6F 75 6E 74 76 33 3A 2D 31 30 30 31 34 30 33 39 30 34 39 37 38 2F 36 32 63 61 37 30 31 39 33 62 61 30 33 35 35 35 61 61 36 65 64 63 63 37 3A 48 55 6C 3A 31 }
          }
        }
      }
    }
  }
}
[ 1][t 3][1657555799.244449615][MessagesManager.cpp:34229][#1][!Td]	Ignore server message 6436 in chat -1001403904978 received not through update from updateEditChannelMessage. The maximum allowed is server message 6424, last is server message 6424, being added message is invalid message 0, channel difference chat 0 message {
  id = 6748635136
  sender_id = messageSenderChat {
    chat_id = -1001403904978
  }
  chat_id = -1001403904978
  sending_state = null
  scheduling_state = null
  is_outgoing = false
  is_pinned = false
  can_be_edited = false
  can_be_forwarded = true
  can_be_saved = true
  can_be_deleted_only_for_self = false
  can_be_deleted_for_all_users = false
  can_get_added_reactions = false
  can_get_statistics = false
  can_get_message_thread = false
  can_get_viewers = false
  can_get_media_timestamp_links = true
  has_timestamped_media = true
  is_channel_post = true
  contains_unread_mention = false
  date = 1657515921
  edit_date = 0
  forward_info = null
  interaction_info = messageInteractionInfo {
    view_count = 9008
    forward_count = 123
    reply_info = null
    reactions = vector[0] {
    }
  }
  unread_reactions = vector[0] {
  }
  reply_in_chat_id = 0
  reply_to_message_id = 0
  message_thread_id = 0
  ttl = 0
  ttl_expires_in = 0.000000
  via_bot_user_id = 0
  author_signature = ""
  media_album_id = 0
  restriction_reason = ""
  content = messagePhoto {
    photo = photo {
      has_stickers = false
      minithumbnail = minithumbnail {
        width = 40
        height = 40
        data = bytes [824] { FF D8 FF E0 00 10 4A 46 49 46 00 01 01 00 00 01 00 01 00 00 FF DB 00 43 00 28 1C 1E 23 1E 19 28 23 21 23 2D 2B 28 30 3C 64 41 3C 37 37 3C 7B 58 5D 49 64 91 80 99 96 8F 80 8C 8A A0 B4 E6 C3 A0 ...}
      }
      sizes = vector[2] {
        photoSize {
          type = "m"
          photo = file {
            id = 662
            size = 28463
            expected_size = 28463
            local = localFile {
              path = ""
              can_be_downloaded = true
              can_be_deleted = false
              is_downloading_active = false
              is_downloading_completed = false
              download_offset = 0
              downloaded_prefix_size = 0
              downloaded_size = 0
            }
            remote = remoteFile {
              id = "AgACAgIAAx0CU63j0gACGSRizEtUh2N72K0jYQPVs-q_UHnJCgAChr0xG_U2UEpkcdPmXtFPFgEAAwIAA20AAykE"
              unique_id = "AQADhr0xG_U2UEpy"
              is_uploading_active = false
              is_uploading_completed = true
              uploaded_size = 28463
            }
          }
          width = 320
          height = 320
          progressive_sizes = vector[0] {
          }
        }
        photoSize {
          type = "x"
          photo = file {
            id = 663
            size = 92975
            expected_size = 92975
            local = localFile {
              path = ""
              can_be_downloaded = true
              can_be_deleted = false
              is_downloading_active = false
              is_downloading_completed = false
              download_offset = 0
              downloaded_prefix_size = 0
              downloaded_size = 0
            }
            remote = remoteFile {
              id = "AgACAgIAAx0CU63j0gACGSRizEtUh2N72K0jYQPVs-q_UHnJCgAChr0xG_U2UEpkcdPmXtFPFgEAAwIAA3gAAykE"
              unique_id = "AQADhr0xG_U2UEp9"
              is_uploading_active = false
              is_uploading_completed = true
              uploaded_size = 92975
            }
          }
          width = 736
          height = 736
          progressive_sizes = vector[0] {
          }
        }
      }
    }
    caption = formattedText {
      text = "📌ВАЖНОЕ НАПОМИНАНИЕ: 

ты молодец, ты у себя такая умничка, и не важно, если сегодня у тебя прошёл не такой уж и продуктивный день, главное, ты стараешься, я вижу, как ты стараешься, я вижу, как ты мечтаешь, я вижу, как ты стремишься, и поэтому ты молодец. 
#мотивация"
      entities = vector[2] {
        textEntity {
          offset = 2
          length = 20
          type = textEntityTypeBold {
          }
        }
        textEntity {
          offset = 259
          length = 10
          type = textEntityTypeHashtag {
          }
        }
      }
    }
    is_secret = false
  }
  reply_markup = replyMarkupInlineKeyboard {
    rows = vector[1] {
      vector[2] {
        inlineKeyboardButton {
          text = "👍🏻 936"
          type = inlineKeyboardButtonTypeCallback {
            data = bytes [53] { 63 6F 75 6E 74 76 33 3A 2D 31 30 30 31 34 30 33 39 30 34 39 37 38 2F 36 32 63 61 36 66 66 62 34 65 33 64 38 38 61 66 61 66 36 63 30 33 35 34 3A 48 55 6C 3A 30 }
          }
        }
        inlineKeyboardButton {
          text = "👎🏻 10"
          type = inlineKeyboardButtonTypeCallback {
            data = bytes [53] { 63 6F 75 6E 74 76 33 3A 2D 31 30 30 31 34 30 33 39 30 34 39 37 38 2F 36 32 63 61 36 66 66 62 34 65 33 64 38 38 61 66 61 66 36 63 30 33 35 34 3A 48 55 6C 3A 31 }
          }
        }
      }
    }
  }
}
[ 1][t 3][1657555873.363745450][MessagesManager.cpp:12025][#1][!Td]	Receive hint_unread_count = 24, but found 10 unread messages in chat -1001797066937
[ 1][t 4][1657628507.469256877][MessagesManager.cpp:34750][#1][!Td]	Can't attach server message 2671 from do_delete_message from database before server message 2674 and after server message 2660 in chat -1001204510944
[ 1][t 4][1657628508.122759819][MessagesManager.cpp:34229][#1][!Td]	Ignore server message 155 in chat -1001777299783 received not through update from updateEditChannelMessage. The maximum allowed is server message 153, last is server message 153, being added message is invalid message 0, channel difference chat -1001777299783 message {
  id = 162529280
  sender_id = messageSenderChat {
    chat_id = -1001777299783
  }
  chat_id = -1001777299783
  sending_state = null
  scheduling_state = null
  is_outgoing = false
  is_pinned = false
  can_be_edited = false
  can_be_forwarded = true
  can_be_saved = true
  can_be_deleted_only_for_self = false
  can_be_deleted_for_all_users = false
  can_get_added_reactions = false
  can_get_statistics = false
  can_get_message_thread = true
  can_get_viewers = false
  can_get_media_timestamp_links = true
  has_timestamped_media = true
  is_channel_post = true
  contains_unread_mention = false
  date = 1657542703
  edit_date = 0
  forward_info = null
  interaction_info = messageInteractionInfo {
    view_count = 18
    forward_count = 0
    reply_info = messageReplyInfo {
      reply_count = 1
      recent_replier_ids = vector[1] {
        messageSenderUser {
          user_id = 316088191
        }
      }
      last_read_inbox_message_id = 0
      last_read_outbox_message_id = 0
      last_message_id = 450887680
    }
    reactions = vector[2] {
      messageReaction {
        reaction = "❤"
        total_count = 2
        is_chosen = false
        recent_sender_ids = vector[0] {
        }
      }
      messageReaction {
        reaction = "😢"
        total_count = 1
        is_chosen = false
        recent_sender_ids = vector[0] {
        }
      }
    }
  }
  unread_reactions = vector[0] {
  }
  reply_in_chat_id = 0
  reply_to_message_id = 0
  message_thread_id = 0
  ttl = 0
  ttl_expires_in = 0.000000
  via_bot_user_id = 0
  author_signature = ""
  media_album_id = 0
  restriction_reason = ""
  content = messageText {
    text = formattedText {
      text = "Sometimes I wish that I could wish it all away
One more rainy day"
      entities = vector[0] {
      }
    }
    web_page = null
  }
  reply_markup = null
}
[ 1][t 4][1657628508.124190092][MessagesManager.cpp:34750][#1][!Td]	Can't attach server message 222 from updateEditChannelMessage from database before server message 223 and after server message 213 in chat -1001664019402
[ 1][t 4][1657628508.129241466][MessagesManager.cpp:34750][#1][!Td]	Can't attach server message 2016 from update_dialog_pinned_messages_from_updates from database before server message 2019 and after server message 2011 in chat -1001380726321
[ 1][t 3][1657628601.219084739][MessagesManager.cpp:12141][#1][!Td]	Have unknown 1 unread messages up to server message 2674 in chat -1001204510944 with last_new_message_id = server message 2660, last_message_id = server message 2660, last_database_message_id = server message 2660 from set_channel_pts
[ 1][t 3][1657628601.254987716][MessagesManager.cpp:34750][#1][!Td]	Can't attach server message 2016 from update_dialog_pinned_messages_from_updates from database before server message 2019 and after server message 2011 in chat -1001380726321
[ 1][t 3][1657628601.257100582][MessagesManager.cpp:34229][#1][!Td]	Ignore server message 155 in chat -1001777299783 received not through update from updateEditChannelMessage. The maximum allowed is server message 153, last is server message 153, being added message is invalid message 0, channel difference chat -1001777299783 message {
  id = 162529280
  sender_id = messageSenderChat {
    chat_id = -1001777299783
  }
  chat_id = -1001777299783
  sending_state = null
  scheduling_state = null
  is_outgoing = false
  is_pinned = false
  can_be_edited = false
  can_be_forwarded = true
  can_be_saved = true
  can_be_deleted_only_for_self = false
  can_be_deleted_for_all_users = false
  can_get_added_reactions = false
  can_get_statistics = false
  can_get_message_thread = true
  can_get_viewers = false
  can_get_media_timestamp_links = true
  has_timestamped_media = true
  is_channel_post = true
  contains_unread_mention = false
  date = 1657542703
  edit_date = 0
  forward_info = null
  interaction_info = messageInteractionInfo {
    view_count = 18
    forward_count = 0
    reply_info = messageReplyInfo {
      reply_count = 1
      recent_replier_ids = vector[1] {
        messageSenderUser {
          user_id = 316088191
        }
      }
      last_read_inbox_message_id = 0
      last_read_outbox_message_id = 0
      last_message_id = 450887680
    }
    reactions = vector[2] {
      messageReaction {
        reaction = "❤"
        total_count = 2
        is_chosen = false
        recent_sender_ids = vector[0] {
        }
      }
      messageReaction {
        reaction = "😢"
        total_count = 1
        is_chosen = false
        recent_sender_ids = vector[0] {
        }
      }
    }
  }
  unread_reactions = vector[0] {
  }
  reply_in_chat_id = 0
  reply_to_message_id = 0
  message_thread_id = 0
  ttl = 0
  ttl_expires_in = 0.000000
  via_bot_user_id = 0
  author_signature = ""
  media_album_id = 0
  restriction_reason = ""
  content = messageText {
    text = formattedText {
      text = "Sometimes I wish that I could wish it all away
One more rainy day"
      entities = vector[0] {
      }
    }
    web_page = null
  }
  reply_markup = null
}
[ 1][t 3][1657628601.273946285][MessagesManager.cpp:34750][#1][!Td]	Can't attach server message 222 from updateEditChannelMessage from database before server message 223 and after server message 213 in chat -1001664019402
